Component: ARM Compiler 5.06 update 7 (build 960) Tool: armlink [4d3601]

==============================================================================

Section Cross References

    main.o(i.main) refers to stm32f4xx_hal.o(i.HAL_Init) for HAL_Init
    main.o(i.main) refers to sys.o(i.Stm32_Clock_Init) for Stm32_Clock_Init
    main.o(i.main) refers to delay.o(i.delay_init) for delay_init
    main.o(i.main) refers to usart.o(i.uart_init) for uart_init
    main.o(i.main) refers to led.o(i.LED_Init) for LED_Init
    main.o(i.main) refers to key.o(i.KEY_Init) for KEY_Init
    main.o(i.main) refers to sdram.o(i.SDRAM_Init) for SDRAM_Init
    main.o(i.main) refers to lcd.o(i.LCD_Init) for LCD_Init
    main.o(i.main) refers to adc.o(i.MY_ADC_Init) for MY_ADC_Init
    main.o(i.main) refers to dac.o(i.DAC1_Init) for DAC1_Init
    main.o(i.main) refers to lcd.o(i.LCD_ShowString) for LCD_ShowString
    main.o(i.main) refers to key.o(i.KEY_Scan) for KEY_Scan
    main.o(i.main) refers to dac.o(i.DAC1_Generate_Wave) for DAC1_Generate_Wave
    main.o(i.main) refers to lcd.o(i.LCD_ShowxNum) for LCD_ShowxNum
    main.o(i.main) refers to delay.o(i.delay_ms) for delay_ms
    main.o(i.main) refers to usmart_config.o(.data) for usmart_dev
    main.o(i.main) refers to lcd.o(.data) for POINT_COLOR
    stm32f4xx_it.o(i.SysTick_Handler) refers to stm32f4xx_hal.o(i.HAL_IncTick) for HAL_IncTick
    system_stm32f4xx.o(i.SystemCoreClockUpdate) refers to system_stm32f4xx.o(.data) for .data
    startup_stm32f429xx.o(STACK) refers (Special) to heapauxi.o(.text) for __use_two_region_memory
    startup_stm32f429xx.o(HEAP) refers (Special) to heapauxi.o(.text) for __use_two_region_memory
    startup_stm32f429xx.o(RESET) refers (Special) to heapauxi.o(.text) for __use_two_region_memory
    startup_stm32f429xx.o(RESET) refers to startup_stm32f429xx.o(STACK) for __initial_sp
    startup_stm32f429xx.o(RESET) refers to startup_stm32f429xx.o(.text) for Reset_Handler
    startup_stm32f429xx.o(RESET) refers to stm32f4xx_it.o(i.NMI_Handler) for NMI_Handler
    startup_stm32f429xx.o(RESET) refers to stm32f4xx_it.o(i.HardFault_Handler) for HardFault_Handler
    startup_stm32f429xx.o(RESET) refers to stm32f4xx_it.o(i.MemManage_Handler) for MemManage_Handler
    startup_stm32f429xx.o(RESET) refers to stm32f4xx_it.o(i.BusFault_Handler) for BusFault_Handler
    startup_stm32f429xx.o(RESET) refers to stm32f4xx_it.o(i.UsageFault_Handler) for UsageFault_Handler
    startup_stm32f429xx.o(RESET) refers to stm32f4xx_it.o(i.SVC_Handler) for SVC_Handler
    startup_stm32f429xx.o(RESET) refers to stm32f4xx_it.o(i.DebugMon_Handler) for DebugMon_Handler
    startup_stm32f429xx.o(RESET) refers to stm32f4xx_it.o(i.PendSV_Handler) for PendSV_Handler
    startup_stm32f429xx.o(RESET) refers to stm32f4xx_it.o(i.SysTick_Handler) for SysTick_Handler
    startup_stm32f429xx.o(RESET) refers to usmart.o(i.TIM4_IRQHandler) for TIM4_IRQHandler
    startup_stm32f429xx.o(RESET) refers to usart.o(i.USART1_IRQHandler) for USART1_IRQHandler
    startup_stm32f429xx.o(.text) refers (Special) to heapauxi.o(.text) for __use_two_region_memory
    startup_stm32f429xx.o(.text) refers to system_stm32f4xx.o(i.SystemInit) for SystemInit
    startup_stm32f429xx.o(.text) refers to __main.o(!!!main) for __main
    startup_stm32f429xx.o(.text) refers to startup_stm32f429xx.o(HEAP) for Heap_Mem
    startup_stm32f429xx.o(.text) refers to startup_stm32f429xx.o(STACK) for Stack_Mem
    stm32f4xx_hal.o(i.HAL_DeInit) refers to stm32f4xx_hal.o(i.HAL_MspDeInit) for HAL_MspDeInit
    stm32f4xx_hal.o(i.HAL_Delay) refers to stm32f4xx_hal.o(i.HAL_GetTick) for HAL_GetTick
    stm32f4xx_hal.o(i.HAL_GetTick) refers to stm32f4xx_hal.o(.data) for .data
    stm32f4xx_hal.o(i.HAL_IncTick) refers to stm32f4xx_hal.o(.data) for .data
    stm32f4xx_hal.o(i.HAL_Init) refers to stm32f4xx_hal_cortex.o(i.HAL_NVIC_SetPriorityGrouping) for HAL_NVIC_SetPriorityGrouping
    stm32f4xx_hal.o(i.HAL_Init) refers to stm32f4xx_hal.o(i.HAL_InitTick) for HAL_InitTick
    stm32f4xx_hal.o(i.HAL_Init) refers to stm32f4xx_hal.o(i.HAL_MspInit) for HAL_MspInit
    stm32f4xx_hal.o(i.HAL_InitTick) refers to stm32f4xx_hal_rcc.o(i.HAL_RCC_GetHCLKFreq) for HAL_RCC_GetHCLKFreq
    stm32f4xx_hal.o(i.HAL_InitTick) refers to stm32f4xx_hal_cortex.o(i.HAL_SYSTICK_Config) for HAL_SYSTICK_Config
    stm32f4xx_hal.o(i.HAL_InitTick) refers to stm32f4xx_hal_cortex.o(i.HAL_NVIC_SetPriority) for HAL_NVIC_SetPriority
    stm32f4xx_hal_cortex.o(i.HAL_NVIC_SetPriority) refers to stm32f4xx_hal_cortex.o(i.NVIC_SetPriority) for NVIC_SetPriority
    stm32f4xx_hal_cortex.o(i.HAL_SYSTICK_Config) refers to stm32f4xx_hal_cortex.o(i.NVIC_SetPriority) for NVIC_SetPriority
    stm32f4xx_hal_cortex.o(i.HAL_SYSTICK_IRQHandler) refers to stm32f4xx_hal_cortex.o(i.HAL_SYSTICK_Callback) for HAL_SYSTICK_Callback
    stm32f4xx_hal_gpio.o(i.HAL_GPIO_EXTI_IRQHandler) refers to stm32f4xx_hal_gpio.o(i.HAL_GPIO_EXTI_Callback) for HAL_GPIO_EXTI_Callback
[...]
    i.usmart_search_nextc                    0x08007890   Section        0  usmart_str.o(i.usmart_search_nextc)
    i.usmart_str2num                         0x080078a0   Section        0  usmart_str.o(i.usmart_str2num)
    i.usmart_strcmp                          0x08007940   Section        0  usmart_str.o(i.usmart_strcmp)
    i.usmart_strcopy                         0x08007958   Section        0  usmart_str.o(i.usmart_strcopy)
    i.usmart_strlen                          0x0800796a   Section        0  usmart_str.o(i.usmart_strlen)
    i.usmart_sys_cmd_exe                     0x0800797c   Section        0  usmart.o(i.usmart_sys_cmd_exe)
    i.write_addr                             0x08007ffc   Section        0  usmart.o(i.write_addr)
    x$fpl$basic                              0x08008000   Section       24  basic.o(x$fpl$basic)
    $v0                                      0x08008000   Number         0  basic.o(x$fpl$basic)
    x$fpl$dadd                               0x08008018   Section      336  daddsub_clz.o(x$fpl$dadd)
    $v0                                      0x08008018   Number         0  daddsub_clz.o(x$fpl$dadd)
    _dadd1                                   0x08008029   Thumb Code     0  daddsub_clz.o(x$fpl$dadd)
    x$fpl$ddiv                               0x08008168   Section      688  ddiv.o(x$fpl$ddiv)
    $v0                                      0x08008168   Number         0  ddiv.o(x$fpl$ddiv)
    ddiv_entry                               0x0800816f   Thumb Code     0  ddiv.o(x$fpl$ddiv)
    x$fpl$dfix                               0x08008418   Section       94  dfix.o(x$fpl$dfix)
    $v0                                      0x08008418   Number         0  dfix.o(x$fpl$dfix)
    x$fpl$dfixu                              0x08008478   Section       90  dfixu.o(x$fpl$dfixu)
    $v0                                      0x08008478   Number         0  dfixu.o(x$fpl$dfixu)
    x$fpl$dflt                               0x080084d2   Section       46  dflt_clz.o(x$fpl$dflt)
    $v0                                      0x080084d2   Number         0  dflt_clz.o(x$fpl$dflt)
    x$fpl$dfltu                              0x08008500   Section       38  dflt_clz.o(x$fpl$dfltu)
    $v0                                      0x08008500   Number         0  dflt_clz.o(x$fpl$dfltu)
    x$fpl$dmul                               0x08008528   Section      340  dmul.o(x$fpl$dmul)
    $v0                                      0x08008528   Number         0  dmul.o(x$fpl$dmul)
    x$fpl$dnaninf                            0x0800867c   Section      156  dnaninf.o(x$fpl$dnaninf)
    $v0                                      0x0800867c   Number         0  dnaninf.o(x$fpl$dnaninf)
    x$fpl$dretinf                            0x08008718   Section       12  dretinf.o(x$fpl$dretinf)
    $v0                                      0x08008718   Number         0  dretinf.o(x$fpl$dretinf)
    x$fpl$drsb                               0x08008724   Section       22  daddsub_clz.o(x$fpl$drsb)
    $v0                                      0x08008724   Number         0  daddsub_clz.o(x$fpl$drsb)
    x$fpl$dsub                               0x0800873c   Section      468  daddsub_clz.o(x$fpl$dsub)
    $v0                                      0x0800873c   Number         0  daddsub_clz.o(x$fpl$dsub)
    _dsub1                                   0x0800874d   Thumb Code     0  daddsub_clz.o(x$fpl$dsub)
    x$fpl$fpinit                             0x08008910   Section       10  fpinit.o(x$fpl$fpinit)
    $v0                                      0x08008910   Number         0  fpinit.o(x$fpl$fpinit)
    .constdata                               0x0800891a   Section       16  stm32f4xx_hal_rcc.o(.constdata)
    x$fpl$usenofp                            0x0800891a   Section        0  usenofp.o(x$fpl$usenofp)
    .constdata                               0x0800892a   Section    18240  lcd.o(.constdata)
    .constdata                               0x0800d06a   Section       40  _printf_hex_int.o(.constdata)
    uc_hextab                                0x0800d06a   Data          20  _printf_hex_int.o(.constdata)
    lc_hextab                                0x0800d07e   Data          20  _printf_hex_int.o(.constdata)
    .constdata                               0x0800d092   Section       17  __printf_flags_ss_wp.o(.constdata)
    maptable                                 0x0800d092   Data          17  __printf_flags_ss_wp.o(.constdata)
    .constdata                               0x0800d0a8   Section       48  cos_i.o(.constdata)
    C                                        0x0800d0a8   Data          48  cos_i.o(.constdata)
    .constdata                               0x0800d0d8   Section      200  rred.o(.constdata)
    pio2s                                    0x0800d0d8   Data          48  rred.o(.constdata)
    twooverpi                                0x0800d108   Data         152  rred.o(.constdata)
    .constdata                               0x0800d1a0   Section       40  sin_i.o(.constdata)
    S                                        0x0800d1a0   Data          40  sin_i.o(.constdata)
    .conststring                             0x0800d1c8   Section       40  usmart.o(.conststring)
    .conststring                             0x0800d1f0   Section       88  usmart_config.o(.conststring)
    .data                                    0x20000000   Section       20  system_stm32f4xx.o(.data)
    .data                                    0x20000014   Section        4  stm32f4xx_hal.o(.data)
    uwTick                                   0x20000014   Data           4  stm32f4xx_hal.o(.data)
    .data                                    0x20000018   Section        4  delay.o(.data)
    fac_us                                   0x20000018   Data           4  delay.o(.data)
    .data                                    0x2000001c   Section        2  usart.o(.data)
    .data                                    0x20000020   Section        4  usart.o(.data)
    .data                                    0x20000024   Section        1  key.o(.data)
    key_up                                   0x20000024   Data           1  key.o(.data)
    .data                                    0x20000028   Section        8  lcd.o(.data)
    .data                                    0x20000030   Section        8  ltdc.o(.data)
    .data                                    0x20000038   Section        2  dac.o(.data)
    phase                                    0x20000038   Data           2  dac.o(.data)
    .data                                    0x2000003c   Section       28  usmart.o(.data)
    .data                                    0x20000058   Section       24  usmart_config.o(.data)
    .data                                    0x20000070   Section      244  usmart_config.o(.data)
    .bss                                     0x20000164   Section      264  usart.o(.bss)
    .bss                                     0x2000026c   Section       94  lcd.o(.bss)
    .bss                                     0x200002cc   Section       52  sdram.o(.bss)
    .bss                                     0x20000300   Section      200  ltdc.o(.bss)
    .bss                                     0x200003c8   Section       68  adc.o(.bss)
    .bss                                     0x2000040c   Section       20  dac.o(.bss)
    .bss                                     0x20000420   Section       60  usmart.o(.bss)
    .bss                                     0x2000045c   Section       96  libspace.o(.bss)
    HEAP                                     0x200004c0   Section      512  startup_stm32f429xx.o(HEAP)
    Heap_Mem                                 0x200004c0   Data         512  startup_stm32f429xx.o(HEAP)
    STACK                                    0x200006c0   Section     1024  startup_stm32f429xx.o(STACK)
    Stack_Mem                                0x200006c0   Data        1024  startup_stm32f429xx.o(STACK)
    __initial_sp                             0x20000ac0   Data           0  startup_stm32f429xx.o(STACK)
    .ARM.__AT_0xC0000000                     0xc0000000   Section    2048000  ltdc.o(.ARM.__AT_0xC0000000)

    Global Symbols

    Symbol Name                              Value     Ov Type        Size  Object(Section)

    BuildAttributes$$THM_ISAv4$E$P$D$K$B$S$7EM$VFPi3$EXTD16$VFPS$VFMA$PE$A:L22UL41UL21$X:L11$S22US41US21$IEEE1$IW$USESV6$~STKCKD$USESV7$~SHL$OTIME$ROPI$IEEEX$EBA8$UX$STANDARDLIB$REQ8$PRES8$EABIv2 0x00000000   Number         0  anon$$obj.o ABSOLUTE
    __ARM_use_no_argv                        0x00000000   Number         0  main.o ABSOLUTE
    _printf_flags                            0x00000000   Number         0  printf_stubs.o ABSOLUTE
    _printf_return_value                     0x00000000   Number         0  printf_stubs.o ABSOLUTE
    _printf_sizespec                         0x00000000   Number         0  printf_stubs.o ABSOLUTE
    _printf_widthprec                        0x00000000   Number         0  printf_stubs.o ABSOLUTE
    __ARM_exceptions_init                     - Undefined Weak Reference
    __alloca_initialize                       - Undefined Weak Reference
    __arm_fini_                               - Undefined Weak Reference
    __arm_preinit_                            - Undefined Weak Reference
    __cpp_initialize__aeabi_                  - Undefined Weak Reference
    __cxa_finalize                            - Undefined Weak Reference
    __rt_locale                               - Undefined Weak Reference
    __sigvec_lookup                           - Undefined Weak Reference
    _atexit_init                              - Undefined Weak Reference
    _call_atexit_fns                          - Undefined Weak Reference
    _clock_init                               - Undefined Weak Reference
    _fp_trap_init                             - Undefined Weak Reference
    _fp_trap_shutdown                         - Undefined Weak Reference
    _get_lc_collate                           - Undefined Weak Reference
    _get_lc_ctype                             - Undefined Weak Reference
    _get_lc_monetary                          - Undefined Weak Reference
    _get_lc_numeric                           - Undefined Weak Reference
    _get_lc_time                              - Undefined Weak Reference
    _getenv_init                              - Undefined Weak Reference
    _handle_redirection                       - Undefined Weak Reference
    _init_alloc                               - Undefined Weak Reference
    _init_user_alloc                          - Undefined Weak Reference
    _initio                                   - Undefined Weak Reference
    _mutex_acquire                            - Undefined Weak Reference
    _mutex_release                            - Undefined Weak Reference
    _printf_mbtowc                            - Undefined Weak Reference
    _printf_truncate_signed                   - Undefined Weak Reference
    _printf_truncate_unsigned                 - Undefined Weak Reference
    _rand_init                                - Undefined Weak Reference
    _signal_finish                            - Undefined Weak Reference
    _signal_init                              - Undefined Weak Reference
    _terminate_alloc                          - Undefined Weak Reference
    _terminate_user_alloc                     - Undefined Weak Reference
    _terminateio                              - Undefined Weak Reference
    __Vectors_Size                           0x000001ac   Number         0  startup_stm32f429xx.o ABSOLUTE
    __Vectors                                0x08000000   Data           4  startup_stm32f429xx.o(RESET)
    __Vectors_End                            0x080001ac   Data           0  startup_stm32f429xx.o(RESET)
    __main                                   0x080001ad   Thumb Code     8  __main.o(!!!main)
    __scatterload                            0x080001b5   Thumb Code     0  __scatter.o(!!!scatter)
    __scatterload_rt2                        0x080001b5   Thumb Code    44  __scatter.o(!!!scatter)
    __scatterload_rt2_thumb_only             0x080001b5   Thumb Code     0  __scatter.o(!!!scatter)
    __scatterload_null                       0x080001c3   Thumb Code     0  __scatter.o(!!!scatter)
    __decompress                             0x080001e9   Thumb Code    90  __dczerorl2.o(!!dczerorl2)
    __decompress1                            0x080001e9   Thumb Code     0  __dczerorl2.o(!!dczerorl2)
    __scatterload_zeroinit                   0x08000245   Thumb Code    28  __scatter_zi.o(!!handler_zi)
    _printf_d                                0x08000261   Thumb Code     0  _printf_d.o(.ARM.Collect$$_printf_percent$$00000009)
    _printf_percent                          0x08000261   Thumb Code     0  _printf_percent.o(.ARM.Collect$$_printf_percent$$00000000)
    _printf_u                                0x08000267   Thumb Code     0  _printf_u.o(.ARM.Collect$$_printf_percent$$0000000A)
    _printf_x                                0x0800026d   Thumb Code     0  _printf_x.o(.ARM.Collect$$_printf_percent$$0000000C)
    _printf_c                                0x08000273   Thumb Code     0  _printf_c.o(.ARM.Collect$$_printf_percent$$00000013)
    _printf_s                                0x08000279   Thumb Code     0  _printf_s.o(.ARM.Collect$$_printf_percent$$00000014)
    _printf_percent_end                      0x0800027f   Thumb Code     0  _printf_percent_end.o(.ARM.Collect$$_printf_percent$$00000017)
    __rt_lib_init                            0x08000283   Thumb Code     0  libinit.o(.ARM.Collect$$libinit$$00000000)
    __rt_lib_init_fp_1                       0x08000285   Thumb Code     0  libinit2.o(.ARM.Collect$$libinit$$00000001)
    __rt_lib_init_alloca_1                   0x08000289   Thumb Code     0  libinit2.o(.ARM.Collect$$libinit$$0000002E)
    __rt_lib_init_argv_1                     0x08000289   Thumb Code     0  libinit2.o(.ARM.Collect$$libinit$$0000002C)
    __rt_lib_init_atexit_1                   0x08000289   Thumb Code     0  libinit2.o(.ARM.Collect$$libinit$$0000001B)
    __rt_lib_init_clock_1                    0x08000289   Thumb Code     0  libinit2.o(.ARM.Collect$$libinit$$00000021)
    __rt_lib_init_cpp_1                      0x08000289   Thumb Code     0  libinit2.o(.ARM.Collect$$libinit$$00000032)
    __rt_lib_init_exceptions_1               0x08000289   Thumb Code     0  libinit2.o(.ARM.Collect$$libinit$$00000030)
    __rt_lib_init_fp_trap_1                  0x08000289   Thumb Code     0  libinit2.o(.ARM.Collect$$libinit$$0000001F)
    __rt_lib_init_getenv_1                   0x08000289   Thumb Code     0  libinit2.o(.ARM.Collect$$libinit$$00000023)
    __rt_lib_init_heap_1                     0x08000289   Thumb Code     0  libinit2.o(.ARM.Collect$$libinit$$0000000A)
    __rt_lib_init_lc_collate_1               0x08000289   Thumb Code     0  libinit2.o(.ARM.Collect$$libinit$$00000011)
    __rt_lib_init_lc_ctype_1                 0x08000289   Thumb Code     0  libinit2.o(.ARM.Collect$$libinit$$00000013)
    __rt_lib_init_lc_monetary_1              0x08000289   Thumb Code     0  libinit2.o(.ARM.Collect$$libinit$$00000015)
    __rt_lib_init_lc_numeric_1               0x08000289   Thumb Code     0  libinit2.o(.ARM.Collect$$libinit$$00000017)
    __rt_lib_init_lc_time_1                  0x08000289   Thumb Code     0  libinit2.o(.ARM.Collect$$libinit$$00000019)
    __rt_lib_init_preinit_1                  0x08000289   Thumb Code     0  libinit2.o(.ARM.Collect$$libinit$$00000004)
    __rt_lib_init_rand_1                     0x08000289   Thumb Code     0  libinit2.o(.ARM.Collect$$libinit$$0000000E)
    __rt_lib_init_return                     0x08000289   Thumb Code     0  libinit2.o(.ARM.Collect$$libinit$$00000033)
    __rt_lib_init_signal_1                   0x08000289   Thumb Code     0  libinit2.o(.ARM.Collect$$libinit$$0000001D)
    __rt_lib_init_stdio_1                    0x08000289   Thumb Code     0  libinit2.o(.ARM.Collect$$libinit$$00000025)
    __rt_lib_init_user_alloc_1               0x08000289   Thumb Code     0  libinit2.o(.ARM.Collect$$libinit$$0000000C)
    __rt_lib_shutdown                        0x0800028b   Thumb Code     0  libshutdown.o(.ARM.Collect$$libshutdown$$00000000)
    __rt_lib_shutdown_cpp_1                  0x0800028d   Thumb Code     0  libshutdown2.o(.ARM.Collect$$libshutdown$$00000004)
    __rt_lib_shutdown_fini_1                 0x0800028d   Thumb Code     0  libshutdown2.o(.ARM.Collect$$libshutdown$$00000002)
    __rt_lib_shutdown_fp_trap_1              0x0800028d   Thumb Code     0  libshutdown2.o(.ARM.Collect$$libshutdown$$00000009)
    __rt_lib_shutdown_heap_1                 0x0800028d   Thumb Code     0  libshutdown2.o(.ARM.Collect$$libshutdown$$00000011)
    __rt_lib_shutdown_return                 0x0800028d   Thumb Code     0  libshutdown2.o(.ARM.Collect$$libshutdown$$00000012)
    __rt_lib_shutdown_signal_1               0x0800028d   Thumb Code     0  libshutdown2.o(.ARM.Collect$$libshutdown$$0000000C)
    __rt_lib_shutdown_stdio_1                0x0800028d   Thumb Code     0  libshutdown2.o(.ARM.Collect$$libshutdown$$00000006)
    __rt_lib_shutdown_user_alloc_1           0x0800028d   Thumb Code     0  libshutdown2.o(.ARM.Collect$$libshutdown$$0000000E)
    __rt_entry                               0x0800028f   Thumb Code     0  __rtentry.o(.ARM.Collect$$rtentry$$00000000)
    __rt_entry_presh_1                       0x0800028f   Thumb Code     0  __rtentry2.o(.ARM.Collect$$rtentry$$00000002)
    __rt_entry_sh                            0x0800028f   Thumb Code     0  __rtentry4.o(.ARM.Collect$$rtentry$$00000004)
    __rt_entry_li                            0x08000295   Thumb Code     0  __rtentry2.o(.ARM.Collect$$rtentry$$0000000A)
    __rt_entry_postsh_1                      0x08000295   Thumb Code     0  __rtentry2.o(.ARM.Collect$$rtentry$$00000009)
    __rt_entry_main                          0x08000299   Thumb Code     0  __rtentry2.o(.ARM.Collect$$rtentry$$0000000D)
    __rt_entry_postli_1                      0x08000299   Thumb Code     0  __rtentry2.o(.ARM.Collect$$rtentry$$0000000C)
    __rt_exit                                0x080002a1   Thumb Code     0  rtexit.o(.ARM.Collect$$rtexit$$00000000)
    __rt_exit_ls                             0x080002a3   Thumb Code     0  rtexit2.o(.ARM.Collect$$rtexit$$00000003)
    __rt_exit_prels_1                        0x080002a3   Thumb Code     0  rtexit2.o(.ARM.Collect$$rtexit$$00000002)
    __rt_exit_exit                           0x080002a7   Thumb Code     0  rtexit2.o(.ARM.Collect$$rtexit$$00000004)
    Reset_Handler                            0x080002ad   Thumb Code     8  startup_stm32f429xx.o(.text)
    ADC_IRQHandler                           0x080002c7   Thumb Code     0  startup_stm32f429xx.o(.text)
    CAN1_RX0_IRQHandler                      0x080002c7   Thumb Code     0  startup_stm32f429xx.o(.text)
    CAN1_RX1_IRQHandler                      0x080002c7   Thumb Code     0  startup_stm32f429xx.o(.text)
    CAN1_SCE_IRQHandler                      0x080002c7   Thumb Code     0  startup_stm32f429xx.o(.text)
    CAN1_TX_IRQHandler                       0x080002c7   Thumb Code     0  startup_stm32f429xx.o(.text)
    CAN2_RX0_IRQHandler                      0x080002c7   Thumb Code     0  startup_stm32f429xx.o(.text)
    CAN2_RX1_IRQHandler                      0x080002c7   Thumb Code     0  startup_stm32f429xx.o(.text)
    CAN2_SCE_IRQHandler                      0x080002c7   Thumb Code     0  startup_stm32f429xx.o(.text)
    CAN2_TX_IRQHandler                       0x080002c7   Thumb Code     0  startup_stm32f429xx.o(.text)
    DCMI_IRQHandler                          0x080002c7   Thumb Code     0  startup_stm32f429xx.o(.text)
    DMA1_Stream0_IRQHandler                  0x080002c7   Thumb Code     0  startup_stm32f429xx.o(.text)
    DMA1_Stream1_IRQHandler                  0x080002c7   Thumb Code     0  startup_stm32f429xx.o(.text)
    DMA1_Stream2_IRQHandler                  0x080002c7   Thumb Code     0  startup_stm32f429xx.o(.text)
    DMA1_Stream3_IRQHandler                  0x080002c7   Thumb Code     0  startup_stm32f429xx.o(.text)
    DMA1_Stream4_IRQHandler                  0x080002c7   Thumb Code     0  startup_stm32f429xx.o(.text)
    DMA1_Stream5_IRQHandler                  0x080002c7   Thumb Code     0  startup_stm32f429xx.o(.text)
    DMA1_Stream6_IRQHandler                  0x080002c7   Thumb Code     0  startup_stm32f429xx.o(.text)
    DMA1_Stream7_IRQHandler                  0x080002c7   Thumb Code     0  startup_stm32f429xx.o(.text)
    DMA2D_IRQHandler                         0x080002c7   Thumb Code     0  startup_stm32f429xx.o(.text)
    DMA2_Stream0_IRQHandler                  0x080002c7   Thumb Code     0  startup_stm32f429xx.o(.text)
    DMA2_Stream1_IRQHandler                  0x080002c7   Thumb Code     0  startup_stm32f429xx.o(.text)
    DMA2_Stream2_IRQHandler                  0x080002c7   Thumb Code     0  startup_stm32f429xx.o(.text)
    DMA2_Stream3_IRQHandler                  0x080002c7   Thumb Code     0  startup_stm32f429xx.o(.text)
    DMA2_Stream4_IRQHandler                  0x080002c7   Thumb Code     0  startup_stm32f429xx.o(.text)
    DMA2_Stream5_IRQHandler                  0x080002c7   Thumb Code     0  startup_stm32f429xx.o(.text)
    DMA2_Stream6_IRQHandler                  0x080002c7   Thumb Code     0  startup_stm32f429xx.o(.text)
    DMA2_Stream7_IRQHandler                  0x080002c7   Thumb Code     0  startup_stm32f429xx.o(.text)
    ETH_IRQHandler                           0x080002c7   Thumb Code     0  startup_stm32f429xx.o(.text)
    ETH_WKUP_IRQHandler                      0x080002c7   Thumb Code     0  startup_stm32f429xx.o(.text)
    EXTI0_IRQHandler                         0x080002c7   Thumb Code     0  startup_stm32f429xx.o(.text)
    EXTI15_10_IRQHandler                     0x080002c7   Thumb Code     0  startup_stm32f429xx.o(.text)
    EXTI1_IRQHandler                         0x080002c7   Thumb Code     0  startup_stm32f429xx.o(.text)
    EXTI2_IRQHandler                         0x080002c7   Thumb Code     0  startup_stm32f429xx.o(.text)
    EXTI3_IRQHandler                         0x080002c7   Thumb Code     0  startup_stm32f429xx.o(.text)
    EXTI4_IRQHandler                         0x080002c7   Thumb Code     0  startup_stm32f429xx.o(.text)
    EXTI9_5_IRQHandler                       0x080002c7   Thumb Code     0  startup_stm32f429xx.o(.text)
    FLASH_IRQHandler                         0x080002c7   Thumb Code     0  startup_stm32f429xx.o(.text)
    FMC_IRQHandler                           0x080002c7   Thumb Code     0  startup_stm32f429xx.o(.text)
    FPU_IRQHandler                           0x080002c7   Thumb Code     0  startup_stm32f429xx.o(.text)
    HASH_RNG_IRQHandler                      0x080002c7   Thumb Code     0  startup_stm32f429xx.o(.text)
    I2C1_ER_IRQHandler                       0x080002c7   Thumb Code     0  startup_stm32f429xx.o(.text)
    I2C1_EV_IRQHandler                       0x080002c7   Thumb Code     0  startup_stm32f429xx.o(.text)
    I2C2_ER_IRQHandler                       0x080002c7   Thumb Code     0  startup_stm32f429xx.o(.text)
    I2C2_EV_IRQHandler                       0x080002c7   Thumb Code     0  startup_stm32f429xx.o(.text)
    I2C3_ER_IRQHandler                       0x080002c7   Thumb Code     0  startup_stm32f429xx.o(.text)
    I2C3_EV_IRQHandler                       0x080002c7   Thumb Code     0  startup_stm32f429xx.o(.text)
    LTDC_ER_IRQHandler                       0x080002c7   Thumb Code     0  startup_stm32f429xx.o(.text)
    LTDC_IRQHandler                          0x080002c7   Thumb Code     0  startup_stm32f429xx.o(.text)
    OTG_FS_IRQHandler                        0x080002c7   Thumb Code     0  startup_stm32f429xx.o(.text)
    OTG_FS_WKUP_IRQHandler                   0x080002c7   Thumb Code     0  startup_stm32f429xx.o(.text)
    OTG_HS_EP1_IN_IRQHandler                 0x080002c7   Thumb Code     0  startup_stm32f429xx.o(.text)
    OTG_HS_EP1_OUT_IRQHandler                0x080002c7   Thumb Code     0  startup_stm32f429xx.o(.text)
    OTG_HS_IRQHandler                        0x080002c7   Thumb Code     0  startup_stm32f429xx.o(.text)
    OTG_HS_WKUP_IRQHandler                   0x080002c7   Thumb Code     0  startup_stm32f429xx.o(.text)
    PVD_IRQHandler                           0x080002c7   Thumb Code     0  startup_stm32f429xx.o(.text)
    RCC_IRQHandler                           0x080002c7   Thumb Code     0  startup_stm32f429xx.o(.text)
    RTC_Alarm_IRQHandler                     0x080002c7   Thumb Code     0  startup_stm32f429xx.o(.text)
    RTC_WKUP_IRQHandler                      0x080002c7   Thumb Code     0  startup_stm32f429xx.o(.text)
    SAI1_IRQHandler                          0x080002c7   Thumb Code     0  startup_stm32f429xx.o(.text)
    SDIO_IRQHandler                          0x080002c7   Thumb Code     0  startup_stm32f429xx.o(.text)
    SPI1_IRQHandler                          0x080002c7   Thumb Code     0  startup_stm32f429xx.o(.text)
    SPI2_IRQHandler                          0x080002c7   Thumb Code     0  startup_stm32f429xx.o(.text)
    SPI3_IRQHandler                          0x080002c7   Thumb Code     0  startup_stm32f429xx.o(.text)
    SPI4_IRQHandler                          0x080002c7   Thumb Code     0  startup_stm32f429xx.o(.text)
    SPI5_IRQHandler                          0x080002c7   Thumb Code     0  startup_stm32f429xx.o(.text)
    SPI6_IRQHandler                          0x080002c7   Thumb Code     0  startup_stm32f429xx.o(.text)
    TAMP_STAMP_IRQHandler                    0x080002c7   Thumb Code     0  startup_stm32f429xx.o(.text)
    TIM1_BRK_TIM9_IRQHandler                 0x080002c7   Thumb Code     0  startup_stm32f429xx.o(.text)
    TIM1_CC_IRQHandler                       0x080002c7   Thumb Code     0  startup_stm32f429xx.o(.text)
    TIM1_TRG_COM_TIM11_IRQHandler            0x080002c7   Thumb Code     0  startup_stm32f429xx.o(.text)
    TIM1_UP_TIM10_IRQHandler                 0x080002c7   Thumb Code     0  startup_stm32f429xx.o(.text)
    TIM2_IRQHandler                          0x080002c7   Thumb Code     0  startup_stm32f429xx.o(.text)
    TIM3_IRQHandler                          0x080002c7   Thumb Code     0  startup_stm32f429xx.o(.text)
    TIM5_IRQHandler                          0x080002c7   Thumb Code     0  startup_stm32f429xx.o(.text)
    TIM6_DAC_IRQHandler                      0x080002c7   Thumb Code     0  startup_stm32f429xx.o(.text)
    TIM7_IRQHandler                          0x080002c7   Thumb Code     0  startup_stm32f429xx.o(.text)
    TIM8_BRK_TIM12_IRQHandler                0x080002c7   Thumb Code     0  startup_stm32f429xx.o(.text)
    TIM8_CC_IRQHandler                       0x080002c7   Thumb Code     0  startup_stm32f429xx.o(.text)
    TIM8_TRG_COM_TIM14_IRQHandler            0x080002c7   Thumb Code     0  startup_stm32f429xx.o(.text)
    TIM8_UP_TIM13_IRQHandler                 0x080002c7   Thumb Code     0  startup_stm32f429xx.o(.text)
    UART4_IRQHandler                         0x080002c7   Thumb Code     0  startup_stm32f429xx.o(.text)
    UART5_IRQHandler                         0x080002c7   Thumb Code     0  startup_stm32f429xx.o(.text)
    UART7_IRQHandler                         0x080002c7   Thumb Code     0  startup_stm32f429xx.o(.text)
    UART8_IRQHandler                         0x080002c7   Thumb Code     0  startup_stm32f429xx.o(.text)
    USART2_IRQHandler                        0x080002c7   Thumb Code     0  startup_stm32f429xx.o(.text)
    USART3_IRQHandler                        0x080002c7   Thumb Code     0  startup_stm32f429xx.o(.text)
    USART6_IRQHandler                        0x080002c7   Thumb Code     0  startup_stm32f429xx.o(.text)
    WWDG_IRQHandler                          0x080002c7   Thumb Code     0  startup_stm32f429xx.o(.text)
    __user_initial_stackheap                 0x080002c9   Thumb Code     0  startup_stm32f429xx.o(.text)
    __use_no_semihosting                     0x080002ed   Thumb Code     2  use_no_semi_2.o(.text)
    __2printf                                0x080002f1   Thumb Code    20  noretval__2printf.o(.text)
    _printf_pre_padding                      0x08000309   Thumb Code    44  _printf_pad.o(.text)
    _printf_post_padding                     0x08000335   Thumb Code    34  _printf_pad.o(.text)
    _printf_str                              0x08000357   Thumb Code    82  _printf_str.o(.text)
    _printf_int_dec                          0x080003a9   Thumb Code   104  _printf_dec.o(.text)
    _printf_int_hex                          0x08000421   Thumb Code    84  _printf_hex_int.o(.text)
    _printf_longlong_hex                     0x08000421   Thumb Code     0  _printf_hex_int.o(.text)
    __printf                                 0x08000479   Thumb Code   388  __printf_flags_ss_wp.o(.text)
    __aeabi_memcpy4                          0x08000601   Thumb Code     0  rt_memcpy_w.o(.text)
    __aeabi_memcpy8                          0x08000601   Thumb Code     0  rt_memcpy_w.o(.text)
    __rt_memcpy_w                            0x08000601   Thumb Code   100  rt_memcpy_w.o(.text)
    _memcpy_lastbytes_aligned                0x08000649   Thumb Code     0  rt_memcpy_w.o(.text)
    __use_two_region_memory                  0x08000665   Thumb Code     2  heapauxi.o(.text)
    __rt_heap_escrow$2region                 0x08000667   Thumb Code     2  heapauxi.o(.text)
    __rt_heap_expand$2region                 0x08000669   Thumb Code     2  heapauxi.o(.text)
    __I$use$semihosting                      0x0800066b   Thumb Code     0  use_no_semi.o(.text)
    __use_no_semihosting_swi                 0x0800066b   Thumb Code     2  use_no_semi.o(.text)
    __read_errno                             0x0800066d   Thumb Code    10  _rserrno.o(.text)
    __set_errno                              0x08000677   Thumb Code    12  _rserrno.o(.text)
    _printf_int_common                       0x08000683   Thumb Code   178  _printf_intcommon.o(.text)
    _printf_cs_common                        0x08000735   Thumb Code    20  _printf_char.o(.text)
    _printf_char                             0x08000749   Thumb Code    16  _printf_char.o(.text)
    _printf_string                           0x08000759   Thumb Code     8  _printf_char.o(.text)
    _printf_char_file                        0x08000761   Thumb Code    32  _printf_char_file.o(.text)
    __aeabi_errno_addr                       0x08000785   Thumb Code     8  rt_errno_addr_intlibspace.o(.text)
    __errno$intlibspace                      0x08000785   Thumb Code     0  rt_errno_addr_intlibspace.o(.text)
    __rt_errno_addr$intlibspace              0x08000785   Thumb Code     0  rt_errno_addr_intlibspace.o(.text)
    _printf_char_common                      0x08000797   Thumb Code    32  _printf_char_common.o(.text)
    ferror                                   0x080007bd   Thumb Code     8  ferror.o(.text)
    __user_libspace                          0x080007c5   Thumb Code     8  libspace.o(.text)
    __user_perproc_libspace                  0x080007c5   Thumb Code     0  libspace.o(.text)
    __user_perthread_libspace                0x080007c5   Thumb Code     0  libspace.o(.text)
    __user_setup_stackheap                   0x080007cd   Thumb Code    74  sys_stackheap_outer.o(.text)
    exit                                     0x08000817   Thumb Code    18  exit.o(.text)
    BusFault_Handler                         0x0800095d   Thumb Code     2  stm32f4xx_it.o(i.BusFault_Handler)
    DAC1_Generate_Wave                       0x08000961   Thumb Code   134  dac.o(i.DAC1_Generate_Wave)
    DAC1_Init                                0x080009fd   Thumb Code    42  dac.o(i.DAC1_Init)
    DAC1_Set_Vol                             0x08000a31   Thumb Code    62  dac.o(i.DAC1_Set_Vol)
    DebugMon_Handler                         0x08000a8d   Thumb Code     2  stm32f4xx_it.o(i.DebugMon_Handler)
    FMC_NORSRAM_Extended_Timing_Init         0x08000a91   Thumb Code    60  stm32f4xx_ll_fmc.o(i.FMC_NORSRAM_Extended_Timing_Init)
    FMC_NORSRAM_Init                         0x08000ad1   Thumb Code   110  stm32f4xx_ll_fmc.o(i.FMC_NORSRAM_Init)
    FMC_NORSRAM_Timing_Init                  0x08000b49   Thumb Code    86  stm32f4xx_ll_fmc.o(i.FMC_NORSRAM_Timing_Init)
    FMC_SDRAM_Init                           0x08000ba5   Thumb Code    76  stm32f4xx_ll_fmc.o(i.FMC_SDRAM_Init)
    FMC_SDRAM_ProgramRefreshRate             0x08000bf1   Thumb Code    12  stm32f4xx_ll_fmc.o(i.FMC_SDRAM_ProgramRefreshRate)
    FMC_SDRAM_SendCommand                    0x08000bfd   Thumb Code    72  stm32f4xx_ll_fmc.o(i.FMC_SDRAM_SendCommand)
    FMC_SDRAM_Timing_Init                    0x08000c45   Thumb Code   124  stm32f4xx_ll_fmc.o(i.FMC_SDRAM_Timing_Init)
    HAL_ADC_Init                             0x08000cc1   Thumb Code    58  stm32f4xx_hal_adc.o(i.HAL_ADC_Init)
    HAL_ADC_MspInit                          0x08000cfd   Thumb Code    66  adc.o(i.HAL_ADC_MspInit)
    HAL_DAC_ConfigChannel                    0x08000d49   Thumb Code    66  stm32f4xx_hal_dac.o(i.HAL_DAC_ConfigChannel)
    HAL_DAC_Init                             0x08000d8b   Thumb Code    40  stm32f4xx_hal_dac.o(i.HAL_DAC_Init)
    HAL_DAC_MspInit                          0x08000db5   Thumb Code    66  dac.o(i.HAL_DAC_MspInit)
    HAL_DAC_SetValue                         0x08000e01   Thumb Code    26  stm32f4xx_hal_dac.o(i.HAL_DAC_SetValue)
    HAL_DAC_Start                            0x08000e1b   Thumb Code   108  stm32f4xx_hal_dac.o(i.HAL_DAC_Start)
    HAL_GPIO_Init                            0x08000e89   Thumb Code   422  stm32f4xx_hal_gpio.o(i.HAL_GPIO_Init)
    HAL_GPIO_ReadPin                         0x08001065   Thumb Code    10  stm32f4xx_hal_gpio.o(i.HAL_GPIO_ReadPin)
    HAL_GPIO_WritePin                        0x0800106f   Thumb Code    10  stm32f4xx_hal_gpio.o(i.HAL_GPIO_WritePin)
    HAL_GetTick                              0x08001079   Thumb Code     6  stm32f4xx_hal.o(i.HAL_GetTick)
    HAL_IncTick                              0x08001085   Thumb Code    10  stm32f4xx_hal.o(i.HAL_IncTick)
    HAL_Init                                 0x08001095   Thumb Code    48  stm32f4xx_hal.o(i.HAL_Init)
    HAL_InitTick                             0x080010c9   Thumb Code    34  stm32f4xx_hal.o(i.HAL_InitTick)
    HAL_LTDC_ConfigLayer                     0x080010eb   Thumb Code    82  stm32f4xx_hal_ltdc.o(i.HAL_LTDC_ConfigLayer)
    HAL_LTDC_Init                            0x0800113d   Thumb Code   248  stm32f4xx_hal_ltdc.o(i.HAL_LTDC_Init)
    HAL_LTDC_MspInit                         0x08001239   Thumb Code   218  ltdc.o(i.HAL_LTDC_MspInit)
    HAL_LTDC_SetWindowPosition               0x0800132d   Thumb Code    84  stm32f4xx_hal_ltdc.o(i.HAL_LTDC_SetWindowPosition)
    HAL_LTDC_SetWindowSize                   0x08001381   Thumb Code    84  stm32f4xx_hal_ltdc.o(i.HAL_LTDC_SetWindowSize)
    HAL_MspInit                              0x080013d5   Thumb Code     8  stm32f4xx_hal.o(i.HAL_MspInit)
    HAL_NVIC_EnableIRQ                       0x080013dd   Thumb Code    22  stm32f4xx_hal_cortex.o(i.HAL_NVIC_EnableIRQ)
    HAL_NVIC_SetPriority                     0x080013f5   Thumb Code    60  stm32f4xx_hal_cortex.o(i.HAL_NVIC_SetPriority)
    HAL_NVIC_SetPriorityGrouping             0x08001435   Thumb Code    26  stm32f4xx_hal_cortex.o(i.HAL_NVIC_SetPriorityGrouping)
    HAL_PWREx_EnableOverDrive                0x08001459   Thumb Code   122  stm32f4xx_hal_pwr_ex.o(i.HAL_PWREx_EnableOverDrive)
    HAL_RCCEx_PeriphCLKConfig                0x080014e1   Thumb Code   644  stm32f4xx_hal_rcc_ex.o(i.HAL_RCCEx_PeriphCLKConfig)
    HAL_RCC_ClockConfig                      0x08001789   Thumb Code   512  stm32f4xx_hal_rcc.o(i.HAL_RCC_ClockConfig)
    HAL_RCC_GetHCLKFreq                      0x08001991   Thumb Code    38  stm32f4xx_hal_rcc.o(i.HAL_RCC_GetHCLKFreq)
    HAL_RCC_GetPCLK1Freq                     0x080019c5   Thumb Code    36  stm32f4xx_hal_rcc.o(i.HAL_RCC_GetPCLK1Freq)
    HAL_RCC_GetPCLK2Freq                     0x080019f1   Thumb Code    36  stm32f4xx_hal_rcc.o(i.HAL_RCC_GetPCLK2Freq)
    HAL_RCC_GetSysClockFreq                  0x08001a1d   Thumb Code   104  stm32f4xx_hal_rcc.o(i.HAL_RCC_GetSysClockFreq)
    HAL_RCC_OscConfig                        0x08001a91   Thumb Code   774  stm32f4xx_hal_rcc.o(i.HAL_RCC_OscConfig)
    HAL_SDRAM_Init                           0x08001dad   Thumb Code    66  stm32f4xx_hal_sdram.o(i.HAL_SDRAM_Init)
    HAL_SDRAM_MspInit                        0x08001df1   Thumb Code   194  sdram.o(i.HAL_SDRAM_MspInit)
    HAL_SDRAM_ProgramRefreshRate             0x08001ecd   Thumb Code    34  stm32f4xx_hal_sdram.o(i.HAL_SDRAM_ProgramRefreshRate)
    HAL_SDRAM_SendCommand                    0x08001eef   Thumb Code    46  stm32f4xx_hal_sdram.o(i.HAL_SDRAM_SendCommand)
    HAL_SRAM_Init                            0x08001f1d   Thumb Code    86  stm32f4xx_hal_sram.o(i.HAL_SRAM_Init)
    HAL_SRAM_MspInit                         0x08001f75   Thumb Code   106  lcd.o(i.HAL_SRAM_MspInit)
    HAL_SYSTICK_CLKSourceConfig              0x08001fed   Thumb Code    24  stm32f4xx_hal_cortex.o(i.HAL_SYSTICK_CLKSourceConfig)
    HAL_SYSTICK_Config                       0x08002005   Thumb Code    40  stm32f4xx_hal_cortex.o(i.HAL_SYSTICK_Config)
    HAL_TIM_Base_Init                        0x0800202d   Thumb Code    54  stm32f4xx_hal_tim.o(i.HAL_TIM_Base_Init)
    HAL_TIM_Base_MspInit                     0x08002063   Thumb Code     2  stm32f4xx_hal_tim.o(i.HAL_TIM_Base_MspInit)
    HAL_TIM_Base_Start_IT                    0x08002065   Thumb Code    24  stm32f4xx_hal_tim.o(i.HAL_TIM_Base_Start_IT)
    HAL_UART_ErrorCallback                   0x0800207d   Thumb Code     2  stm32f4xx_hal_uart.o(i.HAL_UART_ErrorCallback)
    HAL_UART_IRQHandler                      0x0800207f   Thumb Code   244  stm32f4xx_hal_uart.o(i.HAL_UART_IRQHandler)
    HAL_UART_Init                            0x08002173   Thumb Code    94  stm32f4xx_hal_uart.o(i.HAL_UART_Init)
    HAL_UART_MspInit                         0x080021d1   Thumb Code   134  usart.o(i.HAL_UART_MspInit)
    HAL_UART_Receive                         0x08002265   Thumb Code   202  stm32f4xx_hal_uart.o(i.HAL_UART_Receive)
    HAL_UART_RxCpltCallback                  0x0800232f   Thumb Code     2  stm32f4xx_hal_uart.o(i.HAL_UART_RxCpltCallback)
    HAL_UART_TxCpltCallback                  0x08002331   Thumb Code     2  stm32f4xx_hal_uart.o(i.HAL_UART_TxCpltCallback)
    HardFault_Handler                        0x08002333   Thumb Code     2  stm32f4xx_it.o(i.HardFault_Handler)
    KEY_Init                                 0x08002335   Thumb Code   110  key.o(i.KEY_Init)
    KEY_Scan                                 0x080023b5   Thumb Code   200  key.o(i.KEY_Scan)
    LCD_Clear                                0x0800248d   Thumb Code    58  lcd.o(i.LCD_Clear)
    LCD_Display_Dir                          0x080024d5   Thumb Code   256  lcd.o(i.LCD_Display_Dir)
    LCD_Fast_DrawPoint                       0x080025dd   Thumb Code   214  lcd.o(i.LCD_Fast_DrawPoint)
    LCD_Init                                 0x080026c1   Thumb Code 11032  lcd.o(i.LCD_Init)
    LCD_Pow                                  0x080051dd   Thumb Code    16  lcd.o(i.LCD_Pow)
    LCD_RD_DATA                              0x080051ed   Thumb Code    16  lcd.o(i.LCD_RD_DATA)
    LCD_SSD_BackLightSet                     0x08005201   Thumb Code    72  lcd.o(i.LCD_SSD_BackLightSet)
    LCD_Scan_Dir                             0x08005251   Thumb Code   414  lcd.o(i.LCD_Scan_Dir)
    LCD_SetCursor                            0x080053f5   Thumb Code   236  lcd.o(i.LCD_SetCursor)
    LCD_ShowChar                             0x080054e5   Thumb Code   196  lcd.o(i.LCD_ShowChar)
    LCD_ShowString                           0x080055c1   Thumb Code    84  lcd.o(i.LCD_ShowString)
    LCD_ShowxNum                             0x08005615   Thumb Code   134  lcd.o(i.LCD_ShowxNum)
    LCD_WR_DATA                              0x0800569d   Thumb Code    20  lcd.o(i.LCD_WR_DATA)
    LCD_WR_REG                               0x080056b5   Thumb Code    20  lcd.o(i.LCD_WR_REG)
    LCD_WriteRAM_Prepare                     0x080056cd   Thumb Code    10  lcd.o(i.LCD_WriteRAM_Prepare)
    LCD_WriteReg                             0x080056e1   Thumb Code    10  lcd.o(i.LCD_WriteReg)
    LED_Init                                 0x080056f1   Thumb Code    68  led.o(i.LED_Init)
    LTDC_Clear                               0x0800573d   Thumb Code    28  ltdc.o(i.LTDC_Clear)
    LTDC_Clk_Set                             0x0800575d   Thumb Code    30  ltdc.o(i.LTDC_Clk_Set)
    LTDC_Display_Dir                         0x0800577d   Thumb Code    34  ltdc.o(i.LTDC_Display_Dir)
    LTDC_Draw_Point                          0x080057a5   Thumb Code    52  ltdc.o(i.LTDC_Draw_Point)
    LTDC_Fill                                0x080057e1   Thumb Code   162  ltdc.o(i.LTDC_Fill)
    LTDC_Init                                0x08005895   Thumb Code   494  ltdc.o(i.LTDC_Init)
    LTDC_Layer_Parameter_Config              0x08005a9d   Thumb Code    86  ltdc.o(i.LTDC_Layer_Parameter_Config)
    LTDC_Layer_Window_Config                 0x08005af9   Thumb Code    32  ltdc.o(i.LTDC_Layer_Window_Config)
    LTDC_PanelID_Read                        0x08005b1d   Thumb Code   170  ltdc.o(i.LTDC_PanelID_Read)
    MY_ADC_Init                              0x08005d39   Thumb Code    44  adc.o(i.MY_ADC_Init)
    MemManage_Handler                        0x08005d71   Thumb Code     2  stm32f4xx_it.o(i.MemManage_Handler)
    NMI_Handler                              0x08005d73   Thumb Code     2  stm32f4xx_it.o(i.NMI_Handler)
    PendSV_Handler                           0x08005d95   Thumb Code     2  stm32f4xx_it.o(i.PendSV_Handler)
    SDRAM_Init                               0x08005d99   Thumb Code    86  sdram.o(i.SDRAM_Init)
    SDRAM_Initialization_Sequence            0x08005df9   Thumb Code    74  sdram.o(i.SDRAM_Initialization_Sequence)
    SDRAM_Send_Cmd                           0x08005e49   Thumb Code    48  sdram.o(i.SDRAM_Send_Cmd)
    SVC_Handler                              0x08005e7d   Thumb Code     2  stm32f4xx_it.o(i.SVC_Handler)
    Stm32_Clock_Init                         0x08005e81   Thumb Code   122  sys.o(i.Stm32_Clock_Init)
    SysTick_Handler                          0x08005f05   Thumb Code     4  stm32f4xx_it.o(i.SysTick_Handler)
    SystemInit                               0x08005f09   Thumb Code    66  system_stm32f4xx.o(i.SystemInit)
    TIM4_IRQHandler                          0x08005f5d   Thumb Code    44  usmart.o(i.TIM4_IRQHandler)
    TIM_Base_SetConfig                       0x08005f91   Thumb Code   148  stm32f4xx_hal_tim.o(i.TIM_Base_SetConfig)
    Timer4_Init                              0x08006051   Thumb Code    72  usmart.o(i.Timer4_Init)
    USART1_IRQHandler                        0x080063b9   Thumb Code   100  usart.o(i.USART1_IRQHandler)
    UsageFault_Handler                       0x08006425   Thumb Code     2  stm32f4xx_it.o(i.UsageFault_Handler)
    __ARM_fpclassify                         0x08006427   Thumb Code    48  fpclassify.o(i.__ARM_fpclassify)
    __hardfp_sin                             0x08006459   Thumb Code   180  sin.o(i.__hardfp_sin)
    __ieee754_rem_pio2                       0x08006521   Thumb Code   938  rred.o(i.__ieee754_rem_pio2)
    __kernel_cos                             0x08006959   Thumb Code   322  cos_i.o(i.__kernel_cos)
    __kernel_poly                            0x08006ac9   Thumb Code   248  poly.o(i.__kernel_poly)
    __kernel_sin                             0x08006bc1   Thumb Code   280  sin_i.o(i.__kernel_sin)
    __mathlib_dbl_infnan                     0x08006cf1   Thumb Code    20  dunder.o(i.__mathlib_dbl_infnan)
    __mathlib_dbl_invalid                    0x08006d09   Thumb Code    24  dunder.o(i.__mathlib_dbl_invalid)
    __mathlib_dbl_underflow                  0x08006d29   Thumb Code    24  dunder.o(i.__mathlib_dbl_underflow)
    _is_digit                                0x08006d49   Thumb Code    14  __printf_wp.o(i._is_digit)
    _sys_exit                                0x08006d57   Thumb Code     2  usart.o(i._sys_exit)
    delay_init                               0x08006d59   Thumb Code    16  delay.o(i.delay_init)
    delay_ms                                 0x08006d6d   Thumb Code    26  delay.o(i.delay_ms)
    delay_us                                 0x08006d89   Thumb Code    48  delay.o(i.delay_us)
    fabs                                     0x08006dbd   Thumb Code    24  fabs.o(i.fabs)
    fputc                                    0x08006dd5   Thumb Code    14  usart.o(i.fputc)
    main                                     0x08006de9   Thumb Code   548  main.o(i.main)
    read_addr                                0x08007109   Thumb Code     4  usmart.o(i.read_addr)
    sin                                      0x0800710d   Thumb Code    16  sin.o(i.sin)
    uart_init                                0x0800711d   Thumb Code    28  usart.o(i.uart_init)
    usmart_cmd_rec                           0x08007141   Thumb Code   144  usmart.o(i.usmart_cmd_rec)
    usmart_exe                               0x080071d5   Thumb Code   510  usmart.o(i.usmart_exe)
    usmart_get_aparm                         0x08007435   Thumb Code   156  usmart_str.o(i.usmart_get_aparm)
    usmart_get_cmdname                       0x080074d1   Thumb Code    46  usmart_str.o(i.usmart_get_cmdname)
    usmart_get_fname                         0x08007501   Thumb Code   352  usmart_str.o(i.usmart_get_fname)
    usmart_get_fparam                        0x08007669   Thumb Code   202  usmart_str.o(i.usmart_get_fparam)
    usmart_get_parmpos                       0x08007739   Thumb Code    30  usmart_str.o(i.usmart_get_parmpos)
    usmart_get_runtime                       0x0800775d   Thumb Code    38  usmart.o(i.usmart_get_runtime)
    usmart_init                              0x0800778d   Thumb Code    36  usmart.o(i.usmart_init)
    usmart_pow                               0x080077b5   Thumb Code    16  usmart_str.o(i.usmart_pow)
    usmart_reset_runtime                     0x080077c5   Thumb Code    32  usmart.o(i.usmart_reset_runtime)
    usmart_scan                              0x080077ed   Thumb Code    94  usmart.o(i.usmart_scan)
    usmart_search_nextc                      0x08007891   Thumb Code    16  usmart_str.o(i.usmart_search_nextc)
    usmart_str2num                           0x080078a1   Thumb Code   160  usmart_str.o(i.usmart_str2num)
    usmart_strcmp                            0x08007941   Thumb Code    24  usmart_str.o(i.usmart_strcmp)
    usmart_strcopy                           0x08007959   Thumb Code    18  usmart_str.o(i.usmart_strcopy)
    usmart_strlen                            0x0800796b   Thumb Code    18  usmart_str.o(i.usmart_strlen)
    usmart_sys_cmd_exe                       0x0800797d   Thumb Code  1458  usmart.o(i.usmart_sys_cmd_exe)
    write_addr                               0x08007ffd   Thumb Code     4  usmart.o(i.write_addr)
    __aeabi_dneg                             0x08008001   Thumb Code     0  basic.o(x$fpl$basic)
    _dneg                                    0x08008001   Thumb Code     6  basic.o(x$fpl$basic)
    __aeabi_fneg                             0x08008007   Thumb Code     0  basic.o(x$fpl$basic)
    _fneg                                    0x08008007   Thumb Code     6  basic.o(x$fpl$basic)
    _dabs                                    0x0800800d   Thumb Code     6  basic.o(x$fpl$basic)
    _fabs                                    0x08008013   Thumb Code     6  basic.o(x$fpl$basic)
    __aeabi_dadd                             0x08008019   Thumb Code     0  daddsub_clz.o(x$fpl$dadd)
    _dadd                                    0x08008019   Thumb Code   332  daddsub_clz.o(x$fpl$dadd)
    __aeabi_ddiv                             0x08008169   Thumb Code     0  ddiv.o(x$fpl$ddiv)
    _ddiv                                    0x08008169   Thumb Code   552  ddiv.o(x$fpl$ddiv)
    __aeabi_d2iz                             0x08008419   Thumb Code     0  dfix.o(x$fpl$dfix)
    _dfix                                    0x08008419   Thumb Code    94  dfix.o(x$fpl$dfix)
    __aeabi_d2uiz                            0x08008479   Thumb Code     0  dfixu.o(x$fpl$dfixu)
    _dfixu                                   0x08008479   Thumb Code    90  dfixu.o(x$fpl$dfixu)
    __aeabi_i2d                              0x080084d3   Thumb Code     0  dflt_clz.o(x$fpl$dflt)
    _dflt                                    0x080084d3   Thumb Code    46  dflt_clz.o(x$fpl$dflt)
    __aeabi_ui2d                             0x08008501   Thumb Code     0  dflt_clz.o(x$fpl$dfltu)
    _dfltu                                   0x08008501   Thumb Code    38  dflt_clz.o(x$fpl$dfltu)
    __aeabi_dmul                             0x08008529   Thumb Code     0  dmul.o(x$fpl$dmul)
    _dmul                                    0x08008529   Thumb Code   332  dmul.o(x$fpl$dmul)
    __fpl_dnaninf                            0x0800867d   Thumb Code   156  dnaninf.o(x$fpl$dnaninf)
    __fpl_dretinf                            0x08008719   Thumb Code    12  dretinf.o(x$fpl$dretinf)
    __aeabi_drsub                            0x08008725   Thumb Code     0  daddsub_clz.o(x$fpl$drsb)
    _drsb                                    0x08008725   Thumb Code    22  daddsub_clz.o(x$fpl$drsb)
    __aeabi_dsub                             0x0800873d   Thumb Code     0  daddsub_clz.o(x$fpl$dsub)
    _dsub                                    0x0800873d   Thumb Code   464  daddsub_clz.o(x$fpl$dsub)
    _fp_init                                 0x08008911   Thumb Code    10  fpinit.o(x$fpl$fpinit)
    __fplib_config_fpu_vfp                   0x08008919   Thumb Code     0  fpinit.o(x$fpl$fpinit)
    __fplib_config_pureend_doubles           0x08008919   Thumb Code     0  fpinit.o(x$fpl$fpinit)
    APBAHBPrescTable                         0x0800891a   Data          16  stm32f4xx_hal_rcc.o(.constdata)
    __I$use$fp                               0x0800891a   Number         0  usenofp.o(x$fpl$usenofp)
    asc2_1206                                0x0800892a   Data        1140  lcd.o(.constdata)
    asc2_1608                                0x08008d9e   Data        1520  lcd.o(.constdata)
    asc2_2412                                0x0800938e   Data        3420  lcd.o(.constdata)
    asc2_3216                                0x0800a0ea   Data       12160  lcd.o(.constdata)
    Region$$Table$$Base                      0x0800d248   Number         0  anon$$obj.o(Region$$Table)
    Region$$Table$$Limit                     0x0800d268   Number         0  anon$$obj.o(Region$$Table)
    SystemCoreClock                          0x20000000   Data           4  system_stm32f4xx.o(.data)
    AHBPrescTable                            0x20000004   Data          16  system_stm32f4xx.o(.data)
    USART_RX_STA                             0x2000001c   Data           2  usart.o(.data)
    __stdout                                 0x20000020   Data           4  usart.o(.data)
    POINT_COLOR                              0x20000028   Data           4  lcd.o(.data)
    BACK_COLOR                               0x2000002c   Data           4  lcd.o(.data)
    ltdc_framebuf                            0x20000030   Data           8  ltdc.o(.data)
    sys_cmd_tab                              0x2000003c   Data          28  usmart.o(.data)
    usmart_nametab                           0x20000058   Data          24  usmart_config.o(.data)
    usmart_dev                               0x20000070   Data         244  usmart_config.o(.data)
    USART_RX_BUF                             0x20000164   Data         200  usart.o(.bss)
    UART1_Handler                            0x2000022c   Data          64  usart.o(.bss)
    SRAM_Handler                             0x2000026c   Data          80  lcd.o(.bss)
    lcddev                                   0x200002bc   Data          14  lcd.o(.bss)
    SDRAM_Handler                            0x200002cc   Data          52  sdram.o(.bss)
    LTDC_Handler                             0x20000300   Data         168  ltdc.o(.bss)
    lcdltdc                                  0x200003a8   Data          32  ltdc.o(.bss)
    ADC1_Handler                             0x200003c8   Data          68  adc.o(.bss)
    DAC1_Handler                             0x2000040c   Data          20  dac.o(.bss)
    TIM4_Handler                             0x20000420   Data          60  usmart.o(.bss)
    __libspace_start                         0x2000045c   Data          96  libspace.o(.bss)
    __temporary_stack_top$libspace           0x200004bc   Data           0  libspace.o(.bss)
    ltdc_lcd_framebuf                        0xc0000000   Data       2048000  ltdc.o(.ARM.__AT_0xC0000000)



==============================================================================

Memory Map of the image

  Image Entry point : 0x080001ad

  Load Region LR_IROM1 (Base: 0x08000000, Size: 0x0000d3cc, Max: 0x00100000, ABSOLUTE, COMPRESSED[0x0000d2c0])

    Execution Region ER_IROM1 (Exec base: 0x08000000, Load base: 0x08000000, Size: 0x0000d268, Max: 0x00100000, ABSOLUTE)

    Exec Addr    Load Addr    Size         Type   Attr      Idx    E Section Name        Object

    0x08000000   0x08000000   0x000001ac   Data   RO          498    RESET               startup_stm32f429xx.o
    0x080001ac   0x080001ac   0x00000008   Code   RO         4858  * !!!main             c_w.l(__main.o)
    0x080001b4   0x080001b4   0x00000034   Code   RO         5126    !!!scatter          c_w.l(__scatter.o)
    0x080001e8   0x080001e8   0x0000005a   Code   RO         5124    !!dczerorl2         c_w.l(__dczerorl2.o)
    0x08000242   0x08000242   0x00000002   PAD
    0x08000244   0x08000244   0x0000001c   Code   RO         5128    !!handler_zi        c_w.l(__scatter_zi.o)
    0x08000260   0x08000260   0x00000000   Code   RO         4853    .ARM.Collect$$_printf_percent$$00000000  c_w.l(_printf_percent.o)
    0x08000260   0x08000260   0x00000006   Code   RO         4851    .ARM.Collect$$_printf_percent$$00000009  c_w.l(_printf_d.o)
    0x08000266   0x08000266   0x00000006   Code   RO         4852    .ARM.Collect$$_printf_percent$$0000000A  c_w.l(_printf_u.o)
    0x0800026c   0x0800026c   0x00000006   Code   RO         4850    .ARM.Collect$$_printf_percent$$0000000C  c_w.l(_printf_x.o)
    0x08000272   0x08000272   0x00000006   Code   RO         4848    .ARM.Collect$$_printf_percent$$00000013  c_w.l(_printf_c.o)
    0x08000278   0x08000278   0x00000006   Code   RO         4849    .ARM.Collect$$_printf_percent$$00000014  c_w.l(_printf_s.o)
    0x0800027e   0x0800027e   0x00000004   Code   RO         4911    .ARM.Collect$$_printf_percent$$00000017  c_w.l(_printf_percent_end.o)
    0x08000282   0x08000282   0x00000002   Code   RO         4999    .ARM.Collect$$libinit$$00000000  c_w.l(libinit.o)
    0x08000284   0x08000284   0x00000004   Code   RO         5002    .ARM.Collect$$libinit$$00000001  c_w.l(libinit2.o)
    0x08000288   0x08000288   0x00000000   Code   RO         5005    .ARM.Collect$$libinit$$00000004  c_w.l(libinit2.o)
    0x08000288   0x08000288   0x00000000   Code   RO         5008    .ARM.Collect$$libinit$$0000000A  c_w.l(libinit2.o)
    0x08000288   0x08000288   0x00000000   Code   RO         5010    .ARM.Collect$$libinit$$0000000C  c_w.l(libinit2.o)
    0x08000288   0x08000288   0x00000000   Code   RO         5012    .ARM.Collect$$libinit$$0000000E  c_w.l(libinit2.o)
    0x08000288   0x08000288   0x00000000   Code   RO         5015    .ARM.Collect$$libinit$$00000011  c_w.l(libinit2.o)
    0x08000288   0x08000288   0x00000000   Code   RO         5017    .ARM.Collect$$libinit$$00000013  c_w.l(libinit2.o)
    0x08000288   0x08000288   0x00000000   Code   RO         5019    .ARM.Collect$$libinit$$00000015  c_w.l(libinit2.o)
    0x08000288   0x08000288   0x00000000   Code   RO         5021    .ARM.Collect$$libinit$$00000017  c_w.l(libinit2.o)
    0x08000288   0x08000288   0x00000000   Code   RO         5023    .ARM.Collect$$libinit$$00000019  c_w.l(libinit2.o)
    0x08000288   0x08000288   0x00000000   Code   RO         5025    .ARM.Collect$$libinit$$0000001B  c_w.l(libinit2.o)
    0x08000288   0x08000288   0x00000000   Code   RO         5027    .ARM.Collect$$libinit$$0000001D  c_w.l(libinit2.o)
    0x08000288   0x08000288   0x00000000   Code   RO         5029    .ARM.Collect$$libinit$$0000001F  c_w.l(libinit2.o)
    0x08000288   0x08000288   0x00000000   Code   RO         5031    .ARM.Collect$$libinit$$00000021  c_w.l(libinit2.o)
    0x08000288   0x08000288   0x00000000   Code   RO         5033    .ARM.Collect$$libinit$$00000023  c_w.l(libinit2.o)
    0x08000288   0x08000288   0x00000000   Code   RO         5035    .ARM.Collect$$libinit$$00000025  c_w.l(libinit2.o)
    0x08000288   0x08000288   0x00000000   Code   RO         5039    .ARM.Collect$$libinit$$0000002C  c_w.l(libinit2.o)
    0x08000288   0x08000288   0x00000000   Code   RO         5041    .ARM.Collect$$libinit$$0000002E  c_w.l(libinit2.o)
    0x08000288   0x08000288   0x00000000   Code   RO         5043    .ARM.Collect$$libinit$$00000030  c_w.l(libinit2.o)
    0x08000288   0x08000288   0x00000000   Code   RO         5045    .ARM.Collect$$libinit$$00000032  c_w.l(libinit2.o)
    0x08000288   0x08000288   0x00000002   Code   RO         5046    .ARM.Collect$$libinit$$00000033  c_w.l(libinit2.o)
    0x0800028a   0x0800028a   0x00000002   Code   RO         5064    .ARM.Collect$$libshutdown$$00000000  c_w.l(libshutdown.o)
    0x0800028c   0x0800028c   0x00000000   Code   RO         5074    .ARM.Collect$$libshutdown$$00000002  c_w.l(libshutdown2.o)
    0x0800028c   0x0800028c   0x00000000   Code   RO         5076    .ARM.Collect$$libshutdown$$00000004  c_w.l(libshutdown2.o)
    0x0800028c   0x0800028c   0x00000000   Code   RO         5078    .ARM.Collect$$libshutdown$$00000006  c_w.l(libshutdown2.o)
    0x0800028c   0x0800028c   0x00000000   Code   RO         5081    .ARM.Collect$$libshutdown$$00000009  c_w.l(libshutdown2.o)
    0x0800028c   0x0800028c   0x00000000   Code   RO         5084    .ARM.Collect$$libshutdown$$0000000C  c_w.l(libshutdown2.o)
    0x0800028c   0x0800028c   0x00000000   Code   RO         5086    .ARM.Collect$$libshutdown$$0000000E  c_w.l(libshutdown2.o)
    0x0800028c   0x0800028c   0x00000000   Code   RO         5089    .ARM.Collect$$libshutdown$$00000011  c_w.l(libshutdown2.o)
    0x0800028c   0x0800028c   0x00000002   Code   RO         5090    .ARM.Collect$$libshutdown$$00000012  c_w.l(libshutdown2.o)
    0x0800028e   0x0800028e   0x00000000   Code   RO         4902    .ARM.Collect$$rtentry$$00000000  c_w.l(__rtentry.o)
    0x0800028e   0x0800028e   0x00000000   Code   RO         4950    .ARM.Collect$$rtentry$$00000002  c_w.l(__rtentry2.o)
    0x0800028e   0x0800028e   0x00000006   Code   RO         4962    .ARM.Collect$$rtentry$$00000004  c_w.l(__rtentry4.o)
    0x08000294   0x08000294   0x00000000   Code   RO         4952    .ARM.Collect$$rtentry$$00000009  c_w.l(__rtentry2.o)
    0x08000294   0x08000294   0x00000004   Code   RO         4953    .ARM.Collect$$rtentry$$0000000A  c_w.l(__rtentry2.o)
    0x08000298   0x08000298   0x00000000   Code   RO         4955    .ARM.Collect$$rtentry$$0000000C  c_w.l(__rtentry2.o)
    0x08000298   0x08000298   0x00000008   Code   RO         4956    .ARM.Collect$$rtentry$$0000000D  c_w.l(__rtentry2.o)
    0x080002a0   0x080002a0   0x00000002   Code   RO         5000    .ARM.Collect$$rtexit$$00000000  c_w.l(rtexit.o)
    0x080002a2   0x080002a2   0x00000000   Code   RO         5048    .ARM.Collect$$rtexit$$00000002  c_w.l(rtexit2.o)
    0x080002a2   0x080002a2   0x00000004   Code   RO         5049    .ARM.Collect$$rtexit$$00000003  c_w.l(rtexit2.o)
    0x080002a6   0x080002a6   0x00000006   Code   RO         5050    .ARM.Collect$$rtexit$$00000004  c_w.l(rtexit2.o)
    0x080002ac   0x080002ac   0x00000040   Code   RO          499    .text               startup_stm32f429xx.o
    0x080002ec   0x080002ec   0x00000002   Code   RO         4793    .text               c_w.l(use_no_semi_2.o)
    0x080002ee   0x080002ee   0x00000002   PAD
    0x080002f0   0x080002f0   0x00000018   Code   RO         4797    .text               c_w.l(noretval__2printf.o)
    0x08000308   0x08000308   0x0000004e   Code   RO         4801    .text               c_w.l(_printf_pad.o)
    0x08000356   0x08000356   0x00000052   Code   RO         4803    .text               c_w.l(_printf_str.o)
    0x080003a8   0x080003a8   0x00000078   Code   RO         4805    .text               c_w.l(_printf_dec.o)
    0x08000420   0x08000420   0x00000058   Code   RO         4810    .text               c_w.l(_printf_hex_int.o)
    0x08000478   0x08000478   0x00000188   Code   RO         4845    .text               c_w.l(__printf_flags_ss_wp.o)
    0x08000600   0x08000600   0x00000064   Code   RO         4854    .text               c_w.l(rt_memcpy_w.o)
    0x08000664   0x08000664   0x00000006   Code   RO         4856    .text               c_w.l(heapauxi.o)
    0x0800066a   0x0800066a   0x00000002   Code   RO         4900    .text               c_w.l(use_no_semi.o)
    0x0800066c   0x0800066c   0x00000016   Code   RO         4903    .text               c_w.l(_rserrno.o)
    0x08000682   0x08000682   0x000000b2   Code   RO         4905    .text               c_w.l(_printf_intcommon.o)
    0x08000734   0x08000734   0x0000002c   Code   RO         4907    .text               c_w.l(_printf_char.o)
    0x08000760   0x08000760   0x00000024   Code   RO         4909    .text               c_w.l(_printf_char_file.o)
    0x08000784   0x08000784   0x00000008   Code   RO         4967    .text               c_w.l(rt_errno_addr_intlibspace.o)
    0x0800078c   0x0800078c   0x00000030   Code   RO         4969    .text               c_w.l(_printf_char_common.o)
    0x080007bc   0x080007bc   0x00000008   Code   RO         4971    .text               c_w.l(ferror.o)
    0x080007c4   0x080007c4   0x00000008   Code   RO         4985    .text               c_w.l(libspace.o)
    0x080007cc   0x080007cc   0x0000004a   Code   RO         4988    .text               c_w.l(sys_stackheap_outer.o)
    0x08000816   0x08000816   0x00000012   Code   RO         4992    .text               c_w.l(exit.o)
    0x08000828   0x08000828   0x00000134   Code   RO         3653    i.ADC_Init          stm32f4xx_hal_adc.o
    0x0800095c   0x0800095c   0x00000002   Code   RO          285    i.BusFault_Handler  stm32f4xx_it.o
    0x0800095e   0x0800095e   0x00000002   PAD
    0x08000960   0x08000960   0x0000009c   Code   RO         4551    i.DAC1_Generate_Wave  dac.o
    0x080009fc   0x080009fc   0x00000034   Code   RO         4552    i.DAC1_Init         dac.o
    0x08000a30   0x08000a30   0x0000005c   Code   RO         4553    i.DAC1_Set_Vol      dac.o
    0x08000a8c   0x08000a8c   0x00000002   Code   RO          286    i.DebugMon_Handler  stm32f4xx_it.o
    0x08000a8e   0x08000a8e   0x00000002   PAD
    0x08000a90   0x08000a90   0x00000040   Code   RO         2643    i.FMC_NORSRAM_Extended_Timing_Init  stm32f4xx_ll_fmc.o
    0x08000ad0   0x08000ad0   0x00000078   Code   RO         2644    i.FMC_NORSRAM_Init  stm32f4xx_ll_fmc.o
    0x08000b48   0x08000b48   0x0000005c   Code   RO         2645    i.FMC_NORSRAM_Timing_Init  stm32f4xx_ll_fmc.o
    0x08000ba4   0x08000ba4   0x0000004c   Code   RO         2655    i.FMC_SDRAM_Init    stm32f4xx_ll_fmc.o
    0x08000bf0   0x08000bf0   0x0000000c   Code   RO         2656    i.FMC_SDRAM_ProgramRefreshRate  stm32f4xx_ll_fmc.o
    0x08000bfc   0x08000bfc   0x00000048   Code   RO         2657    i.FMC_SDRAM_SendCommand  stm32f4xx_ll_fmc.o
    0x08000c44   0x08000c44   0x0000007c   Code   RO         2659    i.FMC_SDRAM_Timing_Init  stm32f4xx_ll_fmc.o
    0x08000cc0   0x08000cc0   0x0000003a   Code   RO         3664    i.HAL_ADC_Init      stm32f4xx_hal_adc.o
    0x08000cfa   0x08000cfa   0x00000002   PAD
    0x08000cfc   0x08000cfc   0x0000004c   Code   RO         4503    i.HAL_ADC_MspInit   adc.o
    0x08000d48   0x08000d48   0x00000042   Code   RO         3428    i.HAL_DAC_ConfigChannel  stm32f4xx_hal_dac.o
    0x08000d8a   0x08000d8a   0x00000028   Code   RO         3438    i.HAL_DAC_Init      stm32f4xx_hal_dac.o
    0x08000db2   0x08000db2   0x00000002   PAD
    0x08000db4   0x08000db4   0x0000004c   Code   RO         4554    i.HAL_DAC_MspInit   dac.o
    0x08000e00   0x08000e00   0x0000001a   Code   RO         3441    i.HAL_DAC_SetValue  stm32f4xx_hal_dac.o
    0x08000e1a   0x08000e1a   0x0000006c   Code   RO         3442    i.HAL_DAC_Start     stm32f4xx_hal_dac.o
    0x08000e86   0x08000e86   0x00000002   PAD
    0x08000e88   0x08000e88   0x000001dc   Code   RO          790    i.HAL_GPIO_Init     stm32f4xx_hal_gpio.o
    0x08001064   0x08001064   0x0000000a   Code   RO          792    i.HAL_GPIO_ReadPin  stm32f4xx_hal_gpio.o
    0x0800106e   0x0800106e   0x0000000a   Code   RO          794    i.HAL_GPIO_WritePin  stm32f4xx_hal_gpio.o
    0x08001078   0x08001078   0x0000000c   Code   RO          521    i.HAL_GetTick       stm32f4xx_hal.o
    0x08001084   0x08001084   0x00000010   Code   RO          522    i.HAL_IncTick       stm32f4xx_hal.o
    0x08001094   0x08001094   0x00000034   Code   RO          523    i.HAL_Init          stm32f4xx_hal.o
    0x080010c8   0x080010c8   0x00000022   Code   RO          524    i.HAL_InitTick      stm32f4xx_hal.o
    0x080010ea   0x080010ea   0x00000052   Code   RO         3093    i.HAL_LTDC_ConfigLayer  stm32f4xx_hal_ltdc.o
    0x0800113c   0x0800113c   0x000000fc   Code   RO         3105    i.HAL_LTDC_Init     stm32f4xx_hal_ltdc.o
    0x08001238   0x08001238   0x000000f4   Code   RO         4386    i.HAL_LTDC_MspInit  ltdc.o
    0x0800132c   0x0800132c   0x00000054   Code   RO         3114    i.HAL_LTDC_SetWindowPosition  stm32f4xx_hal_ltdc.o
    0x08001380   0x08001380   0x00000054   Code   RO         3115    i.HAL_LTDC_SetWindowSize  stm32f4xx_hal_ltdc.o
    0x080013d4   0x080013d4   0x00000008   Code   RO          526    i.HAL_MspInit       stm32f4xx_hal.o
    0x080013dc   0x080013dc   0x00000016   Code   RO          667    i.HAL_NVIC_EnableIRQ  stm32f4xx_hal_cortex.o
    0x080013f2   0x080013f2   0x00000002   PAD
    0x080013f4   0x080013f4   0x00000040   Code   RO          673    i.HAL_NVIC_SetPriority  stm32f4xx_hal_cortex.o
    0x08001434   0x08001434   0x00000024   Code   RO          674    i.HAL_NVIC_SetPriorityGrouping  stm32f4xx_hal_cortex.o
    0x08001458   0x08001458   0x00000088   Code   RO          979    i.HAL_PWREx_EnableOverDrive  stm32f4xx_hal_pwr_ex.o
    0x080014e0   0x080014e0   0x000002a8   Code   RO         1151    i.HAL_RCCEx_PeriphCLKConfig  stm32f4xx_hal_rcc_ex.o
    0x08001788   0x08001788   0x00000208   Code   RO         1046    i.HAL_RCC_ClockConfig  stm32f4xx_hal_rcc.o
    0x08001990   0x08001990   0x00000034   Code   RO         1051    i.HAL_RCC_GetHCLKFreq  stm32f4xx_hal_rcc.o
    0x080019c4   0x080019c4   0x0000002c   Code   RO         1053    i.HAL_RCC_GetPCLK1Freq  stm32f4xx_hal_rcc.o
    0x080019f0   0x080019f0   0x0000002c   Code   RO         1054    i.HAL_RCC_GetPCLK2Freq  stm32f4xx_hal_rcc.o
    0x08001a1c   0x08001a1c   0x00000074   Code   RO         1055    i.HAL_RCC_GetSysClockFreq  stm32f4xx_hal_rcc.o
    0x08001a90   0x08001a90   0x0000031c   Code   RO         1058    i.HAL_RCC_OscConfig  stm32f4xx_hal_rcc.o
    0x08001dac   0x08001dac   0x00000042   Code   RO         2941    i.HAL_SDRAM_Init    stm32f4xx_hal_sdram.o
    0x08001dee   0x08001dee   0x00000002   PAD
    0x08001df0   0x08001df0   0x000000dc   Code   RO         4328    i.HAL_SDRAM_MspInit  sdram.o
    0x08001ecc   0x08001ecc   0x00000022   Code   RO         2944    i.HAL_SDRAM_ProgramRefreshRate  stm32f4xx_hal_sdram.o
    0x08001eee   0x08001eee   0x0000002e   Code   RO         2950    i.HAL_SDRAM_SendCommand  stm32f4xx_hal_sdram.o
    0x08001f1c   0x08001f1c   0x00000056   Code   RO         2819    i.HAL_SRAM_Init     stm32f4xx_hal_sram.o
    0x08001f72   0x08001f72   0x00000002   PAD
    0x08001f74   0x08001f74   0x00000078   Code   RO         4107    i.HAL_SRAM_MspInit  lcd.o
    0x08001fec   0x08001fec   0x00000018   Code   RO          676    i.HAL_SYSTICK_CLKSourceConfig  stm32f4xx_hal_cortex.o
    0x08002004   0x08002004   0x00000028   Code   RO          678    i.HAL_SYSTICK_Config  stm32f4xx_hal_cortex.o
    0x0800202c   0x0800202c   0x00000036   Code   RO         1767    i.HAL_TIM_Base_Init  stm32f4xx_hal_tim.o
    0x08002062   0x08002062   0x00000002   Code   RO         1769    i.HAL_TIM_Base_MspInit  stm32f4xx_hal_tim.o
    0x08002064   0x08002064   0x00000018   Code   RO         1772    i.HAL_TIM_Base_Start_IT  stm32f4xx_hal_tim.o
    0x0800207c   0x0800207c   0x00000002   Code   RO         1198    i.HAL_UART_ErrorCallback  stm32f4xx_hal_uart.o
    0x0800207e   0x0800207e   0x000000f4   Code   RO         1201    i.HAL_UART_IRQHandler  stm32f4xx_hal_uart.o
    0x08002172   0x08002172   0x0000005e   Code   RO         1202    i.HAL_UART_Init     stm32f4xx_hal_uart.o
    0x080021d0   0x080021d0   0x00000094   Code   RO         3991    i.HAL_UART_MspInit  usart.o
    0x08002264   0x08002264   0x000000ca   Code   RO         1205    i.HAL_UART_Receive  stm32f4xx_hal_uart.o
    0x0800232e   0x0800232e   0x00000002   Code   RO         1208    i.HAL_UART_RxCpltCallback  stm32f4xx_hal_uart.o
    0x08002330   0x08002330   0x00000002   Code   RO         1213    i.HAL_UART_TxCpltCallback  stm32f4xx_hal_uart.o
    0x08002332   0x08002332   0x00000002   Code   RO          287    i.HardFault_Handler  stm32f4xx_it.o
    0x08002334   0x08002334   0x00000080   Code   RO         4076    i.KEY_Init          key.o
    0x080023b4   0x080023b4   0x000000d8   Code   RO         4077    i.KEY_Scan          key.o
    0x0800248c   0x0800248c   0x00000048   Code   RO         4109    i.LCD_Clear         lcd.o
    0x080024d4   0x080024d4   0x00000108   Code   RO         4113    i.LCD_Display_Dir   lcd.o
    0x080025dc   0x080025dc   0x000000e4   Code   RO         4118    i.LCD_Fast_DrawPoint  lcd.o
    0x080026c0   0x080026c0   0x00002b1c   Code   RO         4120    i.LCD_Init          lcd.o
    0x080051dc   0x080051dc   0x00000010   Code   RO         4121    i.LCD_Pow           lcd.o
    0x080051ec   0x080051ec   0x00000014   Code   RO         4122    i.LCD_RD_DATA       lcd.o
    0x08005200   0x08005200   0x00000050   Code   RO         4125    i.LCD_SSD_BackLightSet  lcd.o
    0x08005250   0x08005250   0x000001a4   Code   RO         4126    i.LCD_Scan_Dir      lcd.o
    0x080053f4   0x080053f4   0x000000f0   Code   RO         4127    i.LCD_SetCursor     lcd.o
    0x080054e4   0x080054e4   0x000000dc   Code   RO         4129    i.LCD_ShowChar      lcd.o
    0x080055c0   0x080055c0   0x00000054   Code   RO         4131    i.LCD_ShowString    lcd.o
    0x08005614   0x08005614   0x00000086   Code   RO         4132    i.LCD_ShowxNum      lcd.o
    0x0800569a   0x0800569a   0x00000002   PAD
    0x0800569c   0x0800569c   0x00000018   Code   RO         4133    i.LCD_WR_DATA       lcd.o
    0x080056b4   0x080056b4   0x00000018   Code   RO         4134    i.LCD_WR_REG        lcd.o
    0x080056cc   0x080056cc   0x00000014   Code   RO         4136    i.LCD_WriteRAM_Prepare  lcd.o
    0x080056e0   0x080056e0   0x00000010   Code   RO         4137    i.LCD_WriteReg      lcd.o
    0x080056f0   0x080056f0   0x0000004c   Code   RO         4052    i.LED_Init          led.o
    0x0800573c   0x0800573c   0x00000020   Code   RO         4387    i.LTDC_Clear        ltdc.o
    0x0800575c   0x0800575c   0x0000001e   Code   RO         4388    i.LTDC_Clk_Set      ltdc.o
    0x0800577a   0x0800577a   0x00000002   PAD
    0x0800577c   0x0800577c   0x00000028   Code   RO         4390    i.LTDC_Display_Dir  ltdc.o
    0x080057a4   0x080057a4   0x0000003c   Code   RO         4391    i.LTDC_Draw_Point   ltdc.o
    0x080057e0   0x080057e0   0x000000b4   Code   RO         4392    i.LTDC_Fill         ltdc.o
    0x08005894   0x08005894   0x00000208   Code   RO         4393    i.LTDC_Init         ltdc.o
    0x08005a9c   0x08005a9c   0x0000005c   Code   RO         4394    i.LTDC_Layer_Parameter_Config  ltdc.o
    0x08005af8   0x08005af8   0x00000024   Code   RO         4396    i.LTDC_Layer_Window_Config  ltdc.o
    0x08005b1c   0x08005b1c   0x000000b8   Code   RO         4397    i.LTDC_PanelID_Read  ltdc.o
    0x08005bd4   0x08005bd4   0x00000162   Code   RO         3116    i.LTDC_SetConfig    stm32f4xx_hal_ltdc.o
    0x08005d36   0x08005d36   0x00000002   PAD
    0x08005d38   0x08005d38   0x00000038   Code   RO         4504    i.MY_ADC_Init       adc.o
    0x08005d70   0x08005d70   0x00000002   Code   RO          288    i.MemManage_Handler  stm32f4xx_it.o
    0x08005d72   0x08005d72   0x00000002   Code   RO          289    i.NMI_Handler       stm32f4xx_it.o
    0x08005d74   0x08005d74   0x00000020   Code   RO          680    i.NVIC_SetPriority  stm32f4xx_hal_cortex.o
    0x08005d94   0x08005d94   0x00000002   Code   RO          290    i.PendSV_Handler    stm32f4xx_it.o
    0x08005d96   0x08005d96   0x00000002   PAD
    0x08005d98   0x08005d98   0x00000060   Code   RO         4329    i.SDRAM_Init        sdram.o
    0x08005df8   0x08005df8   0x00000050   Code   RO         4330    i.SDRAM_Initialization_Sequence  sdram.o
    0x08005e48   0x08005e48   0x00000034   Code   RO         4331    i.SDRAM_Send_Cmd    sdram.o
    0x08005e7c   0x08005e7c   0x00000002   Code   RO          291    i.SVC_Handler       stm32f4xx_it.o
    0x08005e7e   0x08005e7e   0x00000002   PAD
    0x08005e80   0x08005e80   0x00000084   Code   RO         3964    i.Stm32_Clock_Init  sys.o
    0x08005f04   0x08005f04   0x00000004   Code   RO          292    i.SysTick_Handler   stm32f4xx_it.o
    0x08005f08   0x08005f08   0x00000054   Code   RO          364    i.SystemInit        system_stm32f4xx.o
    0x08005f5c   0x08005f5c   0x00000034   Code   RO         4600    i.TIM4_IRQHandler   usmart.o
    0x08005f90   0x08005f90   0x000000c0   Code   RO         1851    i.TIM_Base_SetConfig  stm32f4xx_hal_tim.o
    0x08006050   0x08006050   0x00000054   Code   RO         4601    i.Timer4_Init       usmart.o
    0x080060a4   0x080060a4   0x000000a6   Code   RO         1220    i.UART_Receive_IT   stm32f4xx_hal_uart.o
    0x0800614a   0x0800614a   0x00000002   PAD
    0x0800614c   0x0800614c   0x00000174   Code   RO         1221    i.UART_SetConfig    stm32f4xx_hal_uart.o
    0x080062c0   0x080062c0   0x00000066   Code   RO         1222    i.UART_Transmit_IT  stm32f4xx_hal_uart.o
    0x08006326   0x08006326   0x00000092   Code   RO         1223    i.UART_WaitOnFlagUntilTimeout  stm32f4xx_hal_uart.o
    0x080063b8   0x080063b8   0x0000006c   Code   RO         3992    i.USART1_IRQHandler  usart.o
    0x08006424   0x08006424   0x00000002   Code   RO          293    i.UsageFault_Handler  stm32f4xx_it.o
    0x08006426   0x08006426   0x00000030   Code   RO         4981    i.__ARM_fpclassify  m_wm.l(fpclassify.o)
    0x08006456   0x08006456   0x00000002   PAD
    0x08006458   0x08006458   0x000000c8   Code   RO         4888    i.__hardfp_sin      m_wm.l(sin.o)
    0x08006520   0x08006520   0x00000438   Code   RO         4938    i.__ieee754_rem_pio2  m_wm.l(rred.o)
    0x08006958   0x08006958   0x00000170   Code   RO         4921    i.__kernel_cos      m_wm.l(cos_i.o)
    0x08006ac8   0x08006ac8   0x000000f8   Code   RO         4983    i.__kernel_poly     m_wm.l(poly.o)
    0x08006bc0   0x08006bc0   0x00000130   Code   RO         4943    i.__kernel_sin      m_wm.l(sin_i.o)
    0x08006cf0   0x08006cf0   0x00000014   Code   RO         4925    i.__mathlib_dbl_infnan  m_wm.l(dunder.o)
    0x08006d04   0x08006d04   0x00000004   PAD
    0x08006d08   0x08006d08   0x00000020   Code   RO         4927    i.__mathlib_dbl_invalid  m_wm.l(dunder.o)
    0x08006d28   0x08006d28   0x00000020   Code   RO         4930    i.__mathlib_dbl_underflow  m_wm.l(dunder.o)
    0x08006d48   0x08006d48   0x0000000e   Code   RO         4838    i._is_digit         c_w.l(__printf_wp.o)
    0x08006d56   0x08006d56   0x00000002   Code   RO         3993    i._sys_exit         usart.o
    0x08006d58   0x08006d58   0x00000014   Code   RO         3925    i.delay_init        delay.o
    0x08006d6c   0x08006d6c   0x0000001a   Code   RO         3926    i.delay_ms          delay.o
    0x08006d86   0x08006d86   0x00000002   PAD
    0x08006d88   0x08006d88   0x00000034   Code   RO         3927    i.delay_us          delay.o
    0x08006dbc   0x08006dbc   0x00000018   Code   RO         4977    i.fabs              m_wm.l(fabs.o)
    0x08006dd4   0x08006dd4   0x00000014   Code   RO         3994    i.fputc             usart.o
    0x08006de8   0x08006de8   0x00000320   Code   RO            4    i.main              main.o
    0x08007108   0x08007108   0x00000004   Code   RO         4602    i.read_addr         usmart.o
    0x0800710c   0x0800710c   0x00000010   Code   RO         4890    i.sin               m_wm.l(sin.o)
    0x0800711c   0x0800711c   0x00000024   Code   RO         3995    i.uart_init         usart.o
    0x08007140   0x08007140   0x00000094   Code   RO         4603    i.usmart_cmd_rec    usmart.o
    0x080071d4   0x080071d4   0x00000260   Code   RO         4604    i.usmart_exe        usmart.o
    0x08007434   0x08007434   0x0000009c   Code   RO         4689    i.usmart_get_aparm  usmart_str.o
    0x080074d0   0x080074d0   0x0000002e   Code   RO         4690    i.usmart_get_cmdname  usmart_str.o
    0x080074fe   0x080074fe   0x00000002   PAD
    0x08007500   0x08007500   0x00000168   Code   RO         4691    i.usmart_get_fname  usmart_str.o
    0x08007668   0x08007668   0x000000d0   Code   RO         4692    i.usmart_get_fparam  usmart_str.o
    0x08007738   0x08007738   0x00000024   Code   RO         4693    i.usmart_get_parmpos  usmart_str.o
    0x0800775c   0x0800775c   0x00000030   Code   RO         4605    i.usmart_get_runtime  usmart.o
    0x0800778c   0x0800778c   0x00000028   Code   RO         4606    i.usmart_init       usmart.o
    0x080077b4   0x080077b4   0x00000010   Code   RO         4694    i.usmart_pow        usmart_str.o
    0x080077c4   0x080077c4   0x00000028   Code   RO         4607    i.usmart_reset_runtime  usmart.o
    0x080077ec   0x080077ec   0x000000a4   Code   RO         4608    i.usmart_scan       usmart.o
    0x08007890   0x08007890   0x00000010   Code   RO         4695    i.usmart_search_nextc  usmart_str.o
    0x080078a0   0x080078a0   0x000000a0   Code   RO         4696    i.usmart_str2num    usmart_str.o
    0x08007940   0x08007940   0x00000018   Code   RO         4697    i.usmart_strcmp     usmart_str.o
    0x08007958   0x08007958   0x00000012   Code   RO         4698    i.usmart_strcopy    usmart_str.o
    0x0800796a   0x0800796a   0x00000012   Code   RO         4699    i.usmart_strlen     usmart_str.o
    0x0800797c   0x0800797c   0x00000680   Code   RO         4609    i.usmart_sys_cmd_exe  usmart.o
    0x08007ffc   0x08007ffc   0x00000004   Code   RO         4610    i.write_addr        usmart.o
    0x08008000   0x08008000   0x00000018   Code   RO         4912    x$fpl$basic         fz_wm.l(basic.o)
    0x08008018   0x08008018   0x00000150   Code   RO         4860    x$fpl$dadd          fz_wm.l(daddsub_clz.o)
    0x08008168   0x08008168   0x000002b0   Code   RO         4867    x$fpl$ddiv          fz_wm.l(ddiv.o)
    0x08008418   0x08008418   0x0000005e   Code   RO         4870    x$fpl$dfix          fz_wm.l(dfix.o)
    0x08008476   0x08008476   0x00000002   PAD
    0x08008478   0x08008478   0x0000005a   Code   RO         4874    x$fpl$dfixu         fz_wm.l(dfixu.o)
    0x080084d2   0x080084d2   0x0000002e   Code   RO         4879    x$fpl$dflt          fz_wm.l(dflt_clz.o)
    0x08008500   0x08008500   0x00000026   Code   RO         4878    x$fpl$dfltu         fz_wm.l(dflt_clz.o)
    0x08008526   0x08008526   0x00000002   PAD
    0x08008528   0x08008528   0x00000154   Code   RO         4884    x$fpl$dmul          fz_wm.l(dmul.o)
    0x0800867c   0x0800867c   0x0000009c   Code   RO         4914    x$fpl$dnaninf       fz_wm.l(dnaninf.o)
    0x08008718   0x08008718   0x0000000c   Code   RO         4916    x$fpl$dretinf       fz_wm.l(dretinf.o)
    0x08008724   0x08008724   0x00000016   Code   RO         4861    x$fpl$drsb          fz_wm.l(daddsub_clz.o)
    0x0800873a   0x0800873a   0x00000002   PAD
    0x0800873c   0x0800873c   0x000001d4   Code   RO         4862    x$fpl$dsub          fz_wm.l(daddsub_clz.o)
    0x08008910   0x08008910   0x0000000a   Code   RO         5056    x$fpl$fpinit        fz_wm.l(fpinit.o)
    0x0800891a   0x0800891a   0x00000000   Code   RO         4920    x$fpl$usenofp       fz_wm.l(usenofp.o)
    0x0800891a   0x0800891a   0x00000010   Data   RO         1059    .constdata          stm32f4xx_hal_rcc.o
    0x0800892a   0x0800892a   0x00004740   Data   RO         4140    .constdata          lcd.o
    0x0800d06a   0x0800d06a   0x00000028   Data   RO         4811    .constdata          c_w.l(_printf_hex_int.o)
    0x0800d092   0x0800d092   0x00000011   Data   RO         4846    .constdata          c_w.l(__printf_flags_ss_wp.o)
    0x0800d0a3   0x0800d0a3   0x00000005   PAD
    0x0800d0a8   0x0800d0a8   0x00000030   Data   RO         4922    .constdata          m_wm.l(cos_i.o)
    0x0800d0d8   0x0800d0d8   0x000000c8   Data   RO         4940    .constdata          m_wm.l(rred.o)
    0x0800d1a0   0x0800d1a0   0x00000028   Data   RO         4944    .constdata          m_wm.l(sin_i.o)
    0x0800d1c8   0x0800d1c8   0x00000028   Data   RO         4612    .conststring        usmart.o
    0x0800d1f0   0x0800d1f0   0x00000058   Data   RO         4768    .conststring        usmart_config.o
    0x0800d248   0x0800d248   0x00000020   Data   RO         5122    Region$$Table       anon$$obj.o


    Execution Region RW_IRAM1 (Exec base: 0x20000000, Load base: 0x0800d268, Size: 0x00000ac0, Max: 0x00030000, ABSOLUTE, COMPRESSED[0x00000058])

    Exec Addr    Load Addr    Size         Type   Attr      Idx    E Section Name        Object

    0x20000000   COMPRESSED   0x00000014   Data   RW          365    .data               system_stm32f4xx.o
    0x20000014   COMPRESSED   0x00000004   Data   RW          529    .data               stm32f4xx_hal.o
    0x20000018   COMPRESSED   0x00000004   Data   RW         3928    .data               delay.o
    0x2000001c   COMPRESSED   0x00000002   Data   RW         3997    .data               usart.o
    0x2000001e   COMPRESSED   0x00000002   PAD
    0x20000020   COMPRESSED   0x00000004   Data   RW         3998    .data               usart.o
    0x20000024   COMPRESSED   0x00000001   Data   RW         4078    .data               key.o
    0x20000025   COMPRESSED   0x00000003   PAD
    0x20000028   COMPRESSED   0x00000008   Data   RW         4141    .data               lcd.o
    0x20000030   COMPRESSED   0x00000008   Data   RW         4404    .data               ltdc.o
    0x20000038   COMPRESSED   0x00000002   Data   RW         4556    .data               dac.o
    0x2000003a   COMPRESSED   0x00000002   PAD
    0x2000003c   COMPRESSED   0x0000001c   Data   RW         4613    .data               usmart.o
    0x20000058   COMPRESSED   0x00000018   Data   RW         4769    .data               usmart_config.o
    0x20000070   COMPRESSED   0x000000f4   Data   RW         4770    .data               usmart_config.o
    0x20000164        -       0x00000108   Zero   RW         3996    .bss                usart.o
    0x2000026c        -       0x0000005e   Zero   RW         4139    .bss                lcd.o
    0x200002ca   COMPRESSED   0x00000002   PAD
    0x200002cc        -       0x00000034   Zero   RW         4332    .bss                sdram.o
    0x20000300        -       0x000000c8   Zero   RW         4402    .bss                ltdc.o
    0x200003c8        -       0x00000044   Zero   RW         4505    .bss                adc.o
    0x2000040c        -       0x00000014   Zero   RW         4555    .bss                dac.o
    0x20000420        -       0x0000003c   Zero   RW         4611    .bss                usmart.o
    0x2000045c        -       0x00000060   Zero   RW         4986    .bss                c_w.l(libspace.o)
    0x200004bc   COMPRESSED   0x00000004   PAD
    0x200004c0        -       0x00000200   Zero   RW          497    HEAP                startup_stm32f429xx.o
    0x200006c0        -       0x00000400   Zero   RW          496    STACK               startup_stm32f429xx.o



  Load Region LR$$.ARM.__AT_0xC0000000 (Base: 0xc0000000, Size: 0x00000000, Max: 0x001f4000, ABSOLUTE)

    Execution Region ER$$.ARM.__AT_0xC0000000 (Exec base: 0xc0000000, Load base: 0xc0000000, Size: 0x001f4000, Max: 0x001f4000, ABSOLUTE, UNINIT)

    Exec Addr    Load Addr    Size         Type   Attr      Idx    E Section Name        Object

    0xc0000000        -       0x001f4000   Zero   RW         4401    .ARM.__AT_0xC0000000  ltdc.o


==============================================================================

Image component sizes


      Code (inc. data)   RO Data    RW Data    ZI Data      Debug   Object Name

       132         22          0          0         68       1885   adc.o
       376         72          0          2         20       3105   dac.o
        98          8          0          4          0       2003   delay.o
       344         34          0          1          0       1806   key.o
     13018        172      18240          8         94      21660   lcd.o
        76          8          0          0          0        891   led.o
      1418        118          0          8    2048200       9604   ltdc.o
       800        252          0          0          0     449887   main.o
       448         46          0          0         52       3494   sdram.o
        64         26        428          0       1536        836   startup_stm32f429xx.o
       122         16          0          4          0       4236   stm32f4xx_hal.o
       366          8          0          0          0       1835   stm32f4xx_hal_adc.o
       218         14          0          0          0      30989   stm32f4xx_hal_cortex.o
       240          0          0          0          0       3642   stm32f4xx_hal_dac.o
       496         54          0          0          0       3359   stm32f4xx_hal_gpio.o
       856          4          0          0          0       4825   stm32f4xx_hal_ltdc.o
       136         14          0          0          0       1328   stm32f4xx_hal_pwr_ex.o
      1572         72         16          0          0       6467   stm32f4xx_hal_rcc.o
       680         36          0          0          0       1700   stm32f4xx_hal_rcc_ex.o
       146          0          0          0          0       2776   stm32f4xx_hal_sdram.o
        86          0          0          0          0       1244   stm32f4xx_hal_sram.o
       272         44          0          0          0       4036   stm32f4xx_hal_tim.o
      1332          8          0          0          0       8810   stm32f4xx_hal_uart.o
        20          0          0          0          0       4114   stm32f4xx_it.o
       560         20          0          0          0       6092   stm32f4xx_ll_fmc.o
       132         10          0          0          0       1167   sys.o
        84         18          0         20          0       1081   system_stm32f4xx.o
       314         36          0          6        264       4907   usart.o
      2856       1354         40         28         60       8163   usmart.o
         0          0         88        268          0       1568   usmart_config.o
      1058         20          0          0          0       9539   usmart_str.o

    ----------------------------------------------------------------------
     28352       2486      18844        356    2050296     607049   Object Totals
         0          0         32          0          0          0   (incl. Generated)
        32          0          0          7          2          0   (incl. Padding)

    ----------------------------------------------------------------------

      Code (inc. data)   RO Data    RW Data    ZI Data      Debug   Library Member Name

        90          0          0          0          0          0   __dczerorl2.o
         8          0          0          0          0         68   __main.o
       392          4         17          0          0         92   __printf_flags_ss_wp.o
        14          0          0          0          0         68   __printf_wp.o
         0          0          0          0          0          0   __rtentry.o
        12          0          0          0          0          0   __rtentry2.o
         6          0          0          0          0          0   __rtentry4.o
        52          8          0          0          0          0   __scatter.o
        28          0          0          0          0          0   __scatter_zi.o
         6          0          0          0          0          0   _printf_c.o
        44          0          0          0          0        108   _printf_char.o
        48          6          0          0          0         96   _printf_char_common.o
        36          4          0          0          0         80   _printf_char_file.o
         6          0          0          0          0          0   _printf_d.o
       120         16          0          0          0         92   _printf_dec.o
        88          4         40          0          0         88   _printf_hex_int.o
       178          0          0          0          0         88   _printf_intcommon.o
        78          0          0          0          0        108   _printf_pad.o
         0          0          0          0          0          0   _printf_percent.o
         4          0          0          0          0          0   _printf_percent_end.o
         6          0          0          0          0          0   _printf_s.o
        82          0          0          0          0         80   _printf_str.o
         6          0          0          0          0          0   _printf_u.o
         6          0          0          0          0          0   _printf_x.o
        22          0          0          0          0        100   _rserrno.o
        18          0          0          0          0         80   exit.o
         8          0          0          0          0         68   ferror.o
         6          0          0          0          0        152   heapauxi.o
         2          0          0          0          0          0   libinit.o
         6          0          0          0          0          0   libinit2.o
         2          0          0          0          0          0   libshutdown.o
         2          0          0          0          0          0   libshutdown2.o
         8          4          0          0         96         68   libspace.o
        24          4          0          0          0         84   noretval__2printf.o
         8          4          0          0          0         68   rt_errno_addr_intlibspace.o
       100          0          0          0          0         80   rt_memcpy_w.o
         2          0          0          0          0          0   rtexit.o
        10          0          0          0          0          0   rtexit2.o
        74          0          0          0          0         80   sys_stackheap_outer.o
         2          0          0          0          0         68   use_no_semi.o
         2          0          0          0          0         68   use_no_semi_2.o
        24          0          0          0          0        164   basic.o
       826         16          0          0          0        492   daddsub_clz.o
       688        140          0          0          0        256   ddiv.o
        94          4          0          0          0        140   dfix.o
        90          4          0          0          0        140   dfixu.o
        84          0          0          0          0        232   dflt_clz.o
       340         12          0          0          0        152   dmul.o
       156          4          0          0          0        140   dnaninf.o
        12          0          0          0          0        116   dretinf.o
        10          0          0          0          0        116   fpinit.o
         0          0          0          0          0          0   usenofp.o
       368         46         48          0          0        200   cos_i.o
        84         16          0          0          0        372   dunder.o
        24          0          0          0          0        124   fabs.o
        48          0          0          0          0        124   fpclassify.o
       248          0          0          0          0        152   poly.o
      1080        142        200          0          0        188   rred.o
       216         20          0          0          0        288   sin.o
       304         24         40          0          0        208   sin_i.o

    ----------------------------------------------------------------------
      6318        482        350          0        100       5488   Library Totals
        16          0          5          0          4          0   (incl. Padding)

    ----------------------------------------------------------------------

      Code (inc. data)   RO Data    RW Data    ZI Data      Debug   Library Name

      1606         54         57          0         96       1884   c_w.l
      2324        180          0          0          0       1948   fz_wm.l
      2372        248        288          0          0       1656   m_wm.l

    ----------------------------------------------------------------------
      6318        482        350          0        100       5488   Library Totals

    ----------------------------------------------------------------------

==============================================================================


      Code (inc. data)   RO Data    RW Data    ZI Data      Debug   

     34670       2968      19194        356    2050396     596201   Grand Totals
     34670       2968      19194         88    2050396     596201   ELF Image Totals (compressed)
     34670       2968      19194         88          0          0   ROM Totals

==============================================================================

    Total RO  Size (Code + RO Data)                53864 (  52.60kB)
    Total RW  Size (RW Data + ZI Data)           2050752 (2002.69kB)
    Total ROM Size (Code + RO Data + RW Data)      53952 (  52.69kB)

==============================================================================

