Component: ARM Compiler 5.06 update 7 (build 960) Tool: armlink [4d3601]

==============================================================================

Section Cross References

    main.o(i.main) refers to stm32f4xx_hal.o(i.HAL_Init) for HAL_Init
    main.o(i.main) refers to sys.o(i.Stm32_Clock_Init) for Stm32_Clock_Init
    main.o(i.main) refers to delay.o(i.delay_init) for delay_init
    main.o(i.main) refers to usart.o(i.uart_init) for uart_init
    main.o(i.main) refers to led.o(i.LED_Init) for LED_Init
    main.o(i.main) refers to key.o(i.KEY_Init) for KEY_Init
    main.o(i.main) refers to sdram.o(i.SDRAM_Init) for SDRAM_Init
    main.o(i.main) refers to lcd.o(i.LCD_Init) for LCD_Init
    main.o(i.main) refers to adc.o(i.MY_ADC_Init) for MY_ADC_Init
    main.o(i.main) refers to dac.o(i.DAC1_Init) for DAC1_Init
    main.o(i.main) refers to dac.o(i.WaveTable_Init) for WaveTable_Init
    main.o(i.main) refers to stm32f4xx_hal_tim.o(i.HAL_TIM_Base_Init) for HAL_TIM_Base_Init
    main.o(i.main) refers to stm32f4xx_hal_tim.o(i.HAL_TIM_Base_Start) for HAL_TIM_Base_Start
    main.o(i.main) refers to lcd.o(i.LCD_ShowString) for LCD_ShowString
    main.o(i.main) refers to key.o(i.KEY_Scan) for KEY_Scan
    main.o(i.main) refers to dac.o(i.DAC1_Generate_Wave) for DAC1_Generate_Wave
    main.o(i.main) refers to lcd.o(i.LCD_ShowxNum) for LCD_ShowxNum
    main.o(i.main) refers to delay.o(i.delay_ms) for delay_ms
    main.o(i.main) refers to usmart_config.o(.data) for usmart_dev
    main.o(i.main) refers to main.o(.bss) for .bss
    main.o(i.main) refers to lcd.o(.data) for POINT_COLOR
    stm32f4xx_it.o(i.SysTick_Handler) refers to stm32f4xx_hal.o(i.HAL_IncTick) for HAL_IncTick
    system_stm32f4xx.o(i.SystemCoreClockUpdate) refers to system_stm32f4xx.o(.data) for .data
    startup_stm32f429xx.o(STACK) refers (Special) to heapauxi.o(.text) for __use_two_region_memory
    startup_stm32f429xx.o(HEAP) refers (Special) to heapauxi.o(.text) for __use_two_region_memory
    startup_stm32f429xx.o(RESET) refers (Special) to heapauxi.o(.text) for __use_two_region_memory
    startup_stm32f429xx.o(RESET) refers to startup_stm32f429xx.o(STACK) for __initial_sp
    startup_stm32f429xx.o(RESET) refers to startup_stm32f429xx.o(.text) for Reset_Handler
    startup_stm32f429xx.o(RESET) refers to stm32f4xx_it.o(i.NMI_Handler) for NMI_Handler
    startup_stm32f429xx.o(RESET) refers to stm32f4xx_it.o(i.HardFault_Handler) for HardFault_Handler
    startup_stm32f429xx.o(RESET) refers to stm32f4xx_it.o(i.MemManage_Handler) for MemManage_Handler
    startup_stm32f429xx.o(RESET) refers to stm32f4xx_it.o(i.BusFault_Handler) for BusFault_Handler
    startup_stm32f429xx.o(RESET) refers to stm32f4xx_it.o(i.UsageFault_Handler) for UsageFault_Handler
    startup_stm32f429xx.o(RESET) refers to stm32f4xx_it.o(i.SVC_Handler) for SVC_Handler
    startup_stm32f429xx.o(RESET) refers to stm32f4xx_it.o(i.DebugMon_Handler) for DebugMon_Handler
    startup_stm32f429xx.o(RESET) refers to stm32f4xx_it.o(i.PendSV_Handler) for PendSV_Handler
    startup_stm32f429xx.o(RESET) refers to stm32f4xx_it.o(i.SysTick_Handler) for SysTick_Handler
    startup_stm32f429xx.o(RESET) refers to usmart.o(i.TIM4_IRQHandler) for TIM4_IRQHandler
    startup_stm32f429xx.o(RESET) refers to usart.o(i.USART1_IRQHandler) for USART1_IRQHandler
    startup_stm32f429xx.o(.text) refers (Special) to heapauxi.o(.text) for __use_two_region_memory
    startup_stm32f429xx.o(.text) refers to system_stm32f4xx.o(i.SystemInit) for SystemInit
    startup_stm32f429xx.o(.text) refers to __main.o(!!!main) for __main
    startup_stm32f429xx.o(.text) refers to startup_stm32f429xx.o(HEAP) for Heap_Mem
    startup_stm32f429xx.o(.text) refers to startup_stm32f429xx.o(STACK) for Stack_Mem
    stm32f4xx_hal.o(i.HAL_DeInit) refers to stm32f4xx_hal.o(i.HAL_MspDeInit) for HAL_MspDeInit
    stm32f4xx_hal.o(i.HAL_Delay) refers to stm32f4xx_hal.o(i.HAL_GetTick) for HAL_GetTick
    stm32f4xx_hal.o(i.HAL_GetTick) refers to stm32f4xx_hal.o(.data) for .data
    stm32f4xx_hal.o(i.HAL_IncTick) refers to stm32f4xx_hal.o(.data) for .data
    stm32f4xx_hal.o(i.HAL_Init) refers to stm32f4xx_hal_cortex.o(i.HAL_NVIC_SetPriorityGrouping) for HAL_NVIC_SetPriorityGrouping
    stm32f4xx_hal.o(i.HAL_Init) refers to stm32f4xx_hal.o(i.HAL_InitTick) for HAL_InitTick
    stm32f4xx_hal.o(i.HAL_Init) refers to stm32f4xx_hal.o(i.HAL_MspInit) for HAL_MspInit
    stm32f4xx_hal.o(i.HAL_InitTick) refers to stm32f4xx_hal_rcc.o(i.HAL_RCC_GetHCLKFreq) for HAL_RCC_GetHCLKFreq
    stm32f4xx_hal.o(i.HAL_InitTick) refers to stm32f4xx_hal_cortex.o(i.HAL_SYSTICK_Config) for HAL_SYSTICK_Config
    stm32f4xx_hal.o(i.HAL_InitTick) refers to stm32f4xx_hal_cortex.o(i.HAL_NVIC_SetPriority) for HAL_NVIC_SetPriority
    stm32f4xx_hal_cortex.o(i.HAL_NVIC_SetPriority) refers to stm32f4xx_hal_cortex.o(i.NVIC_SetPriority) for NVIC_SetPriority
[...]
    x$fpl$basic                              0x080080d0   Section       24  basic.o(x$fpl$basic)
    $v0                                      0x080080d0   Number         0  basic.o(x$fpl$basic)
    x$fpl$dadd                               0x080080e8   Section      336  daddsub_clz.o(x$fpl$dadd)
    $v0                                      0x080080e8   Number         0  daddsub_clz.o(x$fpl$dadd)
    _dadd1                                   0x080080f9   Thumb Code     0  daddsub_clz.o(x$fpl$dadd)
    x$fpl$ddiv                               0x08008238   Section      688  ddiv.o(x$fpl$ddiv)
    $v0                                      0x08008238   Number         0  ddiv.o(x$fpl$ddiv)
    ddiv_entry                               0x0800823f   Thumb Code     0  ddiv.o(x$fpl$ddiv)
    x$fpl$dfix                               0x080084e8   Section       94  dfix.o(x$fpl$dfix)
    $v0                                      0x080084e8   Number         0  dfix.o(x$fpl$dfix)
    x$fpl$dfixu                              0x08008548   Section       90  dfixu.o(x$fpl$dfixu)
    $v0                                      0x08008548   Number         0  dfixu.o(x$fpl$dfixu)
    x$fpl$dflt                               0x080085a2   Section       46  dflt_clz.o(x$fpl$dflt)
    $v0                                      0x080085a2   Number         0  dflt_clz.o(x$fpl$dflt)
    x$fpl$dfltu                              0x080085d0   Section       38  dflt_clz.o(x$fpl$dfltu)
    $v0                                      0x080085d0   Number         0  dflt_clz.o(x$fpl$dfltu)
    x$fpl$dmul                               0x080085f8   Section      340  dmul.o(x$fpl$dmul)
    $v0                                      0x080085f8   Number         0  dmul.o(x$fpl$dmul)
    x$fpl$dnaninf                            0x0800874c   Section      156  dnaninf.o(x$fpl$dnaninf)
    $v0                                      0x0800874c   Number         0  dnaninf.o(x$fpl$dnaninf)
    x$fpl$dretinf                            0x080087e8   Section       12  dretinf.o(x$fpl$dretinf)
    $v0                                      0x080087e8   Number         0  dretinf.o(x$fpl$dretinf)
    x$fpl$drsb                               0x080087f4   Section       22  daddsub_clz.o(x$fpl$drsb)
    $v0                                      0x080087f4   Number         0  daddsub_clz.o(x$fpl$drsb)
    x$fpl$dsub                               0x0800880c   Section      468  daddsub_clz.o(x$fpl$dsub)
    $v0                                      0x0800880c   Number         0  daddsub_clz.o(x$fpl$dsub)
    _dsub1                                   0x0800881d   Thumb Code     0  daddsub_clz.o(x$fpl$dsub)
    x$fpl$fpinit                             0x080089e0   Section       10  fpinit.o(x$fpl$fpinit)
    $v0                                      0x080089e0   Number         0  fpinit.o(x$fpl$fpinit)
    .constdata                               0x080089ea   Section       16  stm32f4xx_hal_rcc.o(.constdata)
    x$fpl$usenofp                            0x080089ea   Section        0  usenofp.o(x$fpl$usenofp)
    .constdata                               0x080089fa   Section    18240  lcd.o(.constdata)
    .constdata                               0x0800d13a   Section       40  _printf_hex_int.o(.constdata)
    uc_hextab                                0x0800d13a   Data          20  _printf_hex_int.o(.constdata)
    lc_hextab                                0x0800d14e   Data          20  _printf_hex_int.o(.constdata)
    .constdata                               0x0800d162   Section       17  __printf_flags_ss_wp.o(.constdata)
    maptable                                 0x0800d162   Data          17  __printf_flags_ss_wp.o(.constdata)
    .constdata                               0x0800d178   Section       48  cos_i.o(.constdata)
    C                                        0x0800d178   Data          48  cos_i.o(.constdata)
    .constdata                               0x0800d1a8   Section      200  rred.o(.constdata)
    pio2s                                    0x0800d1a8   Data          48  rred.o(.constdata)
    twooverpi                                0x0800d1d8   Data         152  rred.o(.constdata)
    .constdata                               0x0800d270   Section       40  sin_i.o(.constdata)
    S                                        0x0800d270   Data          40  sin_i.o(.constdata)
    .conststring                             0x0800d298   Section       40  usmart.o(.conststring)
    .conststring                             0x0800d2c0   Section       88  usmart_config.o(.conststring)
    .data                                    0x20000000   Section       20  system_stm32f4xx.o(.data)
    .data                                    0x20000014   Section        4  stm32f4xx_hal.o(.data)
    uwTick                                   0x20000014   Data           4  stm32f4xx_hal.o(.data)
    .data                                    0x20000018   Section        4  delay.o(.data)
    fac_us                                   0x20000018   Data           4  delay.o(.data)
    .data                                    0x2000001c   Section        2  usart.o(.data)
    .data                                    0x20000020   Section        4  usart.o(.data)
    .data                                    0x20000024   Section        1  key.o(.data)
    key_up                                   0x20000024   Data           1  key.o(.data)
    .data                                    0x20000028   Section        8  lcd.o(.data)
    .data                                    0x20000030   Section        8  ltdc.o(.data)
    .data                                    0x20000038   Section        2  dac.o(.data)
    index                                    0x20000038   Data           2  dac.o(.data)
    .data                                    0x2000003c   Section       28  usmart.o(.data)
    .data                                    0x20000058   Section       24  usmart_config.o(.data)
    .data                                    0x20000070   Section      244  usmart_config.o(.data)
    .bss                                     0x20000164   Section       60  main.o(.bss)
    .bss                                     0x200001a0   Section      264  usart.o(.bss)
    .bss                                     0x200002a8   Section       94  lcd.o(.bss)
    .bss                                     0x20000308   Section       52  sdram.o(.bss)
    .bss                                     0x2000033c   Section      200  ltdc.o(.bss)
    .bss                                     0x20000404   Section       68  adc.o(.bss)
    .bss                                     0x20000448   Section     1044  dac.o(.bss)
    sine_table                               0x2000045c   Data         512  dac.o(.bss)
    triangle_table                           0x2000065c   Data         512  dac.o(.bss)
    .bss                                     0x2000085c   Section       60  usmart.o(.bss)
    .bss                                     0x20000898   Section       96  libspace.o(.bss)
    HEAP                                     0x200008f8   Section      512  startup_stm32f429xx.o(HEAP)
    Heap_Mem                                 0x200008f8   Data         512  startup_stm32f429xx.o(HEAP)
    STACK                                    0x20000af8   Section     1024  startup_stm32f429xx.o(STACK)
    Stack_Mem                                0x20000af8   Data        1024  startup_stm32f429xx.o(STACK)
    __initial_sp                             0x20000ef8   Data           0  startup_stm32f429xx.o(STACK)
    .ARM.__AT_0xC0000000                     0xc0000000   Section    2048000  ltdc.o(.ARM.__AT_0xC0000000)

    Global Symbols

    Symbol Name                              Value     Ov Type        Size  Object(Section)

    BuildAttributes$$THM_ISAv4$E$P$D$K$B$S$7EM$VFPi3$EXTD16$VFPS$VFMA$PE$A:L22UL41UL21$X:L11$S22US41US21$IEEE1$IW$USESV6$~STKCKD$USESV7$~SHL$OTIME$ROPI$IEEEX$EBA8$UX$STANDARDLIB$REQ8$PRES8$EABIv2 0x00000000   Number         0  anon$$obj.o ABSOLUTE
    __ARM_use_no_argv                        0x00000000   Number         0  main.o ABSOLUTE
    _printf_flags                            0x00000000   Number         0  printf_stubs.o ABSOLUTE
    _printf_return_value                     0x00000000   Number         0  printf_stubs.o ABSOLUTE
    _printf_sizespec                         0x00000000   Number         0  printf_stubs.o ABSOLUTE
    _printf_widthprec                        0x00000000   Number         0  printf_stubs.o ABSOLUTE
    __ARM_exceptions_init                     - Undefined Weak Reference
    __alloca_initialize                       - Undefined Weak Reference
    __arm_fini_                               - Undefined Weak Reference
    __arm_preinit_                            - Undefined Weak Reference
    __cpp_initialize__aeabi_                  - Undefined Weak Reference
    __cxa_finalize                            - Undefined Weak Reference
    __rt_locale                               - Undefined Weak Reference
    __sigvec_lookup                           - Undefined Weak Reference
    _atexit_init                              - Undefined Weak Reference
    _call_atexit_fns                          - Undefined Weak Reference
    _clock_init                               - Undefined Weak Reference
    _fp_trap_init                             - Undefined Weak Reference
    _fp_trap_shutdown                         - Undefined Weak Reference
    _get_lc_collate                           - Undefined Weak Reference
    _get_lc_ctype                             - Undefined Weak Reference
    _get_lc_monetary                          - Undefined Weak Reference
    _get_lc_numeric                           - Undefined Weak Reference
    _get_lc_time                              - Undefined Weak Reference
    _getenv_init                              - Undefined Weak Reference
    _handle_redirection                       - Undefined Weak Reference
    _init_alloc                               - Undefined Weak Reference
    _init_user_alloc                          - Undefined Weak Reference
    _initio                                   - Undefined Weak Reference
    _mutex_acquire                            - Undefined Weak Reference
    _mutex_release                            - Undefined Weak Reference
    _printf_mbtowc                            - Undefined Weak Reference
    _printf_truncate_signed                   - Undefined Weak Reference
    _printf_truncate_unsigned                 - Undefined Weak Reference
    _rand_init                                - Undefined Weak Reference
    _signal_finish                            - Undefined Weak Reference
    _signal_init                              - Undefined Weak Reference
    _terminate_alloc                          - Undefined Weak Reference
    _terminate_user_alloc                     - Undefined Weak Reference
    _terminateio                              - Undefined Weak Reference
    __Vectors_Size                           0x000001ac   Number         0  startup_stm32f429xx.o ABSOLUTE
    __Vectors                                0x08000000   Data           4  startup_stm32f429xx.o(RESET)
    __Vectors_End                            0x080001ac   Data           0  startup_stm32f429xx.o(RESET)
    __main                                   0x080001ad   Thumb Code     8  __main.o(!!!main)
    __scatterload                            0x080001b5   Thumb Code     0  __scatter.o(!!!scatter)
    __scatterload_rt2                        0x080001b5   Thumb Code    44  __scatter.o(!!!scatter)
    __scatterload_rt2_thumb_only             0x080001b5   Thumb Code     0  __scatter.o(!!!scatter)
    __scatterload_null                       0x080001c3   Thumb Code     0  __scatter.o(!!!scatter)
    __decompress                             0x080001e9   Thumb Code    90  __dczerorl2.o(!!dczerorl2)
    __decompress1                            0x080001e9   Thumb Code     0  __dczerorl2.o(!!dczerorl2)
    __scatterload_zeroinit                   0x08000245   Thumb Code    28  __scatter_zi.o(!!handler_zi)
    _printf_d                                0x08000261   Thumb Code     0  _printf_d.o(.ARM.Collect$$_printf_percent$$00000009)
    _printf_percent                          0x08000261   Thumb Code     0  _printf_percent.o(.ARM.Collect$$_printf_percent$$00000000)
    _printf_u                                0x08000267   Thumb Code     0  _printf_u.o(.ARM.Collect$$_printf_percent$$0000000A)
    _printf_x                                0x0800026d   Thumb Code     0  _printf_x.o(.ARM.Collect$$_printf_percent$$0000000C)
    _printf_c                                0x08000273   Thumb Code     0  _printf_c.o(.ARM.Collect$$_printf_percent$$00000013)
    _printf_s                                0x08000279   Thumb Code     0  _printf_s.o(.ARM.Collect$$_printf_percent$$00000014)
    _printf_percent_end                      0x0800027f   Thumb Code     0  _printf_percent_end.o(.ARM.Collect$$_printf_percent$$00000017)
    __rt_lib_init                            0x08000283   Thumb Code     0  libinit.o(.ARM.Collect$$libinit$$00000000)
    __rt_lib_init_fp_1                       0x08000285   Thumb Code     0  libinit2.o(.ARM.Collect$$libinit$$00000001)
    __rt_lib_init_alloca_1                   0x08000289   Thumb Code     0  libinit2.o(.ARM.Collect$$libinit$$0000002E)
    __rt_lib_init_argv_1                     0x08000289   Thumb Code     0  libinit2.o(.ARM.Collect$$libinit$$0000002C)
    __rt_lib_init_atexit_1                   0x08000289   Thumb Code     0  libinit2.o(.ARM.Collect$$libinit$$0000001B)
    __rt_lib_init_clock_1                    0x08000289   Thumb Code     0  libinit2.o(.ARM.Collect$$libinit$$00000021)
    __rt_lib_init_cpp_1                      0x08000289   Thumb Code     0  libinit2.o(.ARM.Collect$$libinit$$00000032)
    __rt_lib_init_exceptions_1               0x08000289   Thumb Code     0  libinit2.o(.ARM.Collect$$libinit$$00000030)
    __rt_lib_init_fp_trap_1                  0x08000289   Thumb Code     0  libinit2.o(.ARM.Collect$$libinit$$0000001F)
    __rt_lib_init_getenv_1                   0x08000289   Thumb Code     0  libinit2.o(.ARM.Collect$$libinit$$00000023)
    __rt_lib_init_heap_1                     0x08000289   Thumb Code     0  libinit2.o(.ARM.Collect$$libinit$$0000000A)
    __rt_lib_init_lc_collate_1               0x08000289   Thumb Code     0  libinit2.o(.ARM.Collect$$libinit$$00000011)
    __rt_lib_init_lc_ctype_1                 0x08000289   Thumb Code     0  libinit2.o(.ARM.Collect$$libinit$$00000013)
    __rt_lib_init_lc_monetary_1              0x08000289   Thumb Code     0  libinit2.o(.ARM.Collect$$libinit$$00000015)
    __rt_lib_init_lc_numeric_1               0x08000289   Thumb Code     0  libinit2.o(.ARM.Collect$$libinit$$00000017)
    __rt_lib_init_lc_time_1                  0x08000289   Thumb Code     0  libinit2.o(.ARM.Collect$$libinit$$00000019)
    __rt_lib_init_preinit_1                  0x08000289   Thumb Code     0  libinit2.o(.ARM.Collect$$libinit$$00000004)
    __rt_lib_init_rand_1                     0x08000289   Thumb Code     0  libinit2.o(.ARM.Collect$$libinit$$0000000E)
    __rt_lib_init_return                     0x08000289   Thumb Code     0  libinit2.o(.ARM.Collect$$libinit$$00000033)
    __rt_lib_init_signal_1                   0x08000289   Thumb Code     0  libinit2.o(.ARM.Collect$$libinit$$0000001D)
    __rt_lib_init_stdio_1                    0x08000289   Thumb Code     0  libinit2.o(.ARM.Collect$$libinit$$00000025)
    __rt_lib_init_user_alloc_1               0x08000289   Thumb Code     0  libinit2.o(.ARM.Collect$$libinit$$0000000C)
    __rt_lib_shutdown                        0x0800028b   Thumb Code     0  libshutdown.o(.ARM.Collect$$libshutdown$$00000000)
    __rt_lib_shutdown_cpp_1                  0x0800028d   Thumb Code     0  libshutdown2.o(.ARM.Collect$$libshutdown$$00000004)
    __rt_lib_shutdown_fini_1                 0x0800028d   Thumb Code     0  libshutdown2.o(.ARM.Collect$$libshutdown$$00000002)
    __rt_lib_shutdown_fp_trap_1              0x0800028d   Thumb Code     0  libshutdown2.o(.ARM.Collect$$libshutdown$$00000009)
    __rt_lib_shutdown_heap_1                 0x0800028d   Thumb Code     0  libshutdown2.o(.ARM.Collect$$libshutdown$$00000011)
    __rt_lib_shutdown_return                 0x0800028d   Thumb Code     0  libshutdown2.o(.ARM.Collect$$libshutdown$$00000012)
    __rt_lib_shutdown_signal_1               0x0800028d   Thumb Code     0  libshutdown2.o(.ARM.Collect$$libshutdown$$0000000C)
    __rt_lib_shutdown_stdio_1                0x0800028d   Thumb Code     0  libshutdown2.o(.ARM.Collect$$libshutdown$$00000006)
    __rt_lib_shutdown_user_alloc_1           0x0800028d   Thumb Code     0  libshutdown2.o(.ARM.Collect$$libshutdown$$0000000E)
    __rt_entry                               0x0800028f   Thumb Code     0  __rtentry.o(.ARM.Collect$$rtentry$$00000000)
    __rt_entry_presh_1                       0x0800028f   Thumb Code     0  __rtentry2.o(.ARM.Collect$$rtentry$$00000002)
    __rt_entry_sh                            0x0800028f   Thumb Code     0  __rtentry4.o(.ARM.Collect$$rtentry$$00000004)
    __rt_entry_li                            0x08000295   Thumb Code     0  __rtentry2.o(.ARM.Collect$$rtentry$$0000000A)
    __rt_entry_postsh_1                      0x08000295   Thumb Code     0  __rtentry2.o(.ARM.Collect$$rtentry$$00000009)
    __rt_entry_main                          0x08000299   Thumb Code     0  __rtentry2.o(.ARM.Collect$$rtentry$$0000000D)
    __rt_entry_postli_1                      0x08000299   Thumb Code     0  __rtentry2.o(.ARM.Collect$$rtentry$$0000000C)
    __rt_exit                                0x080002a1   Thumb Code     0  rtexit.o(.ARM.Collect$$rtexit$$00000000)
    __rt_exit_ls                             0x080002a3   Thumb Code     0  rtexit2.o(.ARM.Collect$$rtexit$$00000003)
    __rt_exit_prels_1                        0x080002a3   Thumb Code     0  rtexit2.o(.ARM.Collect$$rtexit$$00000002)
    __rt_exit_exit                           0x080002a7   Thumb Code     0  rtexit2.o(.ARM.Collect$$rtexit$$00000004)
    Reset_Handler                            0x080002ad   Thumb Code     8  startup_stm32f429xx.o(.text)
    ADC_IRQHandler                           0x080002c7   Thumb Code     0  startup_stm32f429xx.o(.text)
    CAN1_RX0_IRQHandler                      0x080002c7   Thumb Code     0  startup_stm32f429xx.o(.text)
    CAN1_RX1_IRQHandler                      0x080002c7   Thumb Code     0  startup_stm32f429xx.o(.text)
    CAN1_SCE_IRQHandler                      0x080002c7   Thumb Code     0  startup_stm32f429xx.o(.text)
    CAN1_TX_IRQHandler                       0x080002c7   Thumb Code     0  startup_stm32f429xx.o(.text)
    CAN2_RX0_IRQHandler                      0x080002c7   Thumb Code     0  startup_stm32f429xx.o(.text)
    CAN2_RX1_IRQHandler                      0x080002c7   Thumb Code     0  startup_stm32f429xx.o(.text)
    CAN2_SCE_IRQHandler                      0x080002c7   Thumb Code     0  startup_stm32f429xx.o(.text)
    CAN2_TX_IRQHandler                       0x080002c7   Thumb Code     0  startup_stm32f429xx.o(.text)
    DCMI_IRQHandler                          0x080002c7   Thumb Code     0  startup_stm32f429xx.o(.text)
    DMA1_Stream0_IRQHandler                  0x080002c7   Thumb Code     0  startup_stm32f429xx.o(.text)
    DMA1_Stream1_IRQHandler                  0x080002c7   Thumb Code     0  startup_stm32f429xx.o(.text)
    DMA1_Stream2_IRQHandler                  0x080002c7   Thumb Code     0  startup_stm32f429xx.o(.text)
    DMA1_Stream3_IRQHandler                  0x080002c7   Thumb Code     0  startup_stm32f429xx.o(.text)
    DMA1_Stream4_IRQHandler                  0x080002c7   Thumb Code     0  startup_stm32f429xx.o(.text)
    DMA1_Stream5_IRQHandler                  0x080002c7   Thumb Code     0  startup_stm32f429xx.o(.text)
    DMA1_Stream6_IRQHandler                  0x080002c7   Thumb Code     0  startup_stm32f429xx.o(.text)
    DMA1_Stream7_IRQHandler                  0x080002c7   Thumb Code     0  startup_stm32f429xx.o(.text)
    DMA2D_IRQHandler                         0x080002c7   Thumb Code     0  startup_stm32f429xx.o(.text)
    DMA2_Stream0_IRQHandler                  0x080002c7   Thumb Code     0  startup_stm32f429xx.o(.text)
    DMA2_Stream1_IRQHandler                  0x080002c7   Thumb Code     0  startup_stm32f429xx.o(.text)
    DMA2_Stream2_IRQHandler                  0x080002c7   Thumb Code     0  startup_stm32f429xx.o(.text)
    DMA2_Stream3_IRQHandler                  0x080002c7   Thumb Code     0  startup_stm32f429xx.o(.text)
    DMA2_Stream4_IRQHandler                  0x080002c7   Thumb Code     0  startup_stm32f429xx.o(.text)
    DMA2_Stream5_IRQHandler                  0x080002c7   Thumb Code     0  startup_stm32f429xx.o(.text)
    DMA2_Stream6_IRQHandler                  0x080002c7   Thumb Code     0  startup_stm32f429xx.o(.text)
    DMA2_Stream7_IRQHandler                  0x080002c7   Thumb Code     0  startup_stm32f429xx.o(.text)
    ETH_IRQHandler                           0x080002c7   Thumb Code     0  startup_stm32f429xx.o(.text)
    ETH_WKUP_IRQHandler                      0x080002c7   Thumb Code     0  startup_stm32f429xx.o(.text)
    EXTI0_IRQHandler                         0x080002c7   Thumb Code     0  startup_stm32f429xx.o(.text)
    EXTI15_10_IRQHandler                     0x080002c7   Thumb Code     0  startup_stm32f429xx.o(.text)
    EXTI1_IRQHandler                         0x080002c7   Thumb Code     0  startup_stm32f429xx.o(.text)
    EXTI2_IRQHandler                         0x080002c7   Thumb Code     0  startup_stm32f429xx.o(.text)
    EXTI3_IRQHandler                         0x080002c7   Thumb Code     0  startup_stm32f429xx.o(.text)
    EXTI4_IRQHandler                         0x080002c7   Thumb Code     0  startup_stm32f429xx.o(.text)
    EXTI9_5_IRQHandler                       0x080002c7   Thumb Code     0  startup_stm32f429xx.o(.text)
    FLASH_IRQHandler                         0x080002c7   Thumb Code     0  startup_stm32f429xx.o(.text)
    FMC_IRQHandler                           0x080002c7   Thumb Code     0  startup_stm32f429xx.o(.text)
    FPU_IRQHandler                           0x080002c7   Thumb Code     0  startup_stm32f429xx.o(.text)
    HASH_RNG_IRQHandler                      0x080002c7   Thumb Code     0  startup_stm32f429xx.o(.text)
    I2C1_ER_IRQHandler                       0x080002c7   Thumb Code     0  startup_stm32f429xx.o(.text)
    I2C1_EV_IRQHandler                       0x080002c7   Thumb Code     0  startup_stm32f429xx.o(.text)
    I2C2_ER_IRQHandler                       0x080002c7   Thumb Code     0  startup_stm32f429xx.o(.text)
    I2C2_EV_IRQHandler                       0x080002c7   Thumb Code     0  startup_stm32f429xx.o(.text)
    I2C3_ER_IRQHandler                       0x080002c7   Thumb Code     0  startup_stm32f429xx.o(.text)
    I2C3_EV_IRQHandler                       0x080002c7   Thumb Code     0  startup_stm32f429xx.o(.text)
    LTDC_ER_IRQHandler                       0x080002c7   Thumb Code     0  startup_stm32f429xx.o(.text)
    LTDC_IRQHandler                          0x080002c7   Thumb Code     0  startup_stm32f429xx.o(.text)
    OTG_FS_IRQHandler                        0x080002c7   Thumb Code     0  startup_stm32f429xx.o(.text)
    OTG_FS_WKUP_IRQHandler                   0x080002c7   Thumb Code     0  startup_stm32f429xx.o(.text)
    OTG_HS_EP1_IN_IRQHandler                 0x080002c7   Thumb Code     0  startup_stm32f429xx.o(.text)
    OTG_HS_EP1_OUT_IRQHandler                0x080002c7   Thumb Code     0  startup_stm32f429xx.o(.text)
    OTG_HS_IRQHandler                        0x080002c7   Thumb Code     0  startup_stm32f429xx.o(.text)
    OTG_HS_WKUP_IRQHandler                   0x080002c7   Thumb Code     0  startup_stm32f429xx.o(.text)
    PVD_IRQHandler                           0x080002c7   Thumb Code     0  startup_stm32f429xx.o(.text)
    RCC_IRQHandler                           0x080002c7   Thumb Code     0  startup_stm32f429xx.o(.text)
    RTC_Alarm_IRQHandler                     0x080002c7   Thumb Code     0  startup_stm32f429xx.o(.text)
    RTC_WKUP_IRQHandler                      0x080002c7   Thumb Code     0  startup_stm32f429xx.o(.text)
    SAI1_IRQHandler                          0x080002c7   Thumb Code     0  startup_stm32f429xx.o(.text)
    SDIO_IRQHandler                          0x080002c7   Thumb Code     0  startup_stm32f429xx.o(.text)
    SPI1_IRQHandler                          0x080002c7   Thumb Code     0  startup_stm32f429xx.o(.text)
    SPI2_IRQHandler                          0x080002c7   Thumb Code     0  startup_stm32f429xx.o(.text)
    SPI3_IRQHandler                          0x080002c7   Thumb Code     0  startup_stm32f429xx.o(.text)
    SPI4_IRQHandler                          0x080002c7   Thumb Code     0  startup_stm32f429xx.o(.text)
    SPI5_IRQHandler                          0x080002c7   Thumb Code     0  startup_stm32f429xx.o(.text)
    SPI6_IRQHandler                          0x080002c7   Thumb Code     0  startup_stm32f429xx.o(.text)
    TAMP_STAMP_IRQHandler                    0x080002c7   Thumb Code     0  startup_stm32f429xx.o(.text)
    TIM1_BRK_TIM9_IRQHandler                 0x080002c7   Thumb Code     0  startup_stm32f429xx.o(.text)
    TIM1_CC_IRQHandler                       0x080002c7   Thumb Code     0  startup_stm32f429xx.o(.text)
    TIM1_TRG_COM_TIM11_IRQHandler            0x080002c7   Thumb Code     0  startup_stm32f429xx.o(.text)
    TIM1_UP_TIM10_IRQHandler                 0x080002c7   Thumb Code     0  startup_stm32f429xx.o(.text)
    TIM2_IRQHandler                          0x080002c7   Thumb Code     0  startup_stm32f429xx.o(.text)
    TIM3_IRQHandler                          0x080002c7   Thumb Code     0  startup_stm32f429xx.o(.text)
    TIM5_IRQHandler                          0x080002c7   Thumb Code     0  startup_stm32f429xx.o(.text)
    TIM6_DAC_IRQHandler                      0x080002c7   Thumb Code     0  startup_stm32f429xx.o(.text)
    TIM7_IRQHandler                          0x080002c7   Thumb Code     0  startup_stm32f429xx.o(.text)
    TIM8_BRK_TIM12_IRQHandler                0x080002c7   Thumb Code     0  startup_stm32f429xx.o(.text)
    TIM8_CC_IRQHandler                       0x080002c7   Thumb Code     0  startup_stm32f429xx.o(.text)
    TIM8_TRG_COM_TIM14_IRQHandler            0x080002c7   Thumb Code     0  startup_stm32f429xx.o(.text)
    TIM8_UP_TIM13_IRQHandler                 0x080002c7   Thumb Code     0  startup_stm32f429xx.o(.text)
    UART4_IRQHandler                         0x080002c7   Thumb Code     0  startup_stm32f429xx.o(.text)
    UART5_IRQHandler                         0x080002c7   Thumb Code     0  startup_stm32f429xx.o(.text)
    UART7_IRQHandler                         0x080002c7   Thumb Code     0  startup_stm32f429xx.o(.text)
    UART8_IRQHandler                         0x080002c7   Thumb Code     0  startup_stm32f429xx.o(.text)
    USART2_IRQHandler                        0x080002c7   Thumb Code     0  startup_stm32f429xx.o(.text)
    USART3_IRQHandler                        0x080002c7   Thumb Code     0  startup_stm32f429xx.o(.text)
    USART6_IRQHandler                        0x080002c7   Thumb Code     0  startup_stm32f429xx.o(.text)
    WWDG_IRQHandler                          0x080002c7   Thumb Code     0  startup_stm32f429xx.o(.text)
    __user_initial_stackheap                 0x080002c9   Thumb Code     0  startup_stm32f429xx.o(.text)
    __use_no_semihosting                     0x080002ed   Thumb Code     2  use_no_semi_2.o(.text)
    __2printf                                0x080002f1   Thumb Code    20  noretval__2printf.o(.text)
    _printf_pre_padding                      0x08000309   Thumb Code    44  _printf_pad.o(.text)
    _printf_post_padding                     0x08000335   Thumb Code    34  _printf_pad.o(.text)
    _printf_str                              0x08000357   Thumb Code    82  _printf_str.o(.text)
    _printf_int_dec                          0x080003a9   Thumb Code   104  _printf_dec.o(.text)
    _printf_int_hex                          0x08000421   Thumb Code    84  _printf_hex_int.o(.text)
    _printf_longlong_hex                     0x08000421   Thumb Code     0  _printf_hex_int.o(.text)
    __printf                                 0x08000479   Thumb Code   388  __printf_flags_ss_wp.o(.text)
    __aeabi_memcpy4                          0x08000601   Thumb Code     0  rt_memcpy_w.o(.text)
    __aeabi_memcpy8                          0x08000601   Thumb Code     0  rt_memcpy_w.o(.text)
    __rt_memcpy_w                            0x08000601   Thumb Code   100  rt_memcpy_w.o(.text)
    _memcpy_lastbytes_aligned                0x08000649   Thumb Code     0  rt_memcpy_w.o(.text)
    __use_two_region_memory                  0x08000665   Thumb Code     2  heapauxi.o(.text)
    __rt_heap_escrow$2region                 0x08000667   Thumb Code     2  heapauxi.o(.text)
    __rt_heap_expand$2region                 0x08000669   Thumb Code     2  heapauxi.o(.text)
    __I$use$semihosting                      0x0800066b   Thumb Code     0  use_no_semi.o(.text)
    __use_no_semihosting_swi                 0x0800066b   Thumb Code     2  use_no_semi.o(.text)
    __read_errno                             0x0800066d   Thumb Code    10  _rserrno.o(.text)
    __set_errno                              0x08000677   Thumb Code    12  _rserrno.o(.text)
    _printf_int_common                       0x08000683   Thumb Code   178  _printf_intcommon.o(.text)
    _printf_cs_common                        0x08000735   Thumb Code    20  _printf_char.o(.text)
    _printf_char                             0x08000749   Thumb Code    16  _printf_char.o(.text)
    _printf_string                           0x08000759   Thumb Code     8  _printf_char.o(.text)
    _printf_char_file                        0x08000761   Thumb Code    32  _printf_char_file.o(.text)
    __aeabi_errno_addr                       0x08000785   Thumb Code     8  rt_errno_addr_intlibspace.o(.text)
    __errno$intlibspace                      0x08000785   Thumb Code     0  rt_errno_addr_intlibspace.o(.text)
    __rt_errno_addr$intlibspace              0x08000785   Thumb Code     0  rt_errno_addr_intlibspace.o(.text)
    _printf_char_common                      0x08000797   Thumb Code    32  _printf_char_common.o(.text)
    ferror                                   0x080007bd   Thumb Code     8  ferror.o(.text)
    __user_libspace                          0x080007c5   Thumb Code     8  libspace.o(.text)
    __user_perproc_libspace                  0x080007c5   Thumb Code     0  libspace.o(.text)
    __user_perthread_libspace                0x080007c5   Thumb Code     0  libspace.o(.text)
    __user_setup_stackheap                   0x080007cd   Thumb Code    74  sys_stackheap_outer.o(.text)
    exit                                     0x08000817   Thumb Code    18  exit.o(.text)
    BusFault_Handler                         0x0800095d   Thumb Code     2  stm32f4xx_it.o(i.BusFault_Handler)
    DAC1_Generate_Wave                       0x08000961   Thumb Code   124  dac.o(i.DAC1_Generate_Wave)
    DAC1_Init                                0x080009f1   Thumb Code    42  dac.o(i.DAC1_Init)
    DAC1_Set_Vol                             0x08000a25   Thumb Code    62  dac.o(i.DAC1_Set_Vol)
    DebugMon_Handler                         0x08000a81   Thumb Code     2  stm32f4xx_it.o(i.DebugMon_Handler)
    FMC_NORSRAM_Extended_Timing_Init         0x08000a85   Thumb Code    60  stm32f4xx_ll_fmc.o(i.FMC_NORSRAM_Extended_Timing_Init)
    FMC_NORSRAM_Init                         0x08000ac5   Thumb Code   110  stm32f4xx_ll_fmc.o(i.FMC_NORSRAM_Init)
    FMC_NORSRAM_Timing_Init                  0x08000b3d   Thumb Code    86  stm32f4xx_ll_fmc.o(i.FMC_NORSRAM_Timing_Init)
    FMC_SDRAM_Init                           0x08000b99   Thumb Code    76  stm32f4xx_ll_fmc.o(i.FMC_SDRAM_Init)
    FMC_SDRAM_ProgramRefreshRate             0x08000be5   Thumb Code    12  stm32f4xx_ll_fmc.o(i.FMC_SDRAM_ProgramRefreshRate)
    FMC_SDRAM_SendCommand                    0x08000bf1   Thumb Code    72  stm32f4xx_ll_fmc.o(i.FMC_SDRAM_SendCommand)
    FMC_SDRAM_Timing_Init                    0x08000c39   Thumb Code   124  stm32f4xx_ll_fmc.o(i.FMC_SDRAM_Timing_Init)
    HAL_ADC_Init                             0x08000cb5   Thumb Code    58  stm32f4xx_hal_adc.o(i.HAL_ADC_Init)
    HAL_ADC_MspInit                          0x08000cf1   Thumb Code    66  adc.o(i.HAL_ADC_MspInit)
    HAL_DAC_ConfigChannel                    0x08000d3d   Thumb Code    66  stm32f4xx_hal_dac.o(i.HAL_DAC_ConfigChannel)
    HAL_DAC_Init                             0x08000d7f   Thumb Code    40  stm32f4xx_hal_dac.o(i.HAL_DAC_Init)
    HAL_DAC_MspInit                          0x08000da9   Thumb Code    66  dac.o(i.HAL_DAC_MspInit)
    HAL_DAC_SetValue                         0x08000df5   Thumb Code    26  stm32f4xx_hal_dac.o(i.HAL_DAC_SetValue)
    HAL_DAC_Start                            0x08000e0f   Thumb Code   108  stm32f4xx_hal_dac.o(i.HAL_DAC_Start)
    HAL_GPIO_Init                            0x08000e7d   Thumb Code   422  stm32f4xx_hal_gpio.o(i.HAL_GPIO_Init)
    HAL_GPIO_ReadPin                         0x08001059   Thumb Code    10  stm32f4xx_hal_gpio.o(i.HAL_GPIO_ReadPin)
    HAL_GPIO_WritePin                        0x08001063   Thumb Code    10  stm32f4xx_hal_gpio.o(i.HAL_GPIO_WritePin)
    HAL_GetTick                              0x0800106d   Thumb Code     6  stm32f4xx_hal.o(i.HAL_GetTick)
    HAL_IncTick                              0x08001079   Thumb Code    10  stm32f4xx_hal.o(i.HAL_IncTick)
    HAL_Init                                 0x08001089   Thumb Code    48  stm32f4xx_hal.o(i.HAL_Init)
    HAL_InitTick                             0x080010bd   Thumb Code    34  stm32f4xx_hal.o(i.HAL_InitTick)
    HAL_LTDC_ConfigLayer                     0x080010df   Thumb Code    82  stm32f4xx_hal_ltdc.o(i.HAL_LTDC_ConfigLayer)
    HAL_LTDC_Init                            0x08001131   Thumb Code   248  stm32f4xx_hal_ltdc.o(i.HAL_LTDC_Init)
    HAL_LTDC_MspInit                         0x0800122d   Thumb Code   218  ltdc.o(i.HAL_LTDC_MspInit)
    HAL_LTDC_SetWindowPosition               0x08001321   Thumb Code    84  stm32f4xx_hal_ltdc.o(i.HAL_LTDC_SetWindowPosition)
    HAL_LTDC_SetWindowSize                   0x08001375   Thumb Code    84  stm32f4xx_hal_ltdc.o(i.HAL_LTDC_SetWindowSize)
    HAL_MspInit                              0x080013c9   Thumb Code     8  stm32f4xx_hal.o(i.HAL_MspInit)
    HAL_NVIC_EnableIRQ                       0x080013d1   Thumb Code    22  stm32f4xx_hal_cortex.o(i.HAL_NVIC_EnableIRQ)
    HAL_NVIC_SetPriority                     0x080013e9   Thumb Code    60  stm32f4xx_hal_cortex.o(i.HAL_NVIC_SetPriority)
    HAL_NVIC_SetPriorityGrouping             0x08001429   Thumb Code    26  stm32f4xx_hal_cortex.o(i.HAL_NVIC_SetPriorityGrouping)
    HAL_PWREx_EnableOverDrive                0x0800144d   Thumb Code   122  stm32f4xx_hal_pwr_ex.o(i.HAL_PWREx_EnableOverDrive)
    HAL_RCCEx_PeriphCLKConfig                0x080014d5   Thumb Code   644  stm32f4xx_hal_rcc_ex.o(i.HAL_RCCEx_PeriphCLKConfig)
    HAL_RCC_ClockConfig                      0x0800177d   Thumb Code   512  stm32f4xx_hal_rcc.o(i.HAL_RCC_ClockConfig)
    HAL_RCC_GetHCLKFreq                      0x08001985   Thumb Code    38  stm32f4xx_hal_rcc.o(i.HAL_RCC_GetHCLKFreq)
    HAL_RCC_GetPCLK1Freq                     0x080019b9   Thumb Code    36  stm32f4xx_hal_rcc.o(i.HAL_RCC_GetPCLK1Freq)
    HAL_RCC_GetPCLK2Freq                     0x080019e5   Thumb Code    36  stm32f4xx_hal_rcc.o(i.HAL_RCC_GetPCLK2Freq)
    HAL_RCC_GetSysClockFreq                  0x08001a11   Thumb Code   104  stm32f4xx_hal_rcc.o(i.HAL_RCC_GetSysClockFreq)
    HAL_RCC_OscConfig                        0x08001a85   Thumb Code   774  stm32f4xx_hal_rcc.o(i.HAL_RCC_OscConfig)
    HAL_SDRAM_Init                           0x08001da1   Thumb Code    66  stm32f4xx_hal_sdram.o(i.HAL_SDRAM_Init)
    HAL_SDRAM_MspInit                        0x08001de5   Thumb Code   194  sdram.o(i.HAL_SDRAM_MspInit)
    HAL_SDRAM_ProgramRefreshRate             0x08001ec1   Thumb Code    34  stm32f4xx_hal_sdram.o(i.HAL_SDRAM_ProgramRefreshRate)
    HAL_SDRAM_SendCommand                    0x08001ee3   Thumb Code    46  stm32f4xx_hal_sdram.o(i.HAL_SDRAM_SendCommand)
    HAL_SRAM_Init                            0x08001f11   Thumb Code    86  stm32f4xx_hal_sram.o(i.HAL_SRAM_Init)
    HAL_SRAM_MspInit                         0x08001f69   Thumb Code   106  lcd.o(i.HAL_SRAM_MspInit)
    HAL_SYSTICK_CLKSourceConfig              0x08001fe1   Thumb Code    24  stm32f4xx_hal_cortex.o(i.HAL_SYSTICK_CLKSourceConfig)
    HAL_SYSTICK_Config                       0x08001ff9   Thumb Code    40  stm32f4xx_hal_cortex.o(i.HAL_SYSTICK_Config)
    HAL_TIM_Base_Init                        0x08002021   Thumb Code    54  stm32f4xx_hal_tim.o(i.HAL_TIM_Base_Init)
    HAL_TIM_Base_MspInit                     0x08002057   Thumb Code     2  stm32f4xx_hal_tim.o(i.HAL_TIM_Base_MspInit)
    HAL_TIM_Base_Start                       0x08002059   Thumb Code    26  stm32f4xx_hal_tim.o(i.HAL_TIM_Base_Start)
    HAL_TIM_Base_Start_IT                    0x08002073   Thumb Code    24  stm32f4xx_hal_tim.o(i.HAL_TIM_Base_Start_IT)
    HAL_UART_ErrorCallback                   0x0800208b   Thumb Code     2  stm32f4xx_hal_uart.o(i.HAL_UART_ErrorCallback)
    HAL_UART_IRQHandler                      0x0800208d   Thumb Code   244  stm32f4xx_hal_uart.o(i.HAL_UART_IRQHandler)
    HAL_UART_Init                            0x08002181   Thumb Code    94  stm32f4xx_hal_uart.o(i.HAL_UART_Init)
    HAL_UART_MspInit                         0x080021e1   Thumb Code   134  usart.o(i.HAL_UART_MspInit)
    HAL_UART_Receive                         0x08002275   Thumb Code   202  stm32f4xx_hal_uart.o(i.HAL_UART_Receive)
    HAL_UART_RxCpltCallback                  0x0800233f   Thumb Code     2  stm32f4xx_hal_uart.o(i.HAL_UART_RxCpltCallback)
    HAL_UART_TxCpltCallback                  0x08002341   Thumb Code     2  stm32f4xx_hal_uart.o(i.HAL_UART_TxCpltCallback)
    HardFault_Handler                        0x08002343   Thumb Code     2  stm32f4xx_it.o(i.HardFault_Handler)
    KEY_Init                                 0x08002345   Thumb Code   110  key.o(i.KEY_Init)
    KEY_Scan                                 0x080023c5   Thumb Code   200  key.o(i.KEY_Scan)
    LCD_Clear                                0x0800249d   Thumb Code    58  lcd.o(i.LCD_Clear)
    LCD_Display_Dir                          0x080024e5   Thumb Code   256  lcd.o(i.LCD_Display_Dir)
    LCD_Fast_DrawPoint                       0x080025ed   Thumb Code   214  lcd.o(i.LCD_Fast_DrawPoint)
    LCD_Init                                 0x080026d1   Thumb Code 11032  lcd.o(i.LCD_Init)
    LCD_Pow                                  0x080051ed   Thumb Code    16  lcd.o(i.LCD_Pow)
    LCD_RD_DATA                              0x080051fd   Thumb Code    16  lcd.o(i.LCD_RD_DATA)
    LCD_SSD_BackLightSet                     0x08005211   Thumb Code    72  lcd.o(i.LCD_SSD_BackLightSet)
    LCD_Scan_Dir                             0x08005261   Thumb Code   414  lcd.o(i.LCD_Scan_Dir)
    LCD_SetCursor                            0x08005405   Thumb Code   236  lcd.o(i.LCD_SetCursor)
    LCD_ShowChar                             0x080054f5   Thumb Code   196  lcd.o(i.LCD_ShowChar)
    LCD_ShowString                           0x080055d1   Thumb Code    84  lcd.o(i.LCD_ShowString)
    LCD_ShowxNum                             0x08005625   Thumb Code   134  lcd.o(i.LCD_ShowxNum)
    LCD_WR_DATA                              0x080056ad   Thumb Code    20  lcd.o(i.LCD_WR_DATA)
    LCD_WR_REG                               0x080056c5   Thumb Code    20  lcd.o(i.LCD_WR_REG)
    LCD_WriteRAM_Prepare                     0x080056dd   Thumb Code    10  lcd.o(i.LCD_WriteRAM_Prepare)
    LCD_WriteReg                             0x080056f1   Thumb Code    10  lcd.o(i.LCD_WriteReg)
    LED_Init                                 0x08005701   Thumb Code    68  led.o(i.LED_Init)
    LTDC_Clear                               0x0800574d   Thumb Code    28  ltdc.o(i.LTDC_Clear)
    LTDC_Clk_Set                             0x0800576d   Thumb Code    30  ltdc.o(i.LTDC_Clk_Set)
    LTDC_Display_Dir                         0x0800578d   Thumb Code    34  ltdc.o(i.LTDC_Display_Dir)
    LTDC_Draw_Point                          0x080057b5   Thumb Code    52  ltdc.o(i.LTDC_Draw_Point)
    LTDC_Fill                                0x080057f1   Thumb Code   162  ltdc.o(i.LTDC_Fill)
    LTDC_Init                                0x080058a5   Thumb Code   494  ltdc.o(i.LTDC_Init)
    LTDC_Layer_Parameter_Config              0x08005aad   Thumb Code    86  ltdc.o(i.LTDC_Layer_Parameter_Config)
    LTDC_Layer_Window_Config                 0x08005b09   Thumb Code    32  ltdc.o(i.LTDC_Layer_Window_Config)
    LTDC_PanelID_Read                        0x08005b2d   Thumb Code   170  ltdc.o(i.LTDC_PanelID_Read)
    MY_ADC_Init                              0x08005d49   Thumb Code    44  adc.o(i.MY_ADC_Init)
    MemManage_Handler                        0x08005d81   Thumb Code     2  stm32f4xx_it.o(i.MemManage_Handler)
    NMI_Handler                              0x08005d83   Thumb Code     2  stm32f4xx_it.o(i.NMI_Handler)
    PendSV_Handler                           0x08005da5   Thumb Code     2  stm32f4xx_it.o(i.PendSV_Handler)
    SDRAM_Init                               0x08005da9   Thumb Code    86  sdram.o(i.SDRAM_Init)
    SDRAM_Initialization_Sequence            0x08005e09   Thumb Code    74  sdram.o(i.SDRAM_Initialization_Sequence)
    SDRAM_Send_Cmd                           0x08005e59   Thumb Code    48  sdram.o(i.SDRAM_Send_Cmd)
    SVC_Handler                              0x08005e8d   Thumb Code     2  stm32f4xx_it.o(i.SVC_Handler)
    Stm32_Clock_Init                         0x08005e91   Thumb Code   122  sys.o(i.Stm32_Clock_Init)
    SysTick_Handler                          0x08005f15   Thumb Code     4  stm32f4xx_it.o(i.SysTick_Handler)
    SystemInit                               0x08005f19   Thumb Code    66  system_stm32f4xx.o(i.SystemInit)
    TIM4_IRQHandler                          0x08005f6d   Thumb Code    44  usmart.o(i.TIM4_IRQHandler)
    TIM_Base_SetConfig                       0x08005fa1   Thumb Code   148  stm32f4xx_hal_tim.o(i.TIM_Base_SetConfig)
    Timer4_Init                              0x08006061   Thumb Code    72  usmart.o(i.Timer4_Init)
    USART1_IRQHandler                        0x080063c9   Thumb Code   100  usart.o(i.USART1_IRQHandler)
    UsageFault_Handler                       0x08006435   Thumb Code     2  stm32f4xx_it.o(i.UsageFault_Handler)
    WaveTable_Init                           0x08006439   Thumb Code   126  dac.o(i.WaveTable_Init)
    __ARM_fpclassify                         0x080064dd   Thumb Code    48  fpclassify.o(i.__ARM_fpclassify)
    __hardfp_sin                             0x08006511   Thumb Code   180  sin.o(i.__hardfp_sin)
    __ieee754_rem_pio2                       0x080065d9   Thumb Code   938  rred.o(i.__ieee754_rem_pio2)
    __kernel_cos                             0x08006a11   Thumb Code   322  cos_i.o(i.__kernel_cos)
    __kernel_poly                            0x08006b81   Thumb Code   248  poly.o(i.__kernel_poly)
    __kernel_sin                             0x08006c79   Thumb Code   280  sin_i.o(i.__kernel_sin)
    __mathlib_dbl_infnan                     0x08006da9   Thumb Code    20  dunder.o(i.__mathlib_dbl_infnan)
    __mathlib_dbl_invalid                    0x08006dc1   Thumb Code    24  dunder.o(i.__mathlib_dbl_invalid)
    __mathlib_dbl_underflow                  0x08006de1   Thumb Code    24  dunder.o(i.__mathlib_dbl_underflow)
    _is_digit                                0x08006e01   Thumb Code    14  __printf_wp.o(i._is_digit)
    _sys_exit                                0x08006e0f   Thumb Code     2  usart.o(i._sys_exit)
    delay_init                               0x08006e11   Thumb Code    16  delay.o(i.delay_init)
    delay_ms                                 0x08006e25   Thumb Code    26  delay.o(i.delay_ms)
    delay_us                                 0x08006e41   Thumb Code    48  delay.o(i.delay_us)
    fabs                                     0x08006e75   Thumb Code    24  fabs.o(i.fabs)
    fputc                                    0x08006e8d   Thumb Code    14  usart.o(i.fputc)
    main                                     0x08006ea1   Thumb Code   580  main.o(i.main)
    read_addr                                0x080071e9   Thumb Code     4  usmart.o(i.read_addr)
    uart_init                                0x080071ed   Thumb Code    28  usart.o(i.uart_init)
    usmart_cmd_rec                           0x08007211   Thumb Code   144  usmart.o(i.usmart_cmd_rec)
    usmart_exe                               0x080072a5   Thumb Code   510  usmart.o(i.usmart_exe)
    usmart_get_aparm                         0x08007505   Thumb Code   156  usmart_str.o(i.usmart_get_aparm)
    usmart_get_cmdname                       0x080075a1   Thumb Code    46  usmart_str.o(i.usmart_get_cmdname)
    usmart_get_fname                         0x080075d1   Thumb Code   352  usmart_str.o(i.usmart_get_fname)
    usmart_get_fparam                        0x08007739   Thumb Code   202  usmart_str.o(i.usmart_get_fparam)
    usmart_get_parmpos                       0x08007809   Thumb Code    30  usmart_str.o(i.usmart_get_parmpos)
    usmart_get_runtime                       0x0800782d   Thumb Code    38  usmart.o(i.usmart_get_runtime)
    usmart_init                              0x0800785d   Thumb Code    36  usmart.o(i.usmart_init)
    usmart_pow                               0x08007885   Thumb Code    16  usmart_str.o(i.usmart_pow)
    usmart_reset_runtime                     0x08007895   Thumb Code    32  usmart.o(i.usmart_reset_runtime)
    usmart_scan                              0x080078bd   Thumb Code    94  usmart.o(i.usmart_scan)
    usmart_search_nextc                      0x08007961   Thumb Code    16  usmart_str.o(i.usmart_search_nextc)
    usmart_str2num                           0x08007971   Thumb Code   160  usmart_str.o(i.usmart_str2num)
    usmart_strcmp                            0x08007a11   Thumb Code    24  usmart_str.o(i.usmart_strcmp)
    usmart_strcopy                           0x08007a29   Thumb Code    18  usmart_str.o(i.usmart_strcopy)
    usmart_strlen                            0x08007a3b   Thumb Code    18  usmart_str.o(i.usmart_strlen)
    usmart_sys_cmd_exe                       0x08007a4d   Thumb Code  1458  usmart.o(i.usmart_sys_cmd_exe)
    write_addr                               0x080080cd   Thumb Code     4  usmart.o(i.write_addr)
    __aeabi_dneg                             0x080080d1   Thumb Code     0  basic.o(x$fpl$basic)
    _dneg                                    0x080080d1   Thumb Code     6  basic.o(x$fpl$basic)
    __aeabi_fneg                             0x080080d7   Thumb Code     0  basic.o(x$fpl$basic)
    _fneg                                    0x080080d7   Thumb Code     6  basic.o(x$fpl$basic)
    _dabs                                    0x080080dd   Thumb Code     6  basic.o(x$fpl$basic)
    _fabs                                    0x080080e3   Thumb Code     6  basic.o(x$fpl$basic)
    __aeabi_dadd                             0x080080e9   Thumb Code     0  daddsub_clz.o(x$fpl$dadd)
    _dadd                                    0x080080e9   Thumb Code   332  daddsub_clz.o(x$fpl$dadd)
    __aeabi_ddiv                             0x08008239   Thumb Code     0  ddiv.o(x$fpl$ddiv)
    _ddiv                                    0x08008239   Thumb Code   552  ddiv.o(x$fpl$ddiv)
    __aeabi_d2iz                             0x080084e9   Thumb Code     0  dfix.o(x$fpl$dfix)
    _dfix                                    0x080084e9   Thumb Code    94  dfix.o(x$fpl$dfix)
    __aeabi_d2uiz                            0x08008549   Thumb Code     0  dfixu.o(x$fpl$dfixu)
    _dfixu                                   0x08008549   Thumb Code    90  dfixu.o(x$fpl$dfixu)
    __aeabi_i2d                              0x080085a3   Thumb Code     0  dflt_clz.o(x$fpl$dflt)
    _dflt                                    0x080085a3   Thumb Code    46  dflt_clz.o(x$fpl$dflt)
    __aeabi_ui2d                             0x080085d1   Thumb Code     0  dflt_clz.o(x$fpl$dfltu)
    _dfltu                                   0x080085d1   Thumb Code    38  dflt_clz.o(x$fpl$dfltu)
    __aeabi_dmul                             0x080085f9   Thumb Code     0  dmul.o(x$fpl$dmul)
    _dmul                                    0x080085f9   Thumb Code   332  dmul.o(x$fpl$dmul)
    __fpl_dnaninf                            0x0800874d   Thumb Code   156  dnaninf.o(x$fpl$dnaninf)
    __fpl_dretinf                            0x080087e9   Thumb Code    12  dretinf.o(x$fpl$dretinf)
    __aeabi_drsub                            0x080087f5   Thumb Code     0  daddsub_clz.o(x$fpl$drsb)
    _drsb                                    0x080087f5   Thumb Code    22  daddsub_clz.o(x$fpl$drsb)
    __aeabi_dsub                             0x0800880d   Thumb Code     0  daddsub_clz.o(x$fpl$dsub)
    _dsub                                    0x0800880d   Thumb Code   464  daddsub_clz.o(x$fpl$dsub)
    _fp_init                                 0x080089e1   Thumb Code    10  fpinit.o(x$fpl$fpinit)
    __fplib_config_fpu_vfp                   0x080089e9   Thumb Code     0  fpinit.o(x$fpl$fpinit)
    __fplib_config_pureend_doubles           0x080089e9   Thumb Code     0  fpinit.o(x$fpl$fpinit)
    APBAHBPrescTable                         0x080089ea   Data          16  stm32f4xx_hal_rcc.o(.constdata)
    __I$use$fp                               0x080089ea   Number         0  usenofp.o(x$fpl$usenofp)
    asc2_1206                                0x080089fa   Data        1140  lcd.o(.constdata)
    asc2_1608                                0x08008e6e   Data        1520  lcd.o(.constdata)
    asc2_2412                                0x0800945e   Data        3420  lcd.o(.constdata)
    asc2_3216                                0x0800a1ba   Data       12160  lcd.o(.constdata)
    Region$$Table$$Base                      0x0800d318   Number         0  anon$$obj.o(Region$$Table)
    Region$$Table$$Limit                     0x0800d338   Number         0  anon$$obj.o(Region$$Table)
    SystemCoreClock                          0x20000000   Data           4  system_stm32f4xx.o(.data)
    AHBPrescTable                            0x20000004   Data          16  system_stm32f4xx.o(.data)
    USART_RX_STA                             0x2000001c   Data           2  usart.o(.data)
    __stdout                                 0x20000020   Data           4  usart.o(.data)
    POINT_COLOR                              0x20000028   Data           4  lcd.o(.data)
    BACK_COLOR                               0x2000002c   Data           4  lcd.o(.data)
    ltdc_framebuf                            0x20000030   Data           8  ltdc.o(.data)
    sys_cmd_tab                              0x2000003c   Data          28  usmart.o(.data)
    usmart_nametab                           0x20000058   Data          24  usmart_config.o(.data)
    usmart_dev                               0x20000070   Data         244  usmart_config.o(.data)
    htim6                                    0x20000164   Data          60  main.o(.bss)
    USART_RX_BUF                             0x200001a0   Data         200  usart.o(.bss)
    UART1_Handler                            0x20000268   Data          64  usart.o(.bss)
    SRAM_Handler                             0x200002a8   Data          80  lcd.o(.bss)
    lcddev                                   0x200002f8   Data          14  lcd.o(.bss)
    SDRAM_Handler                            0x20000308   Data          52  sdram.o(.bss)
    LTDC_Handler                             0x2000033c   Data         168  ltdc.o(.bss)
    lcdltdc                                  0x200003e4   Data          32  ltdc.o(.bss)
    ADC1_Handler                             0x20000404   Data          68  adc.o(.bss)
    DAC1_Handler                             0x20000448   Data          20  dac.o(.bss)
    TIM4_Handler                             0x2000085c   Data          60  usmart.o(.bss)
    __libspace_start                         0x20000898   Data          96  libspace.o(.bss)
    __temporary_stack_top$libspace           0x200008f8   Data           0  libspace.o(.bss)
    ltdc_lcd_framebuf                        0xc0000000   Data       2048000  ltdc.o(.ARM.__AT_0xC0000000)



==============================================================================

Memory Map of the image

  Image Entry point : 0x080001ad

  Load Region LR_IROM1 (Base: 0x08000000, Size: 0x0000d49c, Max: 0x00100000, ABSOLUTE, COMPRESSED[0x0000d390])

    Execution Region ER_IROM1 (Exec base: 0x08000000, Load base: 0x08000000, Size: 0x0000d338, Max: 0x00100000, ABSOLUTE)

    Exec Addr    Load Addr    Size         Type   Attr      Idx    E Section Name        Object

    0x08000000   0x08000000   0x000001ac   Data   RO          501    RESET               startup_stm32f429xx.o
    0x080001ac   0x080001ac   0x00000008   Code   RO         4872  * !!!main             c_w.l(__main.o)
    0x080001b4   0x080001b4   0x00000034   Code   RO         5140    !!!scatter          c_w.l(__scatter.o)
    0x080001e8   0x080001e8   0x0000005a   Code   RO         5138    !!dczerorl2         c_w.l(__dczerorl2.o)
    0x08000242   0x08000242   0x00000002   PAD
    0x08000244   0x08000244   0x0000001c   Code   RO         5142    !!handler_zi        c_w.l(__scatter_zi.o)
    0x08000260   0x08000260   0x00000000   Code   RO         4867    .ARM.Collect$$_printf_percent$$00000000  c_w.l(_printf_percent.o)
    0x08000260   0x08000260   0x00000006   Code   RO         4865    .ARM.Collect$$_printf_percent$$00000009  c_w.l(_printf_d.o)
    0x08000266   0x08000266   0x00000006   Code   RO         4866    .ARM.Collect$$_printf_percent$$0000000A  c_w.l(_printf_u.o)
    0x0800026c   0x0800026c   0x00000006   Code   RO         4864    .ARM.Collect$$_printf_percent$$0000000C  c_w.l(_printf_x.o)
    0x08000272   0x08000272   0x00000006   Code   RO         4862    .ARM.Collect$$_printf_percent$$00000013  c_w.l(_printf_c.o)
    0x08000278   0x08000278   0x00000006   Code   RO         4863    .ARM.Collect$$_printf_percent$$00000014  c_w.l(_printf_s.o)
    0x0800027e   0x0800027e   0x00000004   Code   RO         4925    .ARM.Collect$$_printf_percent$$00000017  c_w.l(_printf_percent_end.o)
    0x08000282   0x08000282   0x00000002   Code   RO         5013    .ARM.Collect$$libinit$$00000000  c_w.l(libinit.o)
    0x08000284   0x08000284   0x00000004   Code   RO         5016    .ARM.Collect$$libinit$$00000001  c_w.l(libinit2.o)
    0x08000288   0x08000288   0x00000000   Code   RO         5019    .ARM.Collect$$libinit$$00000004  c_w.l(libinit2.o)
    0x08000288   0x08000288   0x00000000   Code   RO         5022    .ARM.Collect$$libinit$$0000000A  c_w.l(libinit2.o)
    0x08000288   0x08000288   0x00000000   Code   RO         5024    .ARM.Collect$$libinit$$0000000C  c_w.l(libinit2.o)
    0x08000288   0x08000288   0x00000000   Code   RO         5026    .ARM.Collect$$libinit$$0000000E  c_w.l(libinit2.o)
    0x08000288   0x08000288   0x00000000   Code   RO         5029    .ARM.Collect$$libinit$$00000011  c_w.l(libinit2.o)
    0x08000288   0x08000288   0x00000000   Code   RO         5031    .ARM.Collect$$libinit$$00000013  c_w.l(libinit2.o)
    0x08000288   0x08000288   0x00000000   Code   RO         5033    .ARM.Collect$$libinit$$00000015  c_w.l(libinit2.o)
    0x08000288   0x08000288   0x00000000   Code   RO         5035    .ARM.Collect$$libinit$$00000017  c_w.l(libinit2.o)
    0x08000288   0x08000288   0x00000000   Code   RO         5037    .ARM.Collect$$libinit$$00000019  c_w.l(libinit2.o)
    0x08000288   0x08000288   0x00000000   Code   RO         5039    .ARM.Collect$$libinit$$0000001B  c_w.l(libinit2.o)
    0x08000288   0x08000288   0x00000000   Code   RO         5041    .ARM.Collect$$libinit$$0000001D  c_w.l(libinit2.o)
    0x08000288   0x08000288   0x00000000   Code   RO         5043    .ARM.Collect$$libinit$$0000001F  c_w.l(libinit2.o)
    0x08000288   0x08000288   0x00000000   Code   RO         5045    .ARM.Collect$$libinit$$00000021  c_w.l(libinit2.o)
    0x08000288   0x08000288   0x00000000   Code   RO         5047    .ARM.Collect$$libinit$$00000023  c_w.l(libinit2.o)
    0x08000288   0x08000288   0x00000000   Code   RO         5049    .ARM.Collect$$libinit$$00000025  c_w.l(libinit2.o)
    0x08000288   0x08000288   0x00000000   Code   RO         5053    .ARM.Collect$$libinit$$0000002C  c_w.l(libinit2.o)
    0x08000288   0x08000288   0x00000000   Code   RO         5055    .ARM.Collect$$libinit$$0000002E  c_w.l(libinit2.o)
    0x08000288   0x08000288   0x00000000   Code   RO         5057    .ARM.Collect$$libinit$$00000030  c_w.l(libinit2.o)
    0x08000288   0x08000288   0x00000000   Code   RO         5059    .ARM.Collect$$libinit$$00000032  c_w.l(libinit2.o)
    0x08000288   0x08000288   0x00000002   Code   RO         5060    .ARM.Collect$$libinit$$00000033  c_w.l(libinit2.o)
    0x0800028a   0x0800028a   0x00000002   Code   RO         5078    .ARM.Collect$$libshutdown$$00000000  c_w.l(libshutdown.o)
    0x0800028c   0x0800028c   0x00000000   Code   RO         5088    .ARM.Collect$$libshutdown$$00000002  c_w.l(libshutdown2.o)
    0x0800028c   0x0800028c   0x00000000   Code   RO         5090    .ARM.Collect$$libshutdown$$00000004  c_w.l(libshutdown2.o)
    0x0800028c   0x0800028c   0x00000000   Code   RO         5092    .ARM.Collect$$libshutdown$$00000006  c_w.l(libshutdown2.o)
    0x0800028c   0x0800028c   0x00000000   Code   RO         5095    .ARM.Collect$$libshutdown$$00000009  c_w.l(libshutdown2.o)
    0x0800028c   0x0800028c   0x00000000   Code   RO         5098    .ARM.Collect$$libshutdown$$0000000C  c_w.l(libshutdown2.o)
    0x0800028c   0x0800028c   0x00000000   Code   RO         5100    .ARM.Collect$$libshutdown$$0000000E  c_w.l(libshutdown2.o)
    0x0800028c   0x0800028c   0x00000000   Code   RO         5103    .ARM.Collect$$libshutdown$$00000011  c_w.l(libshutdown2.o)
    0x0800028c   0x0800028c   0x00000002   Code   RO         5104    .ARM.Collect$$libshutdown$$00000012  c_w.l(libshutdown2.o)
    0x0800028e   0x0800028e   0x00000000   Code   RO         4916    .ARM.Collect$$rtentry$$00000000  c_w.l(__rtentry.o)
    0x0800028e   0x0800028e   0x00000000   Code   RO         4964    .ARM.Collect$$rtentry$$00000002  c_w.l(__rtentry2.o)
    0x0800028e   0x0800028e   0x00000006   Code   RO         4976    .ARM.Collect$$rtentry$$00000004  c_w.l(__rtentry4.o)
    0x08000294   0x08000294   0x00000000   Code   RO         4966    .ARM.Collect$$rtentry$$00000009  c_w.l(__rtentry2.o)
    0x08000294   0x08000294   0x00000004   Code   RO         4967    .ARM.Collect$$rtentry$$0000000A  c_w.l(__rtentry2.o)
    0x08000298   0x08000298   0x00000000   Code   RO         4969    .ARM.Collect$$rtentry$$0000000C  c_w.l(__rtentry2.o)
    0x08000298   0x08000298   0x00000008   Code   RO         4970    .ARM.Collect$$rtentry$$0000000D  c_w.l(__rtentry2.o)
    0x080002a0   0x080002a0   0x00000002   Code   RO         5014    .ARM.Collect$$rtexit$$00000000  c_w.l(rtexit.o)
    0x080002a2   0x080002a2   0x00000000   Code   RO         5062    .ARM.Collect$$rtexit$$00000002  c_w.l(rtexit2.o)
    0x080002a2   0x080002a2   0x00000004   Code   RO         5063    .ARM.Collect$$rtexit$$00000003  c_w.l(rtexit2.o)
    0x080002a6   0x080002a6   0x00000006   Code   RO         5064    .ARM.Collect$$rtexit$$00000004  c_w.l(rtexit2.o)
    0x080002ac   0x080002ac   0x00000040   Code   RO          502    .text               startup_stm32f429xx.o
    0x080002ec   0x080002ec   0x00000002   Code   RO         4807    .text               c_w.l(use_no_semi_2.o)
    0x080002ee   0x080002ee   0x00000002   PAD
    0x080002f0   0x080002f0   0x00000018   Code   RO         4811    .text               c_w.l(noretval__2printf.o)
    0x08000308   0x08000308   0x0000004e   Code   RO         4815    .text               c_w.l(_printf_pad.o)
    0x08000356   0x08000356   0x00000052   Code   RO         4817    .text               c_w.l(_printf_str.o)
    0x080003a8   0x080003a8   0x00000078   Code   RO         4819    .text               c_w.l(_printf_dec.o)
    0x08000420   0x08000420   0x00000058   Code   RO         4824    .text               c_w.l(_printf_hex_int.o)
    0x08000478   0x08000478   0x00000188   Code   RO         4859    .text               c_w.l(__printf_flags_ss_wp.o)
    0x08000600   0x08000600   0x00000064   Code   RO         4868    .text               c_w.l(rt_memcpy_w.o)
    0x08000664   0x08000664   0x00000006   Code   RO         4870    .text               c_w.l(heapauxi.o)
    0x0800066a   0x0800066a   0x00000002   Code   RO         4914    .text               c_w.l(use_no_semi.o)
    0x0800066c   0x0800066c   0x00000016   Code   RO         4917    .text               c_w.l(_rserrno.o)
    0x08000682   0x08000682   0x000000b2   Code   RO         4919    .text               c_w.l(_printf_intcommon.o)
    0x08000734   0x08000734   0x0000002c   Code   RO         4921    .text               c_w.l(_printf_char.o)
    0x08000760   0x08000760   0x00000024   Code   RO         4923    .text               c_w.l(_printf_char_file.o)
    0x08000784   0x08000784   0x00000008   Code   RO         4981    .text               c_w.l(rt_errno_addr_intlibspace.o)
    0x0800078c   0x0800078c   0x00000030   Code   RO         4983    .text               c_w.l(_printf_char_common.o)
    0x080007bc   0x080007bc   0x00000008   Code   RO         4985    .text               c_w.l(ferror.o)
    0x080007c4   0x080007c4   0x00000008   Code   RO         4999    .text               c_w.l(libspace.o)
    0x080007cc   0x080007cc   0x0000004a   Code   RO         5002    .text               c_w.l(sys_stackheap_outer.o)
    0x08000816   0x08000816   0x00000012   Code   RO         5006    .text               c_w.l(exit.o)
    0x08000828   0x08000828   0x00000134   Code   RO         3656    i.ADC_Init          stm32f4xx_hal_adc.o
    0x0800095c   0x0800095c   0x00000002   Code   RO          288    i.BusFault_Handler  stm32f4xx_it.o
    0x0800095e   0x0800095e   0x00000002   PAD
    0x08000960   0x08000960   0x00000090   Code   RO         4554    i.DAC1_Generate_Wave  dac.o
    0x080009f0   0x080009f0   0x00000034   Code   RO         4555    i.DAC1_Init         dac.o
    0x08000a24   0x08000a24   0x0000005c   Code   RO         4556    i.DAC1_Set_Vol      dac.o
    0x08000a80   0x08000a80   0x00000002   Code   RO          289    i.DebugMon_Handler  stm32f4xx_it.o
    0x08000a82   0x08000a82   0x00000002   PAD
    0x08000a84   0x08000a84   0x00000040   Code   RO         2646    i.FMC_NORSRAM_Extended_Timing_Init  stm32f4xx_ll_fmc.o
    0x08000ac4   0x08000ac4   0x00000078   Code   RO         2647    i.FMC_NORSRAM_Init  stm32f4xx_ll_fmc.o
    0x08000b3c   0x08000b3c   0x0000005c   Code   RO         2648    i.FMC_NORSRAM_Timing_Init  stm32f4xx_ll_fmc.o
    0x08000b98   0x08000b98   0x0000004c   Code   RO         2658    i.FMC_SDRAM_Init    stm32f4xx_ll_fmc.o
    0x08000be4   0x08000be4   0x0000000c   Code   RO         2659    i.FMC_SDRAM_ProgramRefreshRate  stm32f4xx_ll_fmc.o
    0x08000bf0   0x08000bf0   0x00000048   Code   RO         2660    i.FMC_SDRAM_SendCommand  stm32f4xx_ll_fmc.o
    0x08000c38   0x08000c38   0x0000007c   Code   RO         2662    i.FMC_SDRAM_Timing_Init  stm32f4xx_ll_fmc.o
    0x08000cb4   0x08000cb4   0x0000003a   Code   RO         3667    i.HAL_ADC_Init      stm32f4xx_hal_adc.o
    0x08000cee   0x08000cee   0x00000002   PAD
    0x08000cf0   0x08000cf0   0x0000004c   Code   RO         4506    i.HAL_ADC_MspInit   adc.o
    0x08000d3c   0x08000d3c   0x00000042   Code   RO         3431    i.HAL_DAC_ConfigChannel  stm32f4xx_hal_dac.o
    0x08000d7e   0x08000d7e   0x00000028   Code   RO         3441    i.HAL_DAC_Init      stm32f4xx_hal_dac.o
    0x08000da6   0x08000da6   0x00000002   PAD
    0x08000da8   0x08000da8   0x0000004c   Code   RO         4557    i.HAL_DAC_MspInit   dac.o
    0x08000df4   0x08000df4   0x0000001a   Code   RO         3444    i.HAL_DAC_SetValue  stm32f4xx_hal_dac.o
    0x08000e0e   0x08000e0e   0x0000006c   Code   RO         3445    i.HAL_DAC_Start     stm32f4xx_hal_dac.o
    0x08000e7a   0x08000e7a   0x00000002   PAD
    0x08000e7c   0x08000e7c   0x000001dc   Code   RO          793    i.HAL_GPIO_Init     stm32f4xx_hal_gpio.o
    0x08001058   0x08001058   0x0000000a   Code   RO          795    i.HAL_GPIO_ReadPin  stm32f4xx_hal_gpio.o
    0x08001062   0x08001062   0x0000000a   Code   RO          797    i.HAL_GPIO_WritePin  stm32f4xx_hal_gpio.o
    0x0800106c   0x0800106c   0x0000000c   Code   RO          524    i.HAL_GetTick       stm32f4xx_hal.o
    0x08001078   0x08001078   0x00000010   Code   RO          525    i.HAL_IncTick       stm32f4xx_hal.o
    0x08001088   0x08001088   0x00000034   Code   RO          526    i.HAL_Init          stm32f4xx_hal.o
    0x080010bc   0x080010bc   0x00000022   Code   RO          527    i.HAL_InitTick      stm32f4xx_hal.o
    0x080010de   0x080010de   0x00000052   Code   RO         3096    i.HAL_LTDC_ConfigLayer  stm32f4xx_hal_ltdc.o
    0x08001130   0x08001130   0x000000fc   Code   RO         3108    i.HAL_LTDC_Init     stm32f4xx_hal_ltdc.o
    0x0800122c   0x0800122c   0x000000f4   Code   RO         4389    i.HAL_LTDC_MspInit  ltdc.o
    0x08001320   0x08001320   0x00000054   Code   RO         3117    i.HAL_LTDC_SetWindowPosition  stm32f4xx_hal_ltdc.o
    0x08001374   0x08001374   0x00000054   Code   RO         3118    i.HAL_LTDC_SetWindowSize  stm32f4xx_hal_ltdc.o
    0x080013c8   0x080013c8   0x00000008   Code   RO          529    i.HAL_MspInit       stm32f4xx_hal.o
    0x080013d0   0x080013d0   0x00000016   Code   RO          670    i.HAL_NVIC_EnableIRQ  stm32f4xx_hal_cortex.o
    0x080013e6   0x080013e6   0x00000002   PAD
    0x080013e8   0x080013e8   0x00000040   Code   RO          676    i.HAL_NVIC_SetPriority  stm32f4xx_hal_cortex.o
    0x08001428   0x08001428   0x00000024   Code   RO          677    i.HAL_NVIC_SetPriorityGrouping  stm32f4xx_hal_cortex.o
    0x0800144c   0x0800144c   0x00000088   Code   RO          982    i.HAL_PWREx_EnableOverDrive  stm32f4xx_hal_pwr_ex.o
    0x080014d4   0x080014d4   0x000002a8   Code   RO         1154    i.HAL_RCCEx_PeriphCLKConfig  stm32f4xx_hal_rcc_ex.o
    0x0800177c   0x0800177c   0x00000208   Code   RO         1049    i.HAL_RCC_ClockConfig  stm32f4xx_hal_rcc.o
    0x08001984   0x08001984   0x00000034   Code   RO         1054    i.HAL_RCC_GetHCLKFreq  stm32f4xx_hal_rcc.o
    0x080019b8   0x080019b8   0x0000002c   Code   RO         1056    i.HAL_RCC_GetPCLK1Freq  stm32f4xx_hal_rcc.o
    0x080019e4   0x080019e4   0x0000002c   Code   RO         1057    i.HAL_RCC_GetPCLK2Freq  stm32f4xx_hal_rcc.o
    0x08001a10   0x08001a10   0x00000074   Code   RO         1058    i.HAL_RCC_GetSysClockFreq  stm32f4xx_hal_rcc.o
    0x08001a84   0x08001a84   0x0000031c   Code   RO         1061    i.HAL_RCC_OscConfig  stm32f4xx_hal_rcc.o
    0x08001da0   0x08001da0   0x00000042   Code   RO         2944    i.HAL_SDRAM_Init    stm32f4xx_hal_sdram.o
    0x08001de2   0x08001de2   0x00000002   PAD
    0x08001de4   0x08001de4   0x000000dc   Code   RO         4331    i.HAL_SDRAM_MspInit  sdram.o
    0x08001ec0   0x08001ec0   0x00000022   Code   RO         2947    i.HAL_SDRAM_ProgramRefreshRate  stm32f4xx_hal_sdram.o
    0x08001ee2   0x08001ee2   0x0000002e   Code   RO         2953    i.HAL_SDRAM_SendCommand  stm32f4xx_hal_sdram.o
    0x08001f10   0x08001f10   0x00000056   Code   RO         2822    i.HAL_SRAM_Init     stm32f4xx_hal_sram.o
    0x08001f66   0x08001f66   0x00000002   PAD
    0x08001f68   0x08001f68   0x00000078   Code   RO         4110    i.HAL_SRAM_MspInit  lcd.o
    0x08001fe0   0x08001fe0   0x00000018   Code   RO          679    i.HAL_SYSTICK_CLKSourceConfig  stm32f4xx_hal_cortex.o
    0x08001ff8   0x08001ff8   0x00000028   Code   RO          681    i.HAL_SYSTICK_Config  stm32f4xx_hal_cortex.o
    0x08002020   0x08002020   0x00000036   Code   RO         1770    i.HAL_TIM_Base_Init  stm32f4xx_hal_tim.o
    0x08002056   0x08002056   0x00000002   Code   RO         1772    i.HAL_TIM_Base_MspInit  stm32f4xx_hal_tim.o
    0x08002058   0x08002058   0x0000001a   Code   RO         1773    i.HAL_TIM_Base_Start  stm32f4xx_hal_tim.o
    0x08002072   0x08002072   0x00000018   Code   RO         1775    i.HAL_TIM_Base_Start_IT  stm32f4xx_hal_tim.o
    0x0800208a   0x0800208a   0x00000002   Code   RO         1201    i.HAL_UART_ErrorCallback  stm32f4xx_hal_uart.o
    0x0800208c   0x0800208c   0x000000f4   Code   RO         1204    i.HAL_UART_IRQHandler  stm32f4xx_hal_uart.o
    0x08002180   0x08002180   0x0000005e   Code   RO         1205    i.HAL_UART_Init     stm32f4xx_hal_uart.o
    0x080021de   0x080021de   0x00000002   PAD
    0x080021e0   0x080021e0   0x00000094   Code   RO         3994    i.HAL_UART_MspInit  usart.o
    0x08002274   0x08002274   0x000000ca   Code   RO         1208    i.HAL_UART_Receive  stm32f4xx_hal_uart.o
    0x0800233e   0x0800233e   0x00000002   Code   RO         1211    i.HAL_UART_RxCpltCallback  stm32f4xx_hal_uart.o
    0x08002340   0x08002340   0x00000002   Code   RO         1216    i.HAL_UART_TxCpltCallback  stm32f4xx_hal_uart.o
    0x08002342   0x08002342   0x00000002   Code   RO          290    i.HardFault_Handler  stm32f4xx_it.o
    0x08002344   0x08002344   0x00000080   Code   RO         4079    i.KEY_Init          key.o
    0x080023c4   0x080023c4   0x000000d8   Code   RO         4080    i.KEY_Scan          key.o
    0x0800249c   0x0800249c   0x00000048   Code   RO         4112    i.LCD_Clear         lcd.o
    0x080024e4   0x080024e4   0x00000108   Code   RO         4116    i.LCD_Display_Dir   lcd.o
    0x080025ec   0x080025ec   0x000000e4   Code   RO         4121    i.LCD_Fast_DrawPoint  lcd.o
    0x080026d0   0x080026d0   0x00002b1c   Code   RO         4123    i.LCD_Init          lcd.o
    0x080051ec   0x080051ec   0x00000010   Code   RO         4124    i.LCD_Pow           lcd.o
    0x080051fc   0x080051fc   0x00000014   Code   RO         4125    i.LCD_RD_DATA       lcd.o
    0x08005210   0x08005210   0x00000050   Code   RO         4128    i.LCD_SSD_BackLightSet  lcd.o
    0x08005260   0x08005260   0x000001a4   Code   RO         4129    i.LCD_Scan_Dir      lcd.o
    0x08005404   0x08005404   0x000000f0   Code   RO         4130    i.LCD_SetCursor     lcd.o
    0x080054f4   0x080054f4   0x000000dc   Code   RO         4132    i.LCD_ShowChar      lcd.o
    0x080055d0   0x080055d0   0x00000054   Code   RO         4134    i.LCD_ShowString    lcd.o
    0x08005624   0x08005624   0x00000086   Code   RO         4135    i.LCD_ShowxNum      lcd.o
    0x080056aa   0x080056aa   0x00000002   PAD
    0x080056ac   0x080056ac   0x00000018   Code   RO         4136    i.LCD_WR_DATA       lcd.o
    0x080056c4   0x080056c4   0x00000018   Code   RO         4137    i.LCD_WR_REG        lcd.o
    0x080056dc   0x080056dc   0x00000014   Code   RO         4139    i.LCD_WriteRAM_Prepare  lcd.o
    0x080056f0   0x080056f0   0x00000010   Code   RO         4140    i.LCD_WriteReg      lcd.o
    0x08005700   0x08005700   0x0000004c   Code   RO         4055    i.LED_Init          led.o
    0x0800574c   0x0800574c   0x00000020   Code   RO         4390    i.LTDC_Clear        ltdc.o
    0x0800576c   0x0800576c   0x0000001e   Code   RO         4391    i.LTDC_Clk_Set      ltdc.o
    0x0800578a   0x0800578a   0x00000002   PAD
    0x0800578c   0x0800578c   0x00000028   Code   RO         4393    i.LTDC_Display_Dir  ltdc.o
    0x080057b4   0x080057b4   0x0000003c   Code   RO         4394    i.LTDC_Draw_Point   ltdc.o
    0x080057f0   0x080057f0   0x000000b4   Code   RO         4395    i.LTDC_Fill         ltdc.o
    0x080058a4   0x080058a4   0x00000208   Code   RO         4396    i.LTDC_Init         ltdc.o
    0x08005aac   0x08005aac   0x0000005c   Code   RO         4397    i.LTDC_Layer_Parameter_Config  ltdc.o
    0x08005b08   0x08005b08   0x00000024   Code   RO         4399    i.LTDC_Layer_Window_Config  ltdc.o
    0x08005b2c   0x08005b2c   0x000000b8   Code   RO         4400    i.LTDC_PanelID_Read  ltdc.o
    0x08005be4   0x08005be4   0x00000162   Code   RO         3119    i.LTDC_SetConfig    stm32f4xx_hal_ltdc.o
    0x08005d46   0x08005d46   0x00000002   PAD
    0x08005d48   0x08005d48   0x00000038   Code   RO         4507    i.MY_ADC_Init       adc.o
    0x08005d80   0x08005d80   0x00000002   Code   RO          291    i.MemManage_Handler  stm32f4xx_it.o
    0x08005d82   0x08005d82   0x00000002   Code   RO          292    i.NMI_Handler       stm32f4xx_it.o
    0x08005d84   0x08005d84   0x00000020   Code   RO          683    i.NVIC_SetPriority  stm32f4xx_hal_cortex.o
    0x08005da4   0x08005da4   0x00000002   Code   RO          293    i.PendSV_Handler    stm32f4xx_it.o
    0x08005da6   0x08005da6   0x00000002   PAD
    0x08005da8   0x08005da8   0x00000060   Code   RO         4332    i.SDRAM_Init        sdram.o
    0x08005e08   0x08005e08   0x00000050   Code   RO         4333    i.SDRAM_Initialization_Sequence  sdram.o
    0x08005e58   0x08005e58   0x00000034   Code   RO         4334    i.SDRAM_Send_Cmd    sdram.o
    0x08005e8c   0x08005e8c   0x00000002   Code   RO          294    i.SVC_Handler       stm32f4xx_it.o
    0x08005e8e   0x08005e8e   0x00000002   PAD
    0x08005e90   0x08005e90   0x00000084   Code   RO         3967    i.Stm32_Clock_Init  sys.o
    0x08005f14   0x08005f14   0x00000004   Code   RO          295    i.SysTick_Handler   stm32f4xx_it.o
    0x08005f18   0x08005f18   0x00000054   Code   RO          367    i.SystemInit        system_stm32f4xx.o
    0x08005f6c   0x08005f6c   0x00000034   Code   RO         4614    i.TIM4_IRQHandler   usmart.o
    0x08005fa0   0x08005fa0   0x000000c0   Code   RO         1854    i.TIM_Base_SetConfig  stm32f4xx_hal_tim.o
    0x08006060   0x08006060   0x00000054   Code   RO         4615    i.Timer4_Init       usmart.o
    0x080060b4   0x080060b4   0x000000a6   Code   RO         1223    i.UART_Receive_IT   stm32f4xx_hal_uart.o
    0x0800615a   0x0800615a   0x00000002   PAD
    0x0800615c   0x0800615c   0x00000174   Code   RO         1224    i.UART_SetConfig    stm32f4xx_hal_uart.o
    0x080062d0   0x080062d0   0x00000066   Code   RO         1225    i.UART_Transmit_IT  stm32f4xx_hal_uart.o
    0x08006336   0x08006336   0x00000092   Code   RO         1226    i.UART_WaitOnFlagUntilTimeout  stm32f4xx_hal_uart.o
    0x080063c8   0x080063c8   0x0000006c   Code   RO         3995    i.USART1_IRQHandler  usart.o
    0x08006434   0x08006434   0x00000002   Code   RO          296    i.UsageFault_Handler  stm32f4xx_it.o
    0x08006436   0x08006436   0x00000002   PAD
    0x08006438   0x08006438   0x000000a4   Code   RO         4558    i.WaveTable_Init    dac.o
    0x080064dc   0x080064dc   0x00000030   Code   RO         4995    i.__ARM_fpclassify  m_wm.l(fpclassify.o)
    0x0800650c   0x0800650c   0x00000004   PAD
    0x08006510   0x08006510   0x000000c8   Code   RO         4902    i.__hardfp_sin      m_wm.l(sin.o)
    0x080065d8   0x080065d8   0x00000438   Code   RO         4952    i.__ieee754_rem_pio2  m_wm.l(rred.o)
    0x08006a10   0x08006a10   0x00000170   Code   RO         4935    i.__kernel_cos      m_wm.l(cos_i.o)
    0x08006b80   0x08006b80   0x000000f8   Code   RO         4997    i.__kernel_poly     m_wm.l(poly.o)
    0x08006c78   0x08006c78   0x00000130   Code   RO         4957    i.__kernel_sin      m_wm.l(sin_i.o)
    0x08006da8   0x08006da8   0x00000014   Code   RO         4939    i.__mathlib_dbl_infnan  m_wm.l(dunder.o)
    0x08006dbc   0x08006dbc   0x00000004   PAD
    0x08006dc0   0x08006dc0   0x00000020   Code   RO         4941    i.__mathlib_dbl_invalid  m_wm.l(dunder.o)
    0x08006de0   0x08006de0   0x00000020   Code   RO         4944    i.__mathlib_dbl_underflow  m_wm.l(dunder.o)
    0x08006e00   0x08006e00   0x0000000e   Code   RO         4852    i._is_digit         c_w.l(__printf_wp.o)
    0x08006e0e   0x08006e0e   0x00000002   Code   RO         3996    i._sys_exit         usart.o
    0x08006e10   0x08006e10   0x00000014   Code   RO         3928    i.delay_init        delay.o
    0x08006e24   0x08006e24   0x0000001a   Code   RO         3929    i.delay_ms          delay.o
    0x08006e3e   0x08006e3e   0x00000002   PAD
    0x08006e40   0x08006e40   0x00000034   Code   RO         3930    i.delay_us          delay.o
    0x08006e74   0x08006e74   0x00000018   Code   RO         4991    i.fabs              m_wm.l(fabs.o)
    0x08006e8c   0x08006e8c   0x00000014   Code   RO         3997    i.fputc             usart.o
    0x08006ea0   0x08006ea0   0x00000348   Code   RO            4    i.main              main.o
    0x080071e8   0x080071e8   0x00000004   Code   RO         4616    i.read_addr         usmart.o
    0x080071ec   0x080071ec   0x00000024   Code   RO         3998    i.uart_init         usart.o
    0x08007210   0x08007210   0x00000094   Code   RO         4617    i.usmart_cmd_rec    usmart.o
    0x080072a4   0x080072a4   0x00000260   Code   RO         4618    i.usmart_exe        usmart.o
    0x08007504   0x08007504   0x0000009c   Code   RO         4703    i.usmart_get_aparm  usmart_str.o
    0x080075a0   0x080075a0   0x0000002e   Code   RO         4704    i.usmart_get_cmdname  usmart_str.o
    0x080075ce   0x080075ce   0x00000002   PAD
    0x080075d0   0x080075d0   0x00000168   Code   RO         4705    i.usmart_get_fname  usmart_str.o
    0x08007738   0x08007738   0x000000d0   Code   RO         4706    i.usmart_get_fparam  usmart_str.o
    0x08007808   0x08007808   0x00000024   Code   RO         4707    i.usmart_get_parmpos  usmart_str.o
    0x0800782c   0x0800782c   0x00000030   Code   RO         4619    i.usmart_get_runtime  usmart.o
    0x0800785c   0x0800785c   0x00000028   Code   RO         4620    i.usmart_init       usmart.o
    0x08007884   0x08007884   0x00000010   Code   RO         4708    i.usmart_pow        usmart_str.o
    0x08007894   0x08007894   0x00000028   Code   RO         4621    i.usmart_reset_runtime  usmart.o
    0x080078bc   0x080078bc   0x000000a4   Code   RO         4622    i.usmart_scan       usmart.o
    0x08007960   0x08007960   0x00000010   Code   RO         4709    i.usmart_search_nextc  usmart_str.o
    0x08007970   0x08007970   0x000000a0   Code   RO         4710    i.usmart_str2num    usmart_str.o
    0x08007a10   0x08007a10   0x00000018   Code   RO         4711    i.usmart_strcmp     usmart_str.o
    0x08007a28   0x08007a28   0x00000012   Code   RO         4712    i.usmart_strcopy    usmart_str.o
    0x08007a3a   0x08007a3a   0x00000012   Code   RO         4713    i.usmart_strlen     usmart_str.o
    0x08007a4c   0x08007a4c   0x00000680   Code   RO         4623    i.usmart_sys_cmd_exe  usmart.o
    0x080080cc   0x080080cc   0x00000004   Code   RO         4624    i.write_addr        usmart.o
    0x080080d0   0x080080d0   0x00000018   Code   RO         4926    x$fpl$basic         fz_wm.l(basic.o)
    0x080080e8   0x080080e8   0x00000150   Code   RO         4874    x$fpl$dadd          fz_wm.l(daddsub_clz.o)
    0x08008238   0x08008238   0x000002b0   Code   RO         4881    x$fpl$ddiv          fz_wm.l(ddiv.o)
    0x080084e8   0x080084e8   0x0000005e   Code   RO         4884    x$fpl$dfix          fz_wm.l(dfix.o)
    0x08008546   0x08008546   0x00000002   PAD
    0x08008548   0x08008548   0x0000005a   Code   RO         4888    x$fpl$dfixu         fz_wm.l(dfixu.o)
    0x080085a2   0x080085a2   0x0000002e   Code   RO         4893    x$fpl$dflt          fz_wm.l(dflt_clz.o)
    0x080085d0   0x080085d0   0x00000026   Code   RO         4892    x$fpl$dfltu         fz_wm.l(dflt_clz.o)
    0x080085f6   0x080085f6   0x00000002   PAD
    0x080085f8   0x080085f8   0x00000154   Code   RO         4898    x$fpl$dmul          fz_wm.l(dmul.o)
    0x0800874c   0x0800874c   0x0000009c   Code   RO         4928    x$fpl$dnaninf       fz_wm.l(dnaninf.o)
    0x080087e8   0x080087e8   0x0000000c   Code   RO         4930    x$fpl$dretinf       fz_wm.l(dretinf.o)
    0x080087f4   0x080087f4   0x00000016   Code   RO         4875    x$fpl$drsb          fz_wm.l(daddsub_clz.o)
    0x0800880a   0x0800880a   0x00000002   PAD
    0x0800880c   0x0800880c   0x000001d4   Code   RO         4876    x$fpl$dsub          fz_wm.l(daddsub_clz.o)
    0x080089e0   0x080089e0   0x0000000a   Code   RO         5070    x$fpl$fpinit        fz_wm.l(fpinit.o)
    0x080089ea   0x080089ea   0x00000000   Code   RO         4934    x$fpl$usenofp       fz_wm.l(usenofp.o)
    0x080089ea   0x080089ea   0x00000010   Data   RO         1062    .constdata          stm32f4xx_hal_rcc.o
    0x080089fa   0x080089fa   0x00004740   Data   RO         4143    .constdata          lcd.o
    0x0800d13a   0x0800d13a   0x00000028   Data   RO         4825    .constdata          c_w.l(_printf_hex_int.o)
    0x0800d162   0x0800d162   0x00000011   Data   RO         4860    .constdata          c_w.l(__printf_flags_ss_wp.o)
    0x0800d173   0x0800d173   0x00000005   PAD
    0x0800d178   0x0800d178   0x00000030   Data   RO         4936    .constdata          m_wm.l(cos_i.o)
    0x0800d1a8   0x0800d1a8   0x000000c8   Data   RO         4954    .constdata          m_wm.l(rred.o)
    0x0800d270   0x0800d270   0x00000028   Data   RO         4958    .constdata          m_wm.l(sin_i.o)
    0x0800d298   0x0800d298   0x00000028   Data   RO         4626    .conststring        usmart.o
    0x0800d2c0   0x0800d2c0   0x00000058   Data   RO         4782    .conststring        usmart_config.o
    0x0800d318   0x0800d318   0x00000020   Data   RO         5136    Region$$Table       anon$$obj.o


    Execution Region RW_IRAM1 (Exec base: 0x20000000, Load base: 0x0800d338, Size: 0x00000ef8, Max: 0x00030000, ABSOLUTE, COMPRESSED[0x00000058])

    Exec Addr    Load Addr    Size         Type   Attr      Idx    E Section Name        Object

    0x20000000   COMPRESSED   0x00000014   Data   RW          368    .data               system_stm32f4xx.o
    0x20000014   COMPRESSED   0x00000004   Data   RW          532    .data               stm32f4xx_hal.o
    0x20000018   COMPRESSED   0x00000004   Data   RW         3931    .data               delay.o
    0x2000001c   COMPRESSED   0x00000002   Data   RW         4000    .data               usart.o
    0x2000001e   COMPRESSED   0x00000002   PAD
    0x20000020   COMPRESSED   0x00000004   Data   RW         4001    .data               usart.o
    0x20000024   COMPRESSED   0x00000001   Data   RW         4081    .data               key.o
    0x20000025   COMPRESSED   0x00000003   PAD
    0x20000028   COMPRESSED   0x00000008   Data   RW         4144    .data               lcd.o
    0x20000030   COMPRESSED   0x00000008   Data   RW         4407    .data               ltdc.o
    0x20000038   COMPRESSED   0x00000002   Data   RW         4560    .data               dac.o
    0x2000003a   COMPRESSED   0x00000002   PAD
    0x2000003c   COMPRESSED   0x0000001c   Data   RW         4627    .data               usmart.o
    0x20000058   COMPRESSED   0x00000018   Data   RW         4783    .data               usmart_config.o
    0x20000070   COMPRESSED   0x000000f4   Data   RW         4784    .data               usmart_config.o
    0x20000164        -       0x0000003c   Zero   RW            5    .bss                main.o
    0x200001a0        -       0x00000108   Zero   RW         3999    .bss                usart.o
    0x200002a8        -       0x0000005e   Zero   RW         4142    .bss                lcd.o
    0x20000306   COMPRESSED   0x00000002   PAD
    0x20000308        -       0x00000034   Zero   RW         4335    .bss                sdram.o
    0x2000033c        -       0x000000c8   Zero   RW         4405    .bss                ltdc.o
    0x20000404        -       0x00000044   Zero   RW         4508    .bss                adc.o
    0x20000448        -       0x00000414   Zero   RW         4559    .bss                dac.o
    0x2000085c        -       0x0000003c   Zero   RW         4625    .bss                usmart.o
    0x20000898        -       0x00000060   Zero   RW         5000    .bss                c_w.l(libspace.o)
    0x200008f8        -       0x00000200   Zero   RW          500    HEAP                startup_stm32f429xx.o
    0x20000af8        -       0x00000400   Zero   RW          499    STACK               startup_stm32f429xx.o



  Load Region LR$$.ARM.__AT_0xC0000000 (Base: 0xc0000000, Size: 0x00000000, Max: 0x001f4000, ABSOLUTE)

    Execution Region ER$$.ARM.__AT_0xC0000000 (Exec base: 0xc0000000, Load base: 0xc0000000, Size: 0x001f4000, Max: 0x001f4000, ABSOLUTE, UNINIT)

    Exec Addr    Load Addr    Size         Type   Attr      Idx    E Section Name        Object

    0xc0000000        -       0x001f4000   Zero   RW         4404    .ARM.__AT_0xC0000000  ltdc.o


==============================================================================

Image component sizes


      Code (inc. data)   RO Data    RW Data    ZI Data      Debug   Object Name

       132         22          0          0         68       1885   adc.o
       528        108          0          2       1044       4034   dac.o
        98          8          0          4          0       2003   delay.o
       344         34          0          1          0       1806   key.o
     13018        172      18240          8         94      21660   lcd.o
        76          8          0          0          0        891   led.o
      1418        118          0          8    2048200       9604   ltdc.o
       840        260          0          0         60     450107   main.o
       448         46          0          0         52       3494   sdram.o
        64         26        428          0       1536        836   startup_stm32f429xx.o
       122         16          0          4          0       4236   stm32f4xx_hal.o
       366          8          0          0          0       1835   stm32f4xx_hal_adc.o
       218         14          0          0          0      30989   stm32f4xx_hal_cortex.o
       240          0          0          0          0       3642   stm32f4xx_hal_dac.o
       496         54          0          0          0       3359   stm32f4xx_hal_gpio.o
       856          4          0          0          0       4825   stm32f4xx_hal_ltdc.o
       136         14          0          0          0       1328   stm32f4xx_hal_pwr_ex.o
      1572         72         16          0          0       6467   stm32f4xx_hal_rcc.o
       680         36          0          0          0       1700   stm32f4xx_hal_rcc_ex.o
       146          0          0          0          0       2776   stm32f4xx_hal_sdram.o
        86          0          0          0          0       1244   stm32f4xx_hal_sram.o
       298         44          0          0          0       4653   stm32f4xx_hal_tim.o
      1332          8          0          0          0       8810   stm32f4xx_hal_uart.o
        20          0          0          0          0       4114   stm32f4xx_it.o
       560         20          0          0          0       6092   stm32f4xx_ll_fmc.o
       132         10          0          0          0       1167   sys.o
        84         18          0         20          0       1081   system_stm32f4xx.o
       314         36          0          6        264       4907   usart.o
      2856       1354         40         28         60       8163   usmart.o
         0          0         88        268          0       1568   usmart_config.o
      1058         20          0          0          0       9539   usmart_str.o

    ----------------------------------------------------------------------
     28574       2530      18844        356    2051380     608815   Object Totals
         0          0         32          0          0          0   (incl. Generated)
        36          0          0          7          2          0   (incl. Padding)

    ----------------------------------------------------------------------

      Code (inc. data)   RO Data    RW Data    ZI Data      Debug   Library Member Name

        90          0          0          0          0          0   __dczerorl2.o
         8          0          0          0          0         68   __main.o
       392          4         17          0          0         92   __printf_flags_ss_wp.o
        14          0          0          0          0         68   __printf_wp.o
         0          0          0          0          0          0   __rtentry.o
        12          0          0          0          0          0   __rtentry2.o
         6          0          0          0          0          0   __rtentry4.o
        52          8          0          0          0          0   __scatter.o
        28          0          0          0          0          0   __scatter_zi.o
         6          0          0          0          0          0   _printf_c.o
        44          0          0          0          0        108   _printf_char.o
        48          6          0          0          0         96   _printf_char_common.o
        36          4          0          0          0         80   _printf_char_file.o
         6          0          0          0          0          0   _printf_d.o
       120         16          0          0          0         92   _printf_dec.o
        88          4         40          0          0         88   _printf_hex_int.o
       178          0          0          0          0         88   _printf_intcommon.o
        78          0          0          0          0        108   _printf_pad.o
         0          0          0          0          0          0   _printf_percent.o
         4          0          0          0          0          0   _printf_percent_end.o
         6          0          0          0          0          0   _printf_s.o
        82          0          0          0          0         80   _printf_str.o
         6          0          0          0          0          0   _printf_u.o
         6          0          0          0          0          0   _printf_x.o
        22          0          0          0          0        100   _rserrno.o
        18          0          0          0          0         80   exit.o
         8          0          0          0          0         68   ferror.o
         6          0          0          0          0        152   heapauxi.o
         2          0          0          0          0          0   libinit.o
         6          0          0          0          0          0   libinit2.o
         2          0          0          0          0          0   libshutdown.o
         2          0          0          0          0          0   libshutdown2.o
         8          4          0          0         96         68   libspace.o
        24          4          0          0          0         84   noretval__2printf.o
         8          4          0          0          0         68   rt_errno_addr_intlibspace.o
       100          0          0          0          0         80   rt_memcpy_w.o
         2          0          0          0          0          0   rtexit.o
        10          0          0          0          0          0   rtexit2.o
        74          0          0          0          0         80   sys_stackheap_outer.o
         2          0          0          0          0         68   use_no_semi.o
         2          0          0          0          0         68   use_no_semi_2.o
        24          0          0          0          0        164   basic.o
       826         16          0          0          0        492   daddsub_clz.o
       688        140          0          0          0        256   ddiv.o
        94          4          0          0          0        140   dfix.o
        90          4          0          0          0        140   dfixu.o
        84          0          0          0          0        232   dflt_clz.o
       340         12          0          0          0        152   dmul.o
       156          4          0          0          0        140   dnaninf.o
        12          0          0          0          0        116   dretinf.o
        10          0          0          0          0        116   fpinit.o
         0          0          0          0          0          0   usenofp.o
       368         46         48          0          0        200   cos_i.o
        84         16          0          0          0        372   dunder.o
        24          0          0          0          0        124   fabs.o
        48          0          0          0          0        124   fpclassify.o
       248          0          0          0          0        152   poly.o
      1080        142        200          0          0        188   rred.o
       200         20          0          0          0        164   sin.o
       304         24         40          0          0        208   sin_i.o

    ----------------------------------------------------------------------
      6304        482        350          0         96       5364   Library Totals
        18          0          5          0          0          0   (incl. Padding)

    ----------------------------------------------------------------------

      Code (inc. data)   RO Data    RW Data    ZI Data      Debug   Library Name

      1606         54         57          0         96       1884   c_w.l
      2324        180          0          0          0       1948   fz_wm.l
      2356        248        288          0          0       1532   m_wm.l

    ----------------------------------------------------------------------
      6304        482        350          0         96       5364   Library Totals

    ----------------------------------------------------------------------

==============================================================================


      Code (inc. data)   RO Data    RW Data    ZI Data      Debug   

     34878       3012      19194        356    2051476     597743   Grand Totals
     34878       3012      19194         88    2051476     597743   ELF Image Totals (compressed)
     34878       3012      19194         88          0          0   ROM Totals

==============================================================================

    Total RO  Size (Code + RO Data)                54072 (  52.80kB)
    Total RW  Size (RW Data + ZI Data)           2051832 (2003.74kB)
    Total ROM Size (Code + RO Data + RW Data)      54160 (  52.89kB)

==============================================================================

